Archive member included to satisfy reference by file (symbol)

d:/3.tools/arm_gcc_toolchain/bin/../lib/gcc/arm-none-eabi/10.3.1/../../../../arm-none-eabi/lib/thumb/v6-m/nofp\libc_nano.a(lib_a-exit.o)
                              d:/3.tools/arm_gcc_toolchain/bin/../lib/gcc/arm-none-eabi/10.3.1/../../../../arm-none-eabi/lib/thumb/v6-m/nofp/crt0.o (exit)
d:/3.tools/arm_gcc_toolchain/bin/../lib/gcc/arm-none-eabi/10.3.1/../../../../arm-none-eabi/lib/thumb/v6-m/nofp\libc_nano.a(lib_a-impure.o)
                              d:/3.tools/arm_gcc_toolchain/bin/../lib/gcc/arm-none-eabi/10.3.1/../../../../arm-none-eabi/lib/thumb/v6-m/nofp\libc_nano.a(lib_a-exit.o) (_global_impure_ptr)
d:/3.tools/arm_gcc_toolchain/bin/../lib/gcc/arm-none-eabi/10.3.1/../../../../arm-none-eabi/lib/thumb/v6-m/nofp\libc_nano.a(lib_a-init.o)
                              d:/3.tools/arm_gcc_toolchain/bin/../lib/gcc/arm-none-eabi/10.3.1/../../../../arm-none-eabi/lib/thumb/v6-m/nofp/crt0.o (__libc_init_array)
d:/3.tools/arm_gcc_toolchain/bin/../lib/gcc/arm-none-eabi/10.3.1/../../../../arm-none-eabi/lib/thumb/v6-m/nofp\libc_nano.a(lib_a-memset.o)
                              d:/3.tools/arm_gcc_toolchain/bin/../lib/gcc/arm-none-eabi/10.3.1/../../../../arm-none-eabi/lib/thumb/v6-m/nofp/crt0.o (memset)
d:/3.tools/arm_gcc_toolchain/bin/../lib/gcc/arm-none-eabi/10.3.1/../../../../arm-none-eabi/lib/thumb/v6-m/nofp\libnosys.a(_exit.o)
                              d:/3.tools/arm_gcc_toolchain/bin/../lib/gcc/arm-none-eabi/10.3.1/../../../../arm-none-eabi/lib/thumb/v6-m/nofp\libc_nano.a(lib_a-exit.o) (_exit)
d:/3.tools/arm_gcc_toolchain/bin/../lib/gcc/arm-none-eabi/10.3.1/thumb/v6-m/nofp\libgcc.a(_udivsi3.o)
                              build/stm32f0xx_hal_adc.o (__aeabi_uidiv)
d:/3.tools/arm_gcc_toolchain/bin/../lib/gcc/arm-none-eabi/10.3.1/thumb/v6-m/nofp\libgcc.a(_dvmd_tls.o)
                              d:/3.tools/arm_gcc_toolchain/bin/../lib/gcc/arm-none-eabi/10.3.1/thumb/v6-m/nofp\libgcc.a(_udivsi3.o) (__aeabi_idiv0)
d:/3.tools/arm_gcc_toolchain/bin/../lib/gcc/arm-none-eabi/10.3.1/thumb/v6-m/nofp\libgcc.a(mulsf3.o)
                              build/as5048.o (__aeabi_fmul)
d:/3.tools/arm_gcc_toolchain/bin/../lib/gcc/arm-none-eabi/10.3.1/thumb/v6-m/nofp\libgcc.a(subsf3.o)
                              build/as5048.o (__aeabi_fsub)
d:/3.tools/arm_gcc_toolchain/bin/../lib/gcc/arm-none-eabi/10.3.1/thumb/v6-m/nofp\libgcc.a(fixsfsi.o)
                              build/as5048.o (__aeabi_f2iz)
d:/3.tools/arm_gcc_toolchain/bin/../lib/gcc/arm-none-eabi/10.3.1/thumb/v6-m/nofp\libgcc.a(floatunsisf.o)
                              build/as5048.o (__aeabi_ui2f)
d:/3.tools/arm_gcc_toolchain/bin/../lib/gcc/arm-none-eabi/10.3.1/thumb/v6-m/nofp\libgcc.a(_clzsi2.o)
                              d:/3.tools/arm_gcc_toolchain/bin/../lib/gcc/arm-none-eabi/10.3.1/thumb/v6-m/nofp\libgcc.a(mulsf3.o) (__clzsi2)

Discarded input sections

 .text          0x00000000        0x0 d:/3.tools/arm_gcc_toolchain/bin/../lib/gcc/arm-none-eabi/10.3.1/thumb/v6-m/nofp/crti.o
 .data          0x00000000        0x0 d:/3.tools/arm_gcc_toolchain/bin/../lib/gcc/arm-none-eabi/10.3.1/thumb/v6-m/nofp/crti.o
 .bss           0x00000000        0x0 d:/3.tools/arm_gcc_toolchain/bin/../lib/gcc/arm-none-eabi/10.3.1/thumb/v6-m/nofp/crti.o
 .data          0x00000000        0x4 d:/3.tools/arm_gcc_toolchain/bin/../lib/gcc/arm-none-eabi/10.3.1/thumb/v6-m/nofp/crtbegin.o
 .rodata        0x00000000       0x24 d:/3.tools/arm_gcc_toolchain/bin/../lib/gcc/arm-none-eabi/10.3.1/thumb/v6-m/nofp/crtbegin.o
 .text          0x00000000       0x80 d:/3.tools/arm_gcc_toolchain/bin/../lib/gcc/arm-none-eabi/10.3.1/../../../../arm-none-eabi/lib/thumb/v6-m/nofp/crt0.o
 .data          0x00000000        0x0 d:/3.tools/arm_gcc_toolchain/bin/../lib/gcc/arm-none-eabi/10.3.1/../../../../arm-none-eabi/lib/thumb/v6-m/nofp/crt0.o
 .bss           0x00000000        0x0 d:/3.tools/arm_gcc_toolchain/bin/../lib/gcc/arm-none-eabi/10.3.1/../../../../arm-none-eabi/lib/thumb/v6-m/nofp/crt0.o
 .ARM.extab     0x00000000        0x0 d:/3.tools/arm_gcc_toolchain/bin/../lib/gcc/arm-none-eabi/10.3.1/../../../../arm-none-eabi/lib/thumb/v6-m/nofp/crt0.o
 .ARM.exidx     0x00000000       0x10 d:/3.tools/arm_gcc_toolchain/bin/../lib/gcc/arm-none-eabi/10.3.1/../../../../arm-none-eabi/lib/thumb/v6-m/nofp/crt0.o
 .ARM.attributes
                0x00000000       0x1b d:/3.tools/arm_gcc_toolchain/bin/../lib/gcc/arm-none-eabi/10.3.1/../../../../arm-none-eabi/lib/thumb/v6-m/nofp/crt0.o
 .text          0x00000000        0x0 build/main.o
 .data          0x00000000        0x0 build/main.o
 .bss           0x00000000        0x0 build/main.o
 .text          0x00000000        0x0 build/stm32f0xx_it.o
 .data          0x00000000        0x0 build/stm32f0xx_it.o
 .bss           0x00000000        0x0 build/stm32f0xx_it.o
 .text          0x00000000        0x0 build/stm32f0xx_hal_msp.o
 .data          0x00000000        0x0 build/stm32f0xx_hal_msp.o
[...]
Memory Configuration

Name             Origin             Length             Attributes
RAM              0x20000000         0x00001000         xrw
FLASH            0x08000000         0x00008000         xr
*default*        0x00000000         0xffffffff

Linker script and memory map

LOAD d:/3.tools/arm_gcc_toolchain/bin/../lib/gcc/arm-none-eabi/10.3.1/thumb/v6-m/nofp/crti.o
LOAD d:/3.tools/arm_gcc_toolchain/bin/../lib/gcc/arm-none-eabi/10.3.1/thumb/v6-m/nofp/crtbegin.o
LOAD d:/3.tools/arm_gcc_toolchain/bin/../lib/gcc/arm-none-eabi/10.3.1/../../../../arm-none-eabi/lib/thumb/v6-m/nofp/crt0.o
LOAD build/main.o
LOAD build/stm32f0xx_it.o
LOAD build/stm32f0xx_hal_msp.o
LOAD build/os.o
LOAD build/as5048.o
LOAD build/stm32f0xx_hal_adc.o
LOAD build/stm32f0xx_hal_adc_ex.o
LOAD build/stm32f0xx_hal_rcc.o
LOAD build/stm32f0xx_hal_rcc_ex.o
LOAD build/stm32f0xx_hal.o
LOAD build/stm32f0xx_hal_i2c.o
LOAD build/stm32f0xx_hal_i2c_ex.o
LOAD build/stm32f0xx_hal_gpio.o
LOAD build/stm32f0xx_hal_dma.o
LOAD build/stm32f0xx_hal_cortex.o
LOAD build/stm32f0xx_hal_pwr.o
LOAD build/stm32f0xx_hal_pwr_ex.o
LOAD build/stm32f0xx_hal_flash.o
LOAD build/stm32f0xx_hal_flash_ex.o
LOAD build/stm32f0xx_hal_exti.o
LOAD build/stm32f0xx_hal_tim.o
LOAD build/stm32f0xx_hal_tim_ex.o
LOAD build/stm32f0xx_hal_uart.o
LOAD build/stm32f0xx_hal_uart_ex.o
LOAD build/system_stm32f0xx.o
LOAD build/stm32f0xx_hal_spi.o
LOAD build/stm32f0xx_hal_spi_ex.o
LOAD build/startup_stm32f031x6.o
LOAD d:/3.tools/arm_gcc_toolchain/bin/../lib/gcc/arm-none-eabi/10.3.1/../../../../arm-none-eabi/lib/thumb/v6-m/nofp\libc_nano.a
LOAD d:/3.tools/arm_gcc_toolchain/bin/../lib/gcc/arm-none-eabi/10.3.1/../../../../arm-none-eabi/lib/thumb/v6-m/nofp\libm.a
LOAD d:/3.tools/arm_gcc_toolchain/bin/../lib/gcc/arm-none-eabi/10.3.1/../../../../arm-none-eabi/lib/thumb/v6-m/nofp\libnosys.a
START GROUP
LOAD d:/3.tools/arm_gcc_toolchain/bin/../lib/gcc/arm-none-eabi/10.3.1/thumb/v6-m/nofp\libgcc.a
LOAD d:/3.tools/arm_gcc_toolchain/bin/../lib/gcc/arm-none-eabi/10.3.1/../../../../arm-none-eabi/lib/thumb/v6-m/nofp\libc_nano.a
END GROUP
START GROUP
LOAD d:/3.tools/arm_gcc_toolchain/bin/../lib/gcc/arm-none-eabi/10.3.1/thumb/v6-m/nofp\libgcc.a
LOAD d:/3.tools/arm_gcc_toolchain/bin/../lib/gcc/arm-none-eabi/10.3.1/../../../../arm-none-eabi/lib/thumb/v6-m/nofp\libc_nano.a
END GROUP
LOAD d:/3.tools/arm_gcc_toolchain/bin/../lib/gcc/arm-none-eabi/10.3.1/thumb/v6-m/nofp/crtend.o
LOAD d:/3.tools/arm_gcc_toolchain/bin/../lib/gcc/arm-none-eabi/10.3.1/thumb/v6-m/nofp/crtn.o
                0x20001000                _estack = 0x20001000
                0x00000200                _Min_Heap_Size = 0x200
                0x00000400                _Min_Stack_Size = 0x400

.isr_vector     0x08000000       0xc0
                0x08000000                . = ALIGN (0x4)
 *(.isr_vector)
 .isr_vector    0x08000000       0xc0 build/startup_stm32f031x6.o
                0x08000000                VectorTable
                0x080000c0                . = ALIGN (0x4)

.text           0x080000c0     0x36c4
                0x080000c0                . = ALIGN (0x4)
 *(.text)
 .text          0x080000c0       0x48 d:/3.tools/arm_gcc_toolchain/bin/../lib/gcc/arm-none-eabi/10.3.1/thumb/v6-m/nofp/crtbegin.o
 .text          0x08000108      0x114 d:/3.tools/arm_gcc_toolchain/bin/../lib/gcc/arm-none-eabi/10.3.1/thumb/v6-m/nofp\libgcc.a(_udivsi3.o)
                0x08000108                __aeabi_uidiv
                0x08000108                __udivsi3
                0x08000214                __aeabi_uidivmod
 .text          0x0800021c        0x4 d:/3.tools/arm_gcc_toolchain/bin/../lib/gcc/arm-none-eabi/10.3.1/thumb/v6-m/nofp\libgcc.a(_dvmd_tls.o)
                0x0800021c                __aeabi_idiv0
                0x0800021c                __aeabi_ldiv0
 .text          0x08000220      0x24c d:/3.tools/arm_gcc_toolchain/bin/../lib/gcc/arm-none-eabi/10.3.1/thumb/v6-m/nofp\libgcc.a(mulsf3.o)
                0x08000220                __aeabi_fmul
 .text          0x0800046c      0x35c d:/3.tools/arm_gcc_toolchain/bin/../lib/gcc/arm-none-eabi/10.3.1/thumb/v6-m/nofp\libgcc.a(subsf3.o)
                0x0800046c                __aeabi_fsub
 .text          0x080007c8       0x40 d:/3.tools/arm_gcc_toolchain/bin/../lib/gcc/arm-none-eabi/10.3.1/thumb/v6-m/nofp\libgcc.a(fixsfsi.o)
                0x080007c8                __aeabi_f2iz
 .text          0x08000808       0x84 d:/3.tools/arm_gcc_toolchain/bin/../lib/gcc/arm-none-eabi/10.3.1/thumb/v6-m/nofp\libgcc.a(floatunsisf.o)
                0x08000808                __aeabi_ui2f
 .text          0x0800088c       0x3c d:/3.tools/arm_gcc_toolchain/bin/../lib/gcc/arm-none-eabi/10.3.1/thumb/v6-m/nofp\libgcc.a(_clzsi2.o)
                0x0800088c                __clzsi2
 *(.text*)
 .text.MX_GPIO_Init
                0x080008c8       0x78 build/main.o
 .text.Error_Handler
                0x08000940        0x4 build/main.o
                0x08000940                Error_Handler
 .text.MX_ADC_Init
                0x08000944       0x9c build/main.o
 .text.MX_TIM1_Init
                0x080009e0       0xdc build/main.o
 .text.MX_TIM2_Init
                0x08000abc       0x98 build/main.o
 .text.MX_TIM3_Init
                0x08000b54       0x68 build/main.o
 .text.MX_TIM17_Init
                0x08000bbc       0x30 build/main.o
 .text.MX_USART1_UART_Init
                0x08000bec       0x38 build/main.o
 .text.MX_TIM14_Init
                0x08000c24       0x34 build/main.o
 .text.MX_TIM16_Init
                0x08000c58       0x34 build/main.o
 .text.MX_SPI1_Init
                0x08000c8c       0x4c build/main.o
 .text.SystemClock_Config
                0x08000cd8       0x82 build/main.o
                0x08000cd8                SystemClock_Config
 *fill*         0x08000d5a        0x2 
 .text.main     0x08000d5c       0x5c build/main.o
                0x08000d5c                main
 .text.HAL_TIM_PeriodElapsedCallback
                0x08000db8       0x3c build/stm32f0xx_it.o
                0x08000db8                HAL_TIM_PeriodElapsedCallback
 .text.HAL_MspInit
                0x08000df4       0x30 build/stm32f0xx_hal_msp.o
                0x08000df4                HAL_MspInit
 .text.HAL_ADC_MspInit
                0x08000e24       0x84 build/stm32f0xx_hal_msp.o
                0x08000e24                HAL_ADC_MspInit
 .text.HAL_SPI_MspInit
                0x08000ea8       0xa0 build/stm32f0xx_hal_msp.o
                0x08000ea8                HAL_SPI_MspInit
 .text.HAL_TIM_OC_MspInit
                0x08000f48       0x2c build/stm32f0xx_hal_msp.o
                0x08000f48                HAL_TIM_OC_MspInit
 .text.HAL_TIM_Base_MspInit
                0x08000f74       0xec build/stm32f0xx_hal_msp.o
                0x08000f74                HAL_TIM_Base_MspInit
 .text.HAL_TIM_Encoder_MspInit
                0x08001060       0x60 build/stm32f0xx_hal_msp.o
                0x08001060                HAL_TIM_Encoder_MspInit
 .text.HAL_TIM_MspPostInit
                0x080010c0       0x80 build/stm32f0xx_hal_msp.o
                0x080010c0                HAL_TIM_MspPostInit
 .text.HAL_UART_MspInit
                0x08001140       0x64 build/stm32f0xx_hal_msp.o
                0x08001140                HAL_UART_MspInit
 .text.Os_5ms_Task
                0x080011a4        0x2 build/os.o
 .text.Os_10ms_Task
                0x080011a6        0x2 build/os.o
 .text.Os_100ms_Task
                0x080011a8        0x2 build/os.o
 .text.Os_1ms_Task
                0x080011aa        0x8 build/os.o
 .text.Os_Init_Task
                0x080011b2        0x2 build/os.o
                0x080011b2                Os_Init_Task
 .text.Os_Time_Handler
                0x080011b4       0x10 build/os.o
                0x080011b4                Os_Time_Handler
 .text.Os_Get_Tick_100us
                0x080011c4        0xc build/os.o
                0x080011c4                Os_Get_Tick_100us
 .text.Os_Calc_Runtime_Start
                0x080011d0       0x38 build/os.o
 .text.Os_Calc_Runtime_Stop
                0x08001208       0x70 build/os.o
 .text.Os_Calc_Period
                0x08001278       0x70 build/os.o
 .text.Os_Handler
                0x080012e8       0x48 build/os.o
                0x080012e8                Os_Handler
 .text.Os_Handler_1ms
                0x08001330       0x54 build/os.o
                0x08001330                Os_Handler_1ms
 .text.Os_Handler_5ms
                0x08001384       0x34 build/os.o
                0x08001384                Os_Handler_5ms
 .text.Os_Handler_10ms
                0x080013b8       0x34 build/os.o
                0x080013b8                Os_Handler_10ms
 .text.AS5048_Calc_Signal
                0x080013ec       0x9c build/as5048.o
                0x080013ec                AS5048_Calc_Signal
 .text.HAL_ADC_Init
                0x08001488      0x184 build/stm32f0xx_hal_adc.o
                0x08001488                HAL_ADC_Init
 .text.HAL_ADC_ConfigChannel
                0x0800160c      0x14c build/stm32f0xx_hal_adc.o
                0x0800160c                HAL_ADC_ConfigChannel
 .text.HAL_RCC_OscConfig
                0x08001758      0x49c build/stm32f0xx_hal_rcc.o
                0x08001758                HAL_RCC_OscConfig
 .text.HAL_RCC_GetSysClockFreq
                0x08001bf4       0x70 build/stm32f0xx_hal_rcc.o
                0x08001bf4                HAL_RCC_GetSysClockFreq
 .text.HAL_RCC_ClockConfig
                0x08001c64      0x134 build/stm32f0xx_hal_rcc.o
                0x08001c64                HAL_RCC_ClockConfig
 .text.HAL_RCC_GetHCLKFreq
                0x08001d98        0xc build/stm32f0xx_hal_rcc.o
                0x08001d98                HAL_RCC_GetHCLKFreq
 .text.HAL_RCC_GetPCLK1Freq
                0x08001da4       0x20 build/stm32f0xx_hal_rcc.o
                0x08001da4                HAL_RCC_GetPCLK1Freq
 .text.HAL_RCCEx_PeriphCLKConfig
                0x08001dc4      0x11c build/stm32f0xx_hal_rcc_ex.o
                0x08001dc4                HAL_RCCEx_PeriphCLKConfig
 .text.HAL_InitTick
                0x08001ee0       0x50 build/stm32f0xx_hal.o
                0x08001ee0                HAL_InitTick
 .text.HAL_Init
                0x08001f30       0x20 build/stm32f0xx_hal.o
                0x08001f30                HAL_Init
 .text.HAL_IncTick
                0x08001f50       0x18 build/stm32f0xx_hal.o
                0x08001f50                HAL_IncTick
 .text.HAL_GetTick
                0x08001f68        0xc build/stm32f0xx_hal.o
                0x08001f68                HAL_GetTick
 .text.HAL_GPIO_Init
                0x08001f74      0x180 build/stm32f0xx_hal_gpio.o
                0x08001f74                HAL_GPIO_Init
 .text.HAL_GPIO_WritePin
                0x080020f4        0xc build/stm32f0xx_hal_gpio.o
                0x080020f4                HAL_GPIO_WritePin
 .text.HAL_NVIC_SetPriority
                0x08002100       0x60 build/stm32f0xx_hal_cortex.o
                0x08002100                HAL_NVIC_SetPriority
 .text.HAL_NVIC_EnableIRQ
                0x08002160       0x18 build/stm32f0xx_hal_cortex.o
                0x08002160                HAL_NVIC_EnableIRQ
 .text.HAL_SYSTICK_Config
                0x08002178       0x38 build/stm32f0xx_hal_cortex.o
                0x08002178                HAL_SYSTICK_Config
 .text.HAL_TIM_PeriodElapsedHalfCpltCallback
                0x080021b0        0x2 build/stm32f0xx_hal_tim.o
                0x080021b0                HAL_TIM_PeriodElapsedHalfCpltCallback
 .text.HAL_TIM_OC_DelayElapsedCallback
                0x080021b2        0x2 build/stm32f0xx_hal_tim.o
                0x080021b2                HAL_TIM_OC_DelayElapsedCallback
 .text.HAL_TIM_IC_CaptureCallback
                0x080021b4        0x2 build/stm32f0xx_hal_tim.o
                0x080021b4                HAL_TIM_IC_CaptureCallback
 .text.HAL_TIM_IC_CaptureHalfCpltCallback
                0x080021b6        0x2 build/stm32f0xx_hal_tim.o
                0x080021b6                HAL_TIM_IC_CaptureHalfCpltCallback
 .text.HAL_TIM_PWM_PulseFinishedCallback
                0x080021b8        0x2 build/stm32f0xx_hal_tim.o
                0x080021b8                HAL_TIM_PWM_PulseFinishedCallback
 .text.HAL_TIM_PWM_PulseFinishedHalfCpltCallback
                0x080021ba        0x2 build/stm32f0xx_hal_tim.o
                0x080021ba                HAL_TIM_PWM_PulseFinishedHalfCpltCallback
 .text.HAL_TIM_TriggerCallback
                0x080021bc        0x2 build/stm32f0xx_hal_tim.o
                0x080021bc                HAL_TIM_TriggerCallback
 .text.HAL_TIM_TriggerHalfCpltCallback
                0x080021be        0x2 build/stm32f0xx_hal_tim.o
                0x080021be                HAL_TIM_TriggerHalfCpltCallback
 .text.HAL_TIM_ErrorCallback
                0x080021c0        0x2 build/stm32f0xx_hal_tim.o
                0x080021c0                HAL_TIM_ErrorCallback
 *fill*         0x080021c2        0x2 
 .text.TIM_OC1_SetConfig
                0x080021c4       0x78 build/stm32f0xx_hal_tim.o
 .text.TIM_OC3_SetConfig
                0x0800223c       0x88 build/stm32f0xx_hal_tim.o
 .text.TIM_OC4_SetConfig
                0x080022c4       0x68 build/stm32f0xx_hal_tim.o
 .text.TIM_TI1_ConfigInputStage
                0x0800232c       0x22 build/stm32f0xx_hal_tim.o
 *fill*         0x0800234e        0x2 
 .text.TIM_TI2_ConfigInputStage
                0x08002350       0x28 build/stm32f0xx_hal_tim.o
 .text.TIM_ITRx_SetConfig
                0x08002378       0x10 build/stm32f0xx_hal_tim.o
 .text.HAL_TIM_Base_Start_IT
                0x08002388       0x60 build/stm32f0xx_hal_tim.o
                0x08002388                HAL_TIM_Base_Start_IT
 .text.HAL_TIM_IRQHandler
                0x080023e8      0x176 build/stm32f0xx_hal_tim.o
                0x080023e8                HAL_TIM_IRQHandler
 *fill*         0x0800255e        0x2 
 .text.TIM_Base_SetConfig
                0x08002560       0x94 build/stm32f0xx_hal_tim.o
                0x08002560                TIM_Base_SetConfig
 .text.TIM_OC2_SetConfig
                0x080025f4       0x80 build/stm32f0xx_hal_tim.o
                0x080025f4                TIM_OC2_SetConfig
 .text.HAL_TIM_OC_ConfigChannel
                0x08002674       0x5a build/stm32f0xx_hal_tim.o
                0x08002674                HAL_TIM_OC_ConfigChannel
 *fill*         0x080026ce        0x2 
 .text.TIM_TI1_SetConfig
                0x080026d0       0x54 build/stm32f0xx_hal_tim.o
                0x080026d0                TIM_TI1_SetConfig
 .text.TIM_ETR_SetConfig
                0x08002724       0x18 build/stm32f0xx_hal_tim.o
                0x08002724                TIM_ETR_SetConfig
 .text.HAL_TIM_ConfigClockSource
                0x0800273c      0x108 build/stm32f0xx_hal_tim.o
                0x0800273c                HAL_TIM_ConfigClockSource
 .text.TIM_ResetCallback
                0x08002844       0x84 build/stm32f0xx_hal_tim.o
                0x08002844                TIM_ResetCallback
 .text.HAL_TIM_Base_Init
                0x080028c8       0x70 build/stm32f0xx_hal_tim.o
                0x080028c8                HAL_TIM_Base_Init
 .text.HAL_TIM_OC_Init
                0x08002938       0x70 build/stm32f0xx_hal_tim.o
                0x08002938                HAL_TIM_OC_Init
 .text.HAL_TIM_Encoder_Init
                0x080029a8       0xd0 build/stm32f0xx_hal_tim.o
                0x080029a8                HAL_TIM_Encoder_Init
 .text.HAL_TIMEx_HallSensor_MspInit
                0x08002a78        0x2 build/stm32f0xx_hal_tim_ex.o
                0x08002a78                HAL_TIMEx_HallSensor_MspInit
 *fill*         0x08002a7a        0x2 
 .text.HAL_TIMEx_HallSensor_Init
                0x08002a7c       0xe8 build/stm32f0xx_hal_tim_ex.o
                0x08002a7c                HAL_TIMEx_HallSensor_Init
 .text.HAL_TIMEx_MasterConfigSynchronization
                0x08002b64       0x64 build/stm32f0xx_hal_tim_ex.o
                0x08002b64                HAL_TIMEx_MasterConfigSynchronization
 .text.HAL_TIMEx_ConfigBreakDeadTime
                0x08002bc8       0x6c build/stm32f0xx_hal_tim_ex.o
                0x08002bc8                HAL_TIMEx_ConfigBreakDeadTime
 .text.HAL_TIMEx_CommutCallback
                0x08002c34        0x2 build/stm32f0xx_hal_tim_ex.o
                0x08002c34                HAL_TIMEx_CommutCallback
 .text.HAL_TIMEx_CommutHalfCpltCallback
                0x08002c36        0x2 build/stm32f0xx_hal_tim_ex.o
                0x08002c36                HAL_TIMEx_CommutHalfCpltCallback
 .text.HAL_TIMEx_BreakCallback
                0x08002c38        0x2 build/stm32f0xx_hal_tim_ex.o
                0x08002c38                HAL_TIMEx_BreakCallback
 *fill*         0x08002c3a        0x2 
 .text.UART_SetConfig
                0x08002c3c      0x158 build/stm32f0xx_hal_uart.o
                0x08002c3c                UART_SetConfig
 .text.UART_AdvFeatureConfig
                0x08002d94       0xe0 build/stm32f0xx_hal_uart.o
                0x08002d94                UART_AdvFeatureConfig
 .text.UART_WaitOnFlagUntilTimeout
                0x08002e74       0xdc build/stm32f0xx_hal_uart.o
                0x08002e74                UART_WaitOnFlagUntilTimeout
 .text.UART_CheckIdleState
                0x08002f50       0x70 build/stm32f0xx_hal_uart.o
                0x08002f50                UART_CheckIdleState
 .text.HAL_UART_Init
                0x08002fc0       0x6c build/stm32f0xx_hal_uart.o
                0x08002fc0                HAL_UART_Init
 .text.SystemInit
                0x0800302c        0x2 build/system_stm32f0xx.o
                0x0800302c                SystemInit
 *fill*         0x0800302e        0x2 
 .text.SPI_WaitFlagStateUntilTimeout
                0x08003030       0xe8 build/stm32f0xx_hal_spi.o
 .text.SPI_WaitFifoStateUntilTimeout
                0x08003118      0x114 build/stm32f0xx_hal_spi.o
 .text.SPI_EndRxTxTransaction
                0x0800322c       0x68 build/stm32f0xx_hal_spi.o
 .text.HAL_SPI_Init
                0x08003294      0x104 build/stm32f0xx_hal_spi.o
                0x08003294                HAL_SPI_Init
 .text.HAL_SPI_TransmitReceive
                0x08003398      0x250 build/stm32f0xx_hal_spi.o
                0x08003398                HAL_SPI_TransmitReceive
 .text.Reset_Handler
                0x080035e8       0x44 build/startup_stm32f031x6.o
                0x080035e8                Reset_Handler
 .text.Default_Handler
                0x0800362c        0x2 build/startup_stm32f031x6.o
                0x0800362c                Default_Handler
 .text.NMI_Handler
                0x0800362e        0x6 build/startup_stm32f031x6.o
                0x0800362e                NMI_Handler
 .text.HardFault_Handler
                0x08003634        0x6 build/startup_stm32f031x6.o
                0x08003634                HardFault_Handler
 .text.SVC_Handler
                0x0800363a        0x6 build/startup_stm32f031x6.o
                0x0800363a                SVC_Handler
 .text.PendSV_Handler
                0x08003640        0x6 build/startup_stm32f031x6.o
                0x08003640                PendSV_Handler
 .text.WWDG_IRQHandler
                0x08003646        0x6 build/startup_stm32f031x6.o
                0x08003646                WWDG_IRQHandler
 .text.PVD_IRQHandler
                0x0800364c        0x6 build/startup_stm32f031x6.o
                0x0800364c                PVD_IRQHandler
 .text.RTC_IRQHandler
                0x08003652        0x6 build/startup_stm32f031x6.o
                0x08003652                RTC_IRQHandler
 .text.FLASH_IRQHandler
                0x08003658        0x6 build/startup_stm32f031x6.o
                0x08003658                FLASH_IRQHandler
 .text.RCC_IRQHandler
                0x0800365e        0x6 build/startup_stm32f031x6.o
                0x0800365e                RCC_IRQHandler
 .text.EXTI0_1_IRQHandler
                0x08003664        0x6 build/startup_stm32f031x6.o
                0x08003664                EXTI0_1_IRQHandler
 .text.EXTI2_3_IRQHandler
                0x0800366a        0x6 build/startup_stm32f031x6.o
                0x0800366a                EXTI2_3_IRQHandler
 .text.EXTI4_15_IRQHandler
                0x08003670        0x6 build/startup_stm32f031x6.o
                0x08003670                EXTI4_15_IRQHandler
 .text.DMA1_Channel1_IRQHandler
                0x08003676        0x6 build/startup_stm32f031x6.o
                0x08003676                DMA1_Channel1_IRQHandler
 .text.DMA1_Channel2_3_IRQHandler
                0x0800367c        0x6 build/startup_stm32f031x6.o
                0x0800367c                DMA1_Channel2_3_IRQHandler
 .text.DMA1_Channel4_5_IRQHandler
                0x08003682        0x6 build/startup_stm32f031x6.o
                0x08003682                DMA1_Channel4_5_IRQHandler
 .text.ADC1_IRQHandler
                0x08003688        0x6 build/startup_stm32f031x6.o
                0x08003688                ADC1_IRQHandler
 .text.TIM1_BRK_UP_TRG_COM_IRQHandler
                0x0800368e        0x6 build/startup_stm32f031x6.o
                0x0800368e                TIM1_BRK_UP_TRG_COM_IRQHandler
 .text.TIM1_CC_IRQHandler
                0x08003694        0x6 build/startup_stm32f031x6.o
                0x08003694                TIM1_CC_IRQHandler
 .text.TIM2_IRQHandler
                0x0800369a        0x6 build/startup_stm32f031x6.o
                0x0800369a                TIM2_IRQHandler
 .text.TIM3_IRQHandler
                0x080036a0        0x6 build/startup_stm32f031x6.o
                0x080036a0                TIM3_IRQHandler
 .text.I2C1_IRQHandler
                0x080036a6        0x6 build/startup_stm32f031x6.o
                0x080036a6                I2C1_IRQHandler
 .text.SPI1_IRQHandler
                0x080036ac        0x6 build/startup_stm32f031x6.o
                0x080036ac                SPI1_IRQHandler
 .text.USART1_IRQHandler
                0x080036b2        0x6 build/startup_stm32f031x6.o
                0x080036b2                USART1_IRQHandler
 .text.TIM14_Handler
                0x080036b8       0x10 build/startup_stm32f031x6.o
                0x080036b8                TIM14_Handler
 .text.TIM14_IRQHandler
                0x080036c8        0x8 build/startup_stm32f031x6.o
                0x080036c8                TIM14_IRQHandler
 .text.TIM16_Handler
                0x080036d0       0x10 build/startup_stm32f031x6.o
                0x080036d0                TIM16_Handler
 .text.TIM16_IRQHandler
                0x080036e0        0x8 build/startup_stm32f031x6.o
                0x080036e0                TIM16_IRQHandler
 .text.TIM17_Handler
                0x080036e8       0x10 build/startup_stm32f031x6.o
                0x080036e8                TIM17_Handler
 .text.TIM17_IRQHandler
                0x080036f8        0x8 build/startup_stm32f031x6.o
                0x080036f8                TIM17_IRQHandler
 .text.SystemTick_Handler
                0x08003700        0xc build/startup_stm32f031x6.o
                0x08003700                SystemTick_Handler
 .text.SysTick_Handler
                0x0800370c        0x8 build/startup_stm32f031x6.o
                0x0800370c                SysTick_Handler
 .text.__libc_init_array
                0x08003714       0x48 d:/3.tools/arm_gcc_toolchain/bin/../lib/gcc/arm-none-eabi/10.3.1/../../../../arm-none-eabi/lib/thumb/v6-m/nofp\libc_nano.a(lib_a-init.o)
                0x08003714                __libc_init_array
 .text.memset   0x0800375c       0x10 d:/3.tools/arm_gcc_toolchain/bin/../lib/gcc/arm-none-eabi/10.3.1/../../../../arm-none-eabi/lib/thumb/v6-m/nofp\libc_nano.a(lib_a-memset.o)
                0x0800375c                memset
 *(.glue_7)
 .glue_7        0x0800376c        0x0 linker stubs
 *(.glue_7t)
 .glue_7t       0x0800376c        0x0 linker stubs
 *(.eh_frame)
 .eh_frame      0x0800376c        0x0 d:/3.tools/arm_gcc_toolchain/bin/../lib/gcc/arm-none-eabi/10.3.1/thumb/v6-m/nofp/crtbegin.o
 *(.init)
 .init          0x0800376c        0x4 d:/3.tools/arm_gcc_toolchain/bin/../lib/gcc/arm-none-eabi/10.3.1/thumb/v6-m/nofp/crti.o
                0x0800376c                _init
 .init          0x08003770        0x8 d:/3.tools/arm_gcc_toolchain/bin/../lib/gcc/arm-none-eabi/10.3.1/thumb/v6-m/nofp/crtn.o
 *(.fini)
 .fini          0x08003778        0x4 d:/3.tools/arm_gcc_toolchain/bin/../lib/gcc/arm-none-eabi/10.3.1/thumb/v6-m/nofp/crti.o
                0x08003778                _fini
 .fini          0x0800377c        0x8 d:/3.tools/arm_gcc_toolchain/bin/../lib/gcc/arm-none-eabi/10.3.1/thumb/v6-m/nofp/crtn.o
                0x08003784                . = ALIGN (0x4)
                0x08003784                _etext = .

.vfp11_veneer   0x08003784        0x0
 .vfp11_veneer  0x08003784        0x0 linker stubs

.v4_bx          0x08003784        0x0
 .v4_bx         0x08003784        0x0 linker stubs

.iplt           0x08003784        0x0
 .iplt          0x08003784        0x0 d:/3.tools/arm_gcc_toolchain/bin/../lib/gcc/arm-none-eabi/10.3.1/thumb/v6-m/nofp/crtbegin.o

.rodata         0x08003784       0x80
                0x08003784                . = ALIGN (0x4)
 *(.rodata)
 .rodata        0x08003784       0x40 d:/3.tools/arm_gcc_toolchain/bin/../lib/gcc/arm-none-eabi/10.3.1/thumb/v6-m/nofp\libgcc.a(mulsf3.o)
 *(.rodata*)
 .rodata.HAL_RCC_GetSysClockFreq.str1.4
                0x080037c4       0x25 build/stm32f0xx_hal_rcc.o
 *fill*         0x080037e9        0x3 
 .rodata.AHBPrescTable
                0x080037ec       0x10 build/system_stm32f0xx.o
                0x080037ec                AHBPrescTable
 .rodata.APBPrescTable
                0x080037fc        0x8 build/system_stm32f0xx.o
                0x080037fc                APBPrescTable
                0x08003804                . = ALIGN (0x4)

.rel.dyn        0x08003804        0x0
 .rel.iplt      0x08003804        0x0 d:/3.tools/arm_gcc_toolchain/bin/../lib/gcc/arm-none-eabi/10.3.1/thumb/v6-m/nofp/crtbegin.o

.ARM.extab
 *(.ARM.extab* .gnu.linkonce.armextab.*)

.ARM            0x08003804        0x0
                0x08003804                __exidx_start = .
 *(.ARM.exidx*)
                0x08003804                __exidx_end = .

.preinit_array  0x08003804        0x0
                0x08003804                PROVIDE (__preinit_array_start = .)
 *(.preinit_array*)
                0x08003804                PROVIDE (__preinit_array_end = .)

.init_array     0x08003804        0x4
                0x08003804                PROVIDE (__init_array_start = .)
 *(SORT_BY_NAME(.init_array.*))
 *(.init_array*)
 .init_array    0x08003804        0x4 d:/3.tools/arm_gcc_toolchain/bin/../lib/gcc/arm-none-eabi/10.3.1/thumb/v6-m/nofp/crtbegin.o
                0x08003808                PROVIDE (__init_array_end = .)

.fini_array     0x08003808        0x4
                [!provide]                PROVIDE (__fini_array_start = .)
 *(SORT_BY_NAME(.fini_array.*))
 *(.fini_array*)
 .fini_array    0x08003808        0x4 d:/3.tools/arm_gcc_toolchain/bin/../lib/gcc/arm-none-eabi/10.3.1/thumb/v6-m/nofp/crtbegin.o
                [!provide]                PROVIDE (__fini_array_end = .)
                0x0800380c                _sidata = LOADADDR (.data)

.data           0x20000000       0x10 load address 0x0800380c
                0x20000000                . = ALIGN (0x4)
                0x20000000                _sdata = .
 *(.data)
 *(.data*)
 .data.AS5048_SPI_Tx_buffer
                0x20000000        0x4 build/as5048.o
                0x20000000                AS5048_SPI_Tx_buffer
 .data.uwTickFreq
                0x20000004        0x1 build/stm32f0xx_hal.o
                0x20000004                uwTickFreq
 *fill*         0x20000005        0x3 
 .data.uwTickPrio
                0x20000008        0x4 build/stm32f0xx_hal.o
                0x20000008                uwTickPrio
 .data.SystemCoreClock
                0x2000000c        0x4 build/system_stm32f0xx.o
                0x2000000c                SystemCoreClock
                0x20000010                . = ALIGN (0x4)
                0x20000010                _edata = .

.igot.plt       0x20000010        0x0 load address 0x0800381c
 .igot.plt      0x20000010        0x0 d:/3.tools/arm_gcc_toolchain/bin/../lib/gcc/arm-none-eabi/10.3.1/thumb/v6-m/nofp/crtbegin.o
                0x20000010                . = ALIGN (0x4)

.bss            0x20000010      0x610 load address 0x0800381c
                0x20000010                _sbss = .
                0x20000010                __bss_start__ = _sbss
 *(.bss)
 .bss           0x20000010       0x1c d:/3.tools/arm_gcc_toolchain/bin/../lib/gcc/arm-none-eabi/10.3.1/thumb/v6-m/nofp/crtbegin.o
 *(.bss*)
 .bss.hadc      0x2000002c       0x40 build/main.o
                0x2000002c                hadc
 .bss.hspi1     0x2000006c       0x64 build/main.o
                0x2000006c                hspi1
 .bss.htim1     0x200000d0       0xb4 build/main.o
                0x200000d0                htim1
 .bss.htim14    0x20000184       0xb4 build/main.o
                0x20000184                htim14
 .bss.htim16    0x20000238       0xb4 build/main.o
                0x20000238                htim16
 .bss.htim17    0x200002ec       0xb4 build/main.o
                0x200002ec                htim17
 .bss.htim2     0x200003a0       0xb4 build/main.o
                0x200003a0                htim2
 .bss.htim3     0x20000454       0xb4 build/main.o
                0x20000454                htim3
 .bss.huart1    0x20000508       0x84 build/main.o
                0x20000508                huart1
 .bss.Os_Var    0x2000058c       0x80 build/os.o
                0x2000058c                Os_Var
 .bss.AS5048_Angle
                0x2000060c        0x4 build/as5048.o
                0x2000060c                AS5048_Angle
 .bss.AS5048_SPI_Raw
                0x20000610        0x2 build/as5048.o
                0x20000610                AS5048_SPI_Raw
 *fill*         0x20000612        0x2 
 .bss.AS5048_SPI_Rx_buffer
                0x20000614        0x4 build/as5048.o
                0x20000614                AS5048_SPI_Rx_buffer
 .bss.AS5048_err
                0x20000618        0x1 build/as5048.o
                0x20000618                AS5048_err
 .bss.AS5048_parity
                0x20000619        0x1 build/as5048.o
                0x20000619                AS5048_parity
 *fill*         0x2000061a        0x2 
 .bss.uwTick    0x2000061c        0x4 build/stm32f0xx_hal.o
                0x2000061c                uwTick
 *(COMMON)
                0x20000620                . = ALIGN (0x4)
                0x20000620                _ebss = .
                0x20000620                __bss_end__ = _ebss

._user_heap_stack
                0x20000620      0x600 load address 0x0800381c
                0x20000620                . = ALIGN (0x8)
                [!provide]                PROVIDE (end = .)
                [!provide]                PROVIDE (_end = .)
                0x20000820                . = (. + _Min_Heap_Size)
 *fill*         0x20000620      0x200 
                0x20000c20                . = (. + _Min_Stack_Size)
 *fill*         0x20000820      0x400 
                0x20000c20                . = ALIGN (0x8)

/DISCARD/
 libc.a(*)
 libm.a(*)
 libgcc.a(*)

.ARM.attributes
                0x00000000       0x28
 *(.ARM.attributes)
 .ARM.attributes
                0x00000000       0x1e d:/3.tools/arm_gcc_toolchain/bin/../lib/gcc/arm-none-eabi/10.3.1/thumb/v6-m/nofp/crti.o
 .ARM.attributes
                0x0000001e       0x2c d:/3.tools/arm_gcc_toolchain/bin/../lib/gcc/arm-none-eabi/10.3.1/thumb/v6-m/nofp/crtbegin.o
 .ARM.attributes
                0x0000004a       0x2c build/main.o
 .ARM.attributes
                0x00000076       0x2c build/stm32f0xx_it.o
 .ARM.attributes
                0x000000a2       0x2c build/stm32f0xx_hal_msp.o
 .ARM.attributes
                0x000000ce       0x2c build/os.o
 .ARM.attributes
                0x000000fa       0x2c build/as5048.o
 .ARM.attributes
                0x00000126       0x2c build/stm32f0xx_hal_adc.o
 .ARM.attributes
                0x00000152       0x2c build/stm32f0xx_hal_rcc.o
 .ARM.attributes
                0x0000017e       0x2c build/stm32f0xx_hal_rcc_ex.o
 .ARM.attributes
                0x000001aa       0x2c build/stm32f0xx_hal.o
 .ARM.attributes
                0x000001d6       0x2c build/stm32f0xx_hal_gpio.o
 .ARM.attributes
                0x00000202       0x2c build/stm32f0xx_hal_cortex.o
 .ARM.attributes
                0x0000022e       0x2c build/stm32f0xx_hal_tim.o
 .ARM.attributes
                0x0000025a       0x2c build/stm32f0xx_hal_tim_ex.o
 .ARM.attributes
                0x00000286       0x2c build/stm32f0xx_hal_uart.o
 .ARM.attributes
                0x000002b2       0x2c build/system_stm32f0xx.o
 .ARM.attributes
                0x000002de       0x2c build/stm32f0xx_hal_spi.o
 .ARM.attributes
                0x0000030a       0x2c build/startup_stm32f031x6.o
 .ARM.attributes
                0x00000336       0x2c d:/3.tools/arm_gcc_toolchain/bin/../lib/gcc/arm-none-eabi/10.3.1/../../../../arm-none-eabi/lib/thumb/v6-m/nofp\libc_nano.a(lib_a-init.o)
 .ARM.attributes
                0x00000362       0x2c d:/3.tools/arm_gcc_toolchain/bin/../lib/gcc/arm-none-eabi/10.3.1/../../../../arm-none-eabi/lib/thumb/v6-m/nofp\libc_nano.a(lib_a-memset.o)
 .ARM.attributes
                0x0000038e       0x1e d:/3.tools/arm_gcc_toolchain/bin/../lib/gcc/arm-none-eabi/10.3.1/thumb/v6-m/nofp\libgcc.a(_udivsi3.o)
 .ARM.attributes
                0x000003ac       0x1e d:/3.tools/arm_gcc_toolchain/bin/../lib/gcc/arm-none-eabi/10.3.1/thumb/v6-m/nofp\libgcc.a(_dvmd_tls.o)
 .ARM.attributes
                0x000003ca       0x2c d:/3.tools/arm_gcc_toolchain/bin/../lib/gcc/arm-none-eabi/10.3.1/thumb/v6-m/nofp\libgcc.a(mulsf3.o)
 .ARM.attributes
                0x000003f6       0x2c d:/3.tools/arm_gcc_toolchain/bin/../lib/gcc/arm-none-eabi/10.3.1/thumb/v6-m/nofp\libgcc.a(subsf3.o)
 .ARM.attributes
                0x00000422       0x2c d:/3.tools/arm_gcc_toolchain/bin/../lib/gcc/arm-none-eabi/10.3.1/thumb/v6-m/nofp\libgcc.a(fixsfsi.o)
 .ARM.attributes
                0x0000044e       0x2c d:/3.tools/arm_gcc_toolchain/bin/../lib/gcc/arm-none-eabi/10.3.1/thumb/v6-m/nofp\libgcc.a(floatunsisf.o)
 .ARM.attributes
                0x0000047a       0x1e d:/3.tools/arm_gcc_toolchain/bin/../lib/gcc/arm-none-eabi/10.3.1/thumb/v6-m/nofp\libgcc.a(_clzsi2.o)
 .ARM.attributes
                0x00000498       0x1e d:/3.tools/arm_gcc_toolchain/bin/../lib/gcc/arm-none-eabi/10.3.1/thumb/v6-m/nofp/crtn.o
OUTPUT(build/Motor_Speed_Control.elf elf32-littlearm)
LOAD linker stubs
LOAD d:/3.tools/arm_gcc_toolchain/bin/../lib/gcc/arm-none-eabi/10.3.1/../../../../arm-none-eabi/lib/thumb/v6-m/nofp\libc.a
LOAD d:/3.tools/arm_gcc_toolchain/bin/../lib/gcc/arm-none-eabi/10.3.1/../../../../arm-none-eabi/lib/thumb/v6-m/nofp\libm.a
LOAD d:/3.tools/arm_gcc_toolchain/bin/../lib/gcc/arm-none-eabi/10.3.1/thumb/v6-m/nofp\libgcc.a

.debug_info     0x00000000    0x17702
 .debug_info    0x00000000     0x2354 build/main.o
 .debug_info    0x00002354      0x934 build/stm32f0xx_it.o
 .debug_info    0x00002c88     0x1d54 build/stm32f0xx_hal_msp.o
 .debug_info    0x000049dc      0x7b5 build/os.o
 .debug_info    0x00005191      0x79b build/as5048.o
 .debug_info    0x0000592c     0x10b0 build/stm32f0xx_hal_adc.o
 .debug_info    0x000069dc      0xb23 build/stm32f0xx_hal_rcc.o
 .debug_info    0x000074ff      0x41c build/stm32f0xx_hal_rcc_ex.o
 .debug_info    0x0000791b      0x7d6 build/stm32f0xx_hal.o
 .debug_info    0x000080f1      0x6c1 build/stm32f0xx_hal_gpio.o
 .debug_info    0x000087b2      0x89a build/stm32f0xx_hal_cortex.o
 .debug_info    0x0000904c     0x434a build/stm32f0xx_hal_tim.o
 .debug_info    0x0000d396     0x1d66 build/stm32f0xx_hal_tim_ex.o
 .debug_info    0x0000f0fc     0x5197 build/stm32f0xx_hal_uart.o
 .debug_info    0x00014293      0x2bc build/system_stm32f0xx.o
 .debug_info    0x0001454f     0x2323 build/stm32f0xx_hal_spi.o
 .debug_info    0x00016872      0xe90 build/startup_stm32f031x6.o

.debug_abbrev   0x00000000     0x25fd
 .debug_abbrev  0x00000000      0x29f build/main.o
 .debug_abbrev  0x0000029f      0x1b3 build/stm32f0xx_it.o
 .debug_abbrev  0x00000452      0x260 build/stm32f0xx_hal_msp.o
 .debug_abbrev  0x000006b2      0x199 build/os.o
 .debug_abbrev  0x0000084b      0x1ae build/as5048.o
 .debug_abbrev  0x000009f9      0x24d build/stm32f0xx_hal_adc.o
 .debug_abbrev  0x00000c46      0x280 build/stm32f0xx_hal_rcc.o
 .debug_abbrev  0x00000ec6      0x1ab build/stm32f0xx_hal_rcc_ex.o
 .debug_abbrev  0x00001071      0x249 build/stm32f0xx_hal.o
 .debug_abbrev  0x000012ba      0x222 build/stm32f0xx_hal_gpio.o
 .debug_abbrev  0x000014dc      0x2ab build/stm32f0xx_hal_cortex.o
 .debug_abbrev  0x00001787      0x2d2 build/stm32f0xx_hal_tim.o
 .debug_abbrev  0x00001a59      0x2a9 build/stm32f0xx_hal_tim_ex.o
 .debug_abbrev  0x00001d02      0x319 build/stm32f0xx_hal_uart.o
 .debug_abbrev  0x0000201b      0x134 build/system_stm32f0xx.o
 .debug_abbrev  0x0000214f      0x286 build/stm32f0xx_hal_spi.o
 .debug_abbrev  0x000023d5      0x228 build/startup_stm32f031x6.o

.debug_loc      0x00000000    0x12b02
 .debug_loc     0x00000000      0x1ca build/main.o
 .debug_loc     0x000001ca       0x6c build/stm32f0xx_it.o
 .debug_loc     0x00000236      0x575 build/stm32f0xx_hal_msp.o
 .debug_loc     0x000007ab      0x38c build/os.o
 .debug_loc     0x00000b37       0x4e build/as5048.o
 .debug_loc     0x00000b85     0x10c9 build/stm32f0xx_hal_adc.o
 .debug_loc     0x00001c4e      0x738 build/stm32f0xx_hal_rcc.o
 .debug_loc     0x00002386      0x3e3 build/stm32f0xx_hal_rcc_ex.o
 .debug_loc     0x00002769      0x1e1 build/stm32f0xx_hal.o
 .debug_loc     0x0000294a      0x420 build/stm32f0xx_hal_gpio.o
 .debug_loc     0x00002d6a      0x473 build/stm32f0xx_hal_cortex.o
 .debug_loc     0x000031dd     0x6503 build/stm32f0xx_hal_tim.o
 .debug_loc     0x000096e0     0x26a5 build/stm32f0xx_hal_tim_ex.o
 .debug_loc     0x0000bd85     0x4125 build/stm32f0xx_hal_uart.o
 .debug_loc     0x0000feaa      0x187 build/system_stm32f0xx.o
 .debug_loc     0x00010031     0x263e build/stm32f0xx_hal_spi.o
 .debug_loc     0x0001266f      0x493 build/startup_stm32f031x6.o

.debug_aranges  0x00000000      0xfb0
 .debug_aranges
                0x00000000       0x80 build/main.o
 .debug_aranges
                0x00000080       0x20 build/stm32f0xx_it.o
 .debug_aranges
                0x000000a0       0x88 build/stm32f0xx_hal_msp.o
 .debug_aranges
                0x00000128       0x88 build/os.o
 .debug_aranges
                0x000001b0       0x20 build/as5048.o
 .debug_aranges
                0x000001d0       0xf8 build/stm32f0xx_hal_adc.o
 .debug_aranges
                0x000002c8       0x80 build/stm32f0xx_hal_rcc.o
 .debug_aranges
                0x00000348       0x30 build/stm32f0xx_hal_rcc_ex.o
 .debug_aranges
                0x00000378       0xd0 build/stm32f0xx_hal.o
 .debug_aranges
                0x00000448       0x58 build/stm32f0xx_hal_gpio.o
 .debug_aranges
                0x000004a0       0x78 build/stm32f0xx_hal_cortex.o
 .debug_aranges
                0x00000518      0x3e8 build/stm32f0xx_hal_tim.o
 .debug_aranges
                0x00000900      0x168 build/stm32f0xx_hal_tim_ex.o
 .debug_aranges
                0x00000a68      0x228 build/stm32f0xx_hal_uart.o
 .debug_aranges
                0x00000c90       0x28 build/system_stm32f0xx.o
 .debug_aranges
                0x00000cb8      0x1d8 build/stm32f0xx_hal_spi.o
 .debug_aranges
                0x00000e90      0x120 build/startup_stm32f031x6.o

.debug_ranges   0x00000000      0xf30
 .debug_ranges  0x00000000       0x70 build/main.o
 .debug_ranges  0x00000070       0x10 build/stm32f0xx_it.o
 .debug_ranges  0x00000080       0x78 build/stm32f0xx_hal_msp.o
 .debug_ranges  0x000000f8       0x78 build/os.o
 .debug_ranges  0x00000170       0x10 build/as5048.o
 .debug_ranges  0x00000180       0xe8 build/stm32f0xx_hal_adc.o
 .debug_ranges  0x00000268       0x88 build/stm32f0xx_hal_rcc.o
 .debug_ranges  0x000002f0       0x38 build/stm32f0xx_hal_rcc_ex.o
 .debug_ranges  0x00000328       0xc0 build/stm32f0xx_hal.o
 .debug_ranges  0x000003e8       0x48 build/stm32f0xx_hal_gpio.o
 .debug_ranges  0x00000430       0xc8 build/stm32f0xx_hal_cortex.o
 .debug_ranges  0x000004f8      0x3d8 build/stm32f0xx_hal_tim.o
 .debug_ranges  0x000008d0      0x158 build/stm32f0xx_hal_tim_ex.o
 .debug_ranges  0x00000a28      0x218 build/stm32f0xx_hal_uart.o
 .debug_ranges  0x00000c40       0x18 build/system_stm32f0xx.o
 .debug_ranges  0x00000c58      0x1c8 build/stm32f0xx_hal_spi.o
 .debug_ranges  0x00000e20      0x110 build/startup_stm32f031x6.o

.debug_line     0x00000000    0x11ce6
 .debug_line    0x00000000      0x9c6 build/main.o
 .debug_line    0x000009c6      0x1b2 build/stm32f0xx_it.o
 .debug_line    0x00000b78      0x697 build/stm32f0xx_hal_msp.o
 .debug_line    0x0000120f      0x42a build/os.o
 .debug_line    0x00001639      0x213 build/as5048.o
 .debug_line    0x0000184c      0xfd1 build/stm32f0xx_hal_adc.o
 .debug_line    0x0000281d      0xb25 build/stm32f0xx_hal_rcc.o
 .debug_line    0x00003342      0x44d build/stm32f0xx_hal_rcc_ex.o
 .debug_line    0x0000378f      0x4c8 build/stm32f0xx_hal.o
 .debug_line    0x00003c57      0x617 build/stm32f0xx_hal_gpio.o
 .debug_line    0x0000426e      0x4d4 build/stm32f0xx_hal_cortex.o
 .debug_line    0x00004742     0x5054 build/stm32f0xx_hal_tim.o
 .debug_line    0x00009796     0x1b6f build/stm32f0xx_hal_tim_ex.o
 .debug_line    0x0000b305     0x3bbe build/stm32f0xx_hal_uart.o
 .debug_line    0x0000eec3      0x1e7 build/system_stm32f0xx.o
 .debug_line    0x0000f0aa     0x2772 build/stm32f0xx_hal_spi.o
 .debug_line    0x0001181c      0x4ca build/startup_stm32f031x6.o

.debug_str      0x00000000     0x4bd5
 .debug_str     0x00000000     0x138c build/main.o
                               0x15c2 (size before relaxing)
 .debug_str     0x0000138c       0x6a build/stm32f0xx_it.o
                                0x8ff (size before relaxing)
 .debug_str     0x000013f6      0x2ec build/stm32f0xx_hal_msp.o
                               0x11d1 (size before relaxing)
 .debug_str     0x000016e2      0x45d build/os.o
                                0x5ef (size before relaxing)
 .debug_str     0x00001b3f       0xd6 build/as5048.o
                                0x64f (size before relaxing)
 .debug_str     0x00001c15      0x328 build/stm32f0xx_hal_adc.o
                                0x8cb (size before relaxing)
 .debug_str     0x00001f3d      0x22b build/stm32f0xx_hal_rcc.o
                                0x63e (size before relaxing)
 .debug_str     0x00002168       0x94 build/stm32f0xx_hal_rcc_ex.o
                                0x395 (size before relaxing)
 .debug_str     0x000021fc      0x267 build/stm32f0xx_hal.o
                                0x661 (size before relaxing)
 .debug_str     0x00002463      0x108 build/stm32f0xx_hal_gpio.o
                                0x3dd (size before relaxing)
 .debug_str     0x0000256b      0x243 build/stm32f0xx_hal_cortex.o
                                0x5ac (size before relaxing)
 .debug_str     0x000027ae     0x100e build/stm32f0xx_hal_tim.o
                               0x1c01 (size before relaxing)
 .debug_str     0x000037bc      0x459 build/stm32f0xx_hal_tim_ex.o
                               0x1079 (size before relaxing)
 .debug_str     0x00003c15      0x79f build/stm32f0xx_hal_uart.o
                                0xe9e (size before relaxing)
 .debug_str     0x000043b4       0x5c build/system_stm32f0xx.o
                                0x25a (size before relaxing)
 .debug_str     0x00004410      0x51c build/stm32f0xx_hal_spi.o
                                0xbb1 (size before relaxing)
 .debug_str     0x0000492c      0x2a9 build/startup_stm32f031x6.o
                                0xb96 (size before relaxing)

.comment        0x00000000       0x49
 .comment       0x00000000       0x49 build/main.o
                                 0x4a (size before relaxing)
 .comment       0x00000049       0x4a build/stm32f0xx_it.o
 .comment       0x00000049       0x4a build/stm32f0xx_hal_msp.o
 .comment       0x00000049       0x4a build/os.o
 .comment       0x00000049       0x4a build/as5048.o
 .comment       0x00000049       0x4a build/stm32f0xx_hal_adc.o
 .comment       0x00000049       0x4a build/stm32f0xx_hal_rcc.o
 .comment       0x00000049       0x4a build/stm32f0xx_hal_rcc_ex.o
 .comment       0x00000049       0x4a build/stm32f0xx_hal.o
 .comment       0x00000049       0x4a build/stm32f0xx_hal_gpio.o
 .comment       0x00000049       0x4a build/stm32f0xx_hal_cortex.o
 .comment       0x00000049       0x4a build/stm32f0xx_hal_tim.o
 .comment       0x00000049       0x4a build/stm32f0xx_hal_tim_ex.o
 .comment       0x00000049       0x4a build/stm32f0xx_hal_uart.o
 .comment       0x00000049       0x4a build/system_stm32f0xx.o
 .comment       0x00000049       0x4a build/stm32f0xx_hal_spi.o
 .comment       0x00000049       0x4a build/startup_stm32f031x6.o

.debug_frame    0x00000000     0x2b5c
 .debug_frame   0x00000000      0x14c build/main.o
 .debug_frame   0x0000014c       0x28 build/stm32f0xx_it.o
 .debug_frame   0x00000174      0x168 build/stm32f0xx_hal_msp.o
 .debug_frame   0x000002dc      0x130 build/os.o
 .debug_frame   0x0000040c       0x2c build/as5048.o
 .debug_frame   0x00000438      0x2a0 build/stm32f0xx_hal_adc.o
 .debug_frame   0x000006d8      0x13c build/stm32f0xx_hal_rcc.o
 .debug_frame   0x00000814       0x58 build/stm32f0xx_hal_rcc_ex.o
 .debug_frame   0x0000086c      0x1ac build/stm32f0xx_hal.o
 .debug_frame   0x00000a18       0xc0 build/stm32f0xx_hal_gpio.o
 .debug_frame   0x00000ad8       0xe4 build/stm32f0xx_hal_cortex.o
 .debug_frame   0x00000bbc      0xb24 build/stm32f0xx_hal_tim.o
 .debug_frame   0x000016e0      0x420 build/stm32f0xx_hal_tim_ex.o
 .debug_frame   0x00001b00      0x638 build/stm32f0xx_hal_uart.o
 .debug_frame   0x00002138       0x38 build/system_stm32f0xx.o
 .debug_frame   0x00002170      0x5a4 build/stm32f0xx_hal_spi.o
 .debug_frame   0x00002714      0x320 build/startup_stm32f031x6.o
 .debug_frame   0x00002a34       0x2c d:/3.tools/arm_gcc_toolchain/bin/../lib/gcc/arm-none-eabi/10.3.1/../../../../arm-none-eabi/lib/thumb/v6-m/nofp\libc_nano.a(lib_a-init.o)
 .debug_frame   0x00002a60       0x20 d:/3.tools/arm_gcc_toolchain/bin/../lib/gcc/arm-none-eabi/10.3.1/../../../../arm-none-eabi/lib/thumb/v6-m/nofp\libc_nano.a(lib_a-memset.o)
 .debug_frame   0x00002a80       0x20 d:/3.tools/arm_gcc_toolchain/bin/../lib/gcc/arm-none-eabi/10.3.1/thumb/v6-m/nofp\libgcc.a(_udivsi3.o)
 .debug_frame   0x00002aa0       0x38 d:/3.tools/arm_gcc_toolchain/bin/../lib/gcc/arm-none-eabi/10.3.1/thumb/v6-m/nofp\libgcc.a(mulsf3.o)
 .debug_frame   0x00002ad8       0x38 d:/3.tools/arm_gcc_toolchain/bin/../lib/gcc/arm-none-eabi/10.3.1/thumb/v6-m/nofp\libgcc.a(subsf3.o)
 .debug_frame   0x00002b10       0x20 d:/3.tools/arm_gcc_toolchain/bin/../lib/gcc/arm-none-eabi/10.3.1/thumb/v6-m/nofp\libgcc.a(fixsfsi.o)
 .debug_frame   0x00002b30       0x2c d:/3.tools/arm_gcc_toolchain/bin/../lib/gcc/arm-none-eabi/10.3.1/thumb/v6-m/nofp\libgcc.a(floatunsisf.o)

Cross Reference Table

Symbol                                            File
ADC1_IRQHandler                                   build/startup_stm32f031x6.o
AHBPrescTable                                     build/system_stm32f0xx.o
                                                  build/stm32f0xx_hal_rcc.o
APBPrescTable                                     build/system_stm32f0xx.o
                                                  build/stm32f0xx_hal_rcc.o
AS5048_Angle                                      build/as5048.o
AS5048_Calc_Signal                                build/as5048.o
                                                  build/os.o
AS5048_SPI_Raw                                    build/as5048.o
AS5048_SPI_Rx_buffer                              build/as5048.o
AS5048_SPI_Tx_buffer                              build/as5048.o
AS5048_err                                        build/as5048.o
AS5048_parity                                     build/as5048.o
DMA1_Channel1_IRQHandler                          build/startup_stm32f031x6.o
DMA1_Channel2_3_IRQHandler                        build/startup_stm32f031x6.o
DMA1_Channel4_5_IRQHandler                        build/startup_stm32f031x6.o
Default_Handler                                   build/startup_stm32f031x6.o
EXTI0_1_IRQHandler                                build/startup_stm32f031x6.o
EXTI2_3_IRQHandler                                build/startup_stm32f031x6.o
EXTI4_15_IRQHandler                               build/startup_stm32f031x6.o
Error_Handler                                     build/main.o
FLASH_IRQHandler                                  build/startup_stm32f031x6.o
FLASH_PageErase                                   build/stm32f0xx_hal_flash_ex.o
                                                  build/stm32f0xx_hal_flash.o
FLASH_WaitForLastOperation                        build/stm32f0xx_hal_flash.o
                                                  build/stm32f0xx_hal_flash_ex.o
HAL_ADCEx_Calibration_Start                       build/stm32f0xx_hal_adc_ex.o
HAL_ADC_AnalogWDGConfig                           build/stm32f0xx_hal_adc.o
HAL_ADC_ConfigChannel                             build/stm32f0xx_hal_adc.o
                                                  build/main.o
HAL_ADC_ConvCpltCallback                          build/stm32f0xx_hal_adc.o
HAL_ADC_ConvHalfCpltCallback                      build/stm32f0xx_hal_adc.o
HAL_ADC_DeInit                                    build/stm32f0xx_hal_adc.o
HAL_ADC_ErrorCallback                             build/stm32f0xx_hal_adc.o
HAL_ADC_GetError                                  build/stm32f0xx_hal_adc.o
HAL_ADC_GetState                                  build/stm32f0xx_hal_adc.o
HAL_ADC_GetValue                                  build/stm32f0xx_hal_adc.o
HAL_ADC_IRQHandler                                build/stm32f0xx_hal_adc.o
HAL_ADC_Init                                      build/stm32f0xx_hal_adc.o
                                                  build/main.o
HAL_ADC_LevelOutOfWindowCallback                  build/stm32f0xx_hal_adc.o
HAL_ADC_MspDeInit                                 build/stm32f0xx_hal_msp.o
HAL_ADC_MspInit                                   build/stm32f0xx_hal_msp.o
HAL_ADC_PollForConversion                         build/stm32f0xx_hal_adc.o
HAL_ADC_PollForEvent                              build/stm32f0xx_hal_adc.o
HAL_ADC_Start                                     build/stm32f0xx_hal_adc.o
HAL_ADC_Start_DMA                                 build/stm32f0xx_hal_adc.o
HAL_ADC_Start_IT                                  build/stm32f0xx_hal_adc.o
HAL_ADC_Stop                                      build/stm32f0xx_hal_adc.o
HAL_ADC_Stop_DMA                                  build/stm32f0xx_hal_adc.o
HAL_ADC_Stop_IT                                   build/stm32f0xx_hal_adc.o
HAL_DBGMCU_DisableDBGStandbyMode                  build/stm32f0xx_hal.o
HAL_DBGMCU_DisableDBGStopMode                     build/stm32f0xx_hal.o
HAL_DBGMCU_EnableDBGStandbyMode                   build/stm32f0xx_hal.o
HAL_DBGMCU_EnableDBGStopMode                      build/stm32f0xx_hal.o
HAL_DMA_Abort                                     build/stm32f0xx_hal_dma.o
                                                  build/stm32f0xx_hal_spi.o
                                                  build/stm32f0xx_hal_uart.o
                                                  build/stm32f0xx_hal_adc.o
HAL_DMA_Abort_IT                                  build/stm32f0xx_hal_dma.o
                                                  build/stm32f0xx_hal_spi.o
                                                  build/stm32f0xx_hal_uart.o
                                                  build/stm32f0xx_hal_tim_ex.o
                                                  build/stm32f0xx_hal_tim.o
                                                  build/stm32f0xx_hal_i2c.o
HAL_DMA_DeInit                                    build/stm32f0xx_hal_dma.o
HAL_DMA_GetError                                  build/stm32f0xx_hal_dma.o
                                                  build/stm32f0xx_hal_uart.o
HAL_DMA_GetState                                  build/stm32f0xx_hal_dma.o
                                                  build/stm32f0xx_hal_i2c.o
HAL_DMA_IRQHandler                                build/stm32f0xx_hal_dma.o
HAL_DMA_Init                                      build/stm32f0xx_hal_dma.o
HAL_DMA_PollForTransfer                           build/stm32f0xx_hal_dma.o
HAL_DMA_RegisterCallback                          build/stm32f0xx_hal_dma.o
HAL_DMA_Start                                     build/stm32f0xx_hal_dma.o
HAL_DMA_Start_IT                                  build/stm32f0xx_hal_dma.o
                                                  build/stm32f0xx_hal_spi.o
                                                  build/stm32f0xx_hal_uart.o
                                                  build/stm32f0xx_hal_tim_ex.o
                                                  build/stm32f0xx_hal_tim.o
                                                  build/stm32f0xx_hal_i2c.o
                                                  build/stm32f0xx_hal_adc.o
HAL_DMA_UnRegisterCallback                        build/stm32f0xx_hal_dma.o
HAL_DeInit                                        build/stm32f0xx_hal.o
HAL_Delay                                         build/stm32f0xx_hal.o
HAL_EXTI_ClearConfigLine                          build/stm32f0xx_hal_exti.o
HAL_EXTI_ClearPending                             build/stm32f0xx_hal_exti.o
HAL_EXTI_GenerateSWI                              build/stm32f0xx_hal_exti.o
HAL_EXTI_GetConfigLine                            build/stm32f0xx_hal_exti.o
HAL_EXTI_GetHandle                                build/stm32f0xx_hal_exti.o
HAL_EXTI_GetPending                               build/stm32f0xx_hal_exti.o
HAL_EXTI_IRQHandler                               build/stm32f0xx_hal_exti.o
HAL_EXTI_RegisterCallback                         build/stm32f0xx_hal_exti.o
HAL_EXTI_SetConfigLine                            build/stm32f0xx_hal_exti.o
HAL_FLASHEx_Erase                                 build/stm32f0xx_hal_flash_ex.o
HAL_FLASHEx_Erase_IT                              build/stm32f0xx_hal_flash_ex.o
HAL_FLASHEx_OBErase                               build/stm32f0xx_hal_flash_ex.o
HAL_FLASHEx_OBGetConfig                           build/stm32f0xx_hal_flash_ex.o
HAL_FLASHEx_OBGetUserData                         build/stm32f0xx_hal_flash_ex.o
HAL_FLASHEx_OBProgram                             build/stm32f0xx_hal_flash_ex.o
HAL_FLASH_EndOfOperationCallback                  build/stm32f0xx_hal_flash.o
HAL_FLASH_GetError                                build/stm32f0xx_hal_flash.o
HAL_FLASH_IRQHandler                              build/stm32f0xx_hal_flash.o
HAL_FLASH_Lock                                    build/stm32f0xx_hal_flash.o
HAL_FLASH_OB_Launch                               build/stm32f0xx_hal_flash.o
HAL_FLASH_OB_Lock                                 build/stm32f0xx_hal_flash.o
HAL_FLASH_OB_Unlock                               build/stm32f0xx_hal_flash.o
HAL_FLASH_OperationErrorCallback                  build/stm32f0xx_hal_flash.o
HAL_FLASH_Program                                 build/stm32f0xx_hal_flash.o
HAL_FLASH_Program_IT                              build/stm32f0xx_hal_flash.o
HAL_FLASH_Unlock                                  build/stm32f0xx_hal_flash.o
HAL_GPIO_DeInit                                   build/stm32f0xx_hal_gpio.o
                                                  build/stm32f0xx_hal_msp.o
HAL_GPIO_EXTI_Callback                            build/stm32f0xx_hal_gpio.o
HAL_GPIO_EXTI_IRQHandler                          build/stm32f0xx_hal_gpio.o
HAL_GPIO_Init                                     build/stm32f0xx_hal_gpio.o
                                                  build/stm32f0xx_hal_rcc.o
                                                  build/stm32f0xx_hal_msp.o
                                                  build/main.o
HAL_GPIO_LockPin                                  build/stm32f0xx_hal_gpio.o
HAL_GPIO_ReadPin                                  build/stm32f0xx_hal_gpio.o
HAL_GPIO_TogglePin                                build/stm32f0xx_hal_gpio.o
HAL_GPIO_WritePin                                 build/stm32f0xx_hal_gpio.o
                                                  build/main.o
HAL_GetDEVID                                      build/stm32f0xx_hal.o
HAL_GetHalVersion                                 build/stm32f0xx_hal.o
HAL_GetREVID                                      build/stm32f0xx_hal.o
HAL_GetTick                                       build/stm32f0xx_hal.o
                                                  build/stm32f0xx_hal_spi.o
                                                  build/stm32f0xx_hal_uart_ex.o
                                                  build/stm32f0xx_hal_uart.o
                                                  build/stm32f0xx_hal_flash.o
                                                  build/stm32f0xx_hal_dma.o
                                                  build/stm32f0xx_hal_i2c.o
                                                  build/stm32f0xx_hal_rcc_ex.o
                                                  build/stm32f0xx_hal_rcc.o
                                                  build/stm32f0xx_hal_adc_ex.o
                                                  build/stm32f0xx_hal_adc.o
HAL_GetTickFreq                                   build/stm32f0xx_hal.o
HAL_GetTickPrio                                   build/stm32f0xx_hal.o
HAL_GetUIDw0                                      build/stm32f0xx_hal.o
HAL_GetUIDw1                                      build/stm32f0xx_hal.o
HAL_GetUIDw2                                      build/stm32f0xx_hal.o
HAL_HalfDuplex_EnableReceiver                     build/stm32f0xx_hal_uart.o
HAL_HalfDuplex_EnableTransmitter                  build/stm32f0xx_hal_uart.o
HAL_HalfDuplex_Init                               build/stm32f0xx_hal_uart.o
HAL_I2CEx_ConfigAnalogFilter                      build/stm32f0xx_hal_i2c_ex.o
HAL_I2CEx_ConfigDigitalFilter                     build/stm32f0xx_hal_i2c_ex.o
HAL_I2CEx_DisableFastModePlus                     build/stm32f0xx_hal_i2c_ex.o
HAL_I2CEx_DisableWakeUp                           build/stm32f0xx_hal_i2c_ex.o
HAL_I2CEx_EnableFastModePlus                      build/stm32f0xx_hal_i2c_ex.o
HAL_I2CEx_EnableWakeUp                            build/stm32f0xx_hal_i2c_ex.o
HAL_I2C_AbortCpltCallback                         build/stm32f0xx_hal_i2c.o
HAL_I2C_AddrCallback                              build/stm32f0xx_hal_i2c.o
HAL_I2C_DeInit                                    build/stm32f0xx_hal_i2c.o
HAL_I2C_DisableListen_IT                          build/stm32f0xx_hal_i2c.o
HAL_I2C_ER_IRQHandler                             build/stm32f0xx_hal_i2c.o
HAL_I2C_EV_IRQHandler                             build/stm32f0xx_hal_i2c.o
HAL_I2C_EnableListen_IT                           build/stm32f0xx_hal_i2c.o
HAL_I2C_ErrorCallback                             build/stm32f0xx_hal_i2c.o
HAL_I2C_GetError                                  build/stm32f0xx_hal_i2c.o
HAL_I2C_GetMode                                   build/stm32f0xx_hal_i2c.o
HAL_I2C_GetState                                  build/stm32f0xx_hal_i2c.o
HAL_I2C_Init                                      build/stm32f0xx_hal_i2c.o
HAL_I2C_IsDeviceReady                             build/stm32f0xx_hal_i2c.o
HAL_I2C_ListenCpltCallback                        build/stm32f0xx_hal_i2c.o
HAL_I2C_MasterRxCpltCallback                      build/stm32f0xx_hal_i2c.o
HAL_I2C_MasterTxCpltCallback                      build/stm32f0xx_hal_i2c.o
HAL_I2C_Master_Abort_IT                           build/stm32f0xx_hal_i2c.o
HAL_I2C_Master_Receive                            build/stm32f0xx_hal_i2c.o
HAL_I2C_Master_Receive_DMA                        build/stm32f0xx_hal_i2c.o
HAL_I2C_Master_Receive_IT                         build/stm32f0xx_hal_i2c.o
HAL_I2C_Master_Seq_Receive_DMA                    build/stm32f0xx_hal_i2c.o
HAL_I2C_Master_Seq_Receive_IT                     build/stm32f0xx_hal_i2c.o
HAL_I2C_Master_Seq_Transmit_DMA                   build/stm32f0xx_hal_i2c.o
HAL_I2C_Master_Seq_Transmit_IT                    build/stm32f0xx_hal_i2c.o
HAL_I2C_Master_Transmit                           build/stm32f0xx_hal_i2c.o
HAL_I2C_Master_Transmit_DMA                       build/stm32f0xx_hal_i2c.o
HAL_I2C_Master_Transmit_IT                        build/stm32f0xx_hal_i2c.o
HAL_I2C_MemRxCpltCallback                         build/stm32f0xx_hal_i2c.o
HAL_I2C_MemTxCpltCallback                         build/stm32f0xx_hal_i2c.o
HAL_I2C_Mem_Read                                  build/stm32f0xx_hal_i2c.o
HAL_I2C_Mem_Read_DMA                              build/stm32f0xx_hal_i2c.o
HAL_I2C_Mem_Read_IT                               build/stm32f0xx_hal_i2c.o
HAL_I2C_Mem_Write                                 build/stm32f0xx_hal_i2c.o
HAL_I2C_Mem_Write_DMA                             build/stm32f0xx_hal_i2c.o
HAL_I2C_Mem_Write_IT                              build/stm32f0xx_hal_i2c.o
HAL_I2C_MspDeInit                                 build/stm32f0xx_hal_i2c.o
HAL_I2C_MspInit                                   build/stm32f0xx_hal_i2c.o
HAL_I2C_SlaveRxCpltCallback                       build/stm32f0xx_hal_i2c.o
HAL_I2C_SlaveTxCpltCallback                       build/stm32f0xx_hal_i2c.o
HAL_I2C_Slave_Receive                             build/stm32f0xx_hal_i2c.o
HAL_I2C_Slave_Receive_DMA                         build/stm32f0xx_hal_i2c.o
HAL_I2C_Slave_Receive_IT                          build/stm32f0xx_hal_i2c.o
HAL_I2C_Slave_Seq_Receive_DMA                     build/stm32f0xx_hal_i2c.o
HAL_I2C_Slave_Seq_Receive_IT                      build/stm32f0xx_hal_i2c.o
HAL_I2C_Slave_Seq_Transmit_DMA                    build/stm32f0xx_hal_i2c.o
HAL_I2C_Slave_Seq_Transmit_IT                     build/stm32f0xx_hal_i2c.o
HAL_I2C_Slave_Transmit                            build/stm32f0xx_hal_i2c.o
HAL_I2C_Slave_Transmit_DMA                        build/stm32f0xx_hal_i2c.o
HAL_I2C_Slave_Transmit_IT                         build/stm32f0xx_hal_i2c.o
HAL_IncTick                                       build/stm32f0xx_hal.o
                                                  build/startup_stm32f031x6.o
HAL_Init                                          build/stm32f0xx_hal.o
                                                  build/main.o
HAL_InitTick                                      build/stm32f0xx_hal.o
                                                  build/stm32f0xx_hal_rcc.o
HAL_LIN_Init                                      build/stm32f0xx_hal_uart.o
HAL_LIN_SendBreak                                 build/stm32f0xx_hal_uart.o
HAL_MspDeInit                                     build/stm32f0xx_hal.o
HAL_MspInit                                       build/stm32f0xx_hal_msp.o
HAL_MultiProcessorEx_AddressLength_Set            build/stm32f0xx_hal_uart_ex.o
HAL_MultiProcessor_DisableMuteMode                build/stm32f0xx_hal_uart.o
HAL_MultiProcessor_EnableMuteMode                 build/stm32f0xx_hal_uart.o
HAL_MultiProcessor_EnterMuteMode                  build/stm32f0xx_hal_uart.o
HAL_MultiProcessor_Init                           build/stm32f0xx_hal_uart.o
HAL_NVIC_ClearPendingIRQ                          build/stm32f0xx_hal_cortex.o
HAL_NVIC_DisableIRQ                               build/stm32f0xx_hal_cortex.o
                                                  build/stm32f0xx_hal_msp.o
HAL_NVIC_EnableIRQ                                build/stm32f0xx_hal_cortex.o
                                                  build/stm32f0xx_hal_msp.o
HAL_NVIC_GetPendingIRQ                            build/stm32f0xx_hal_cortex.o
HAL_NVIC_GetPriority                              build/stm32f0xx_hal_cortex.o
HAL_NVIC_SetPendingIRQ                            build/stm32f0xx_hal_cortex.o
HAL_NVIC_SetPriority                              build/stm32f0xx_hal_cortex.o
                                                  build/stm32f0xx_hal.o
                                                  build/stm32f0xx_hal_msp.o
HAL_NVIC_SystemReset                              build/stm32f0xx_hal_cortex.o
HAL_PWR_ConfigPVD                                 build/stm32f0xx_hal_pwr_ex.o
HAL_PWR_DeInit                                    build/stm32f0xx_hal_pwr.o
HAL_PWR_DisableBkUpAccess                         build/stm32f0xx_hal_pwr.o
HAL_PWR_DisablePVD                                build/stm32f0xx_hal_pwr_ex.o
HAL_PWR_DisableSEVOnPend                          build/stm32f0xx_hal_pwr.o
HAL_PWR_DisableSleepOnExit                        build/stm32f0xx_hal_pwr.o
HAL_PWR_DisableWakeUpPin                          build/stm32f0xx_hal_pwr.o
HAL_PWR_EnableBkUpAccess                          build/stm32f0xx_hal_pwr.o
HAL_PWR_EnablePVD                                 build/stm32f0xx_hal_pwr_ex.o
HAL_PWR_EnableSEVOnPend                           build/stm32f0xx_hal_pwr.o
HAL_PWR_EnableSleepOnExit                         build/stm32f0xx_hal_pwr.o
HAL_PWR_EnableWakeUpPin                           build/stm32f0xx_hal_pwr.o
HAL_PWR_EnterSLEEPMode                            build/stm32f0xx_hal_pwr.o
HAL_PWR_EnterSTANDBYMode                          build/stm32f0xx_hal_pwr.o
HAL_PWR_EnterSTOPMode                             build/stm32f0xx_hal_pwr.o
HAL_PWR_PVDCallback                               build/stm32f0xx_hal_pwr_ex.o
HAL_PWR_PVD_IRQHandler                            build/stm32f0xx_hal_pwr_ex.o
HAL_RCCEx_GetPeriphCLKConfig                      build/stm32f0xx_hal_rcc_ex.o
HAL_RCCEx_GetPeriphCLKFreq                        build/stm32f0xx_hal_rcc_ex.o
HAL_RCCEx_PeriphCLKConfig                         build/stm32f0xx_hal_rcc_ex.o
                                                  build/main.o
HAL_RCC_CSSCallback                               build/stm32f0xx_hal_rcc.o
HAL_RCC_ClockConfig                               build/stm32f0xx_hal_rcc.o
                                                  build/main.o
HAL_RCC_DeInit                                    build/stm32f0xx_hal_rcc.o
HAL_RCC_DisableCSS                                build/stm32f0xx_hal_rcc.o
HAL_RCC_EnableCSS                                 build/stm32f0xx_hal_rcc.o
HAL_RCC_GetClockConfig                            build/stm32f0xx_hal_rcc.o
HAL_RCC_GetHCLKFreq                               build/stm32f0xx_hal_rcc.o
HAL_RCC_GetOscConfig                              build/stm32f0xx_hal_rcc.o
HAL_RCC_GetPCLK1Freq                              build/stm32f0xx_hal_rcc.o
                                                  build/stm32f0xx_hal_uart.o
                                                  build/stm32f0xx_hal_rcc_ex.o
HAL_RCC_GetSysClockFreq                           build/stm32f0xx_hal_rcc.o
                                                  build/stm32f0xx_hal_uart.o
                                                  build/stm32f0xx_hal_rcc_ex.o
HAL_RCC_MCOConfig                                 build/stm32f0xx_hal_rcc.o
HAL_RCC_NMI_IRQHandler                            build/stm32f0xx_hal_rcc.o
HAL_RCC_OscConfig                                 build/stm32f0xx_hal_rcc.o
                                                  build/main.o
HAL_RS485Ex_Init                                  build/stm32f0xx_hal_uart_ex.o
HAL_ResumeTick                                    build/stm32f0xx_hal.o
HAL_SPIEx_FlushRxFifo                             build/stm32f0xx_hal_spi_ex.o
HAL_SPI_Abort                                     build/stm32f0xx_hal_spi.o
HAL_SPI_AbortCpltCallback                         build/stm32f0xx_hal_spi.o
HAL_SPI_Abort_IT                                  build/stm32f0xx_hal_spi.o
HAL_SPI_DMAPause                                  build/stm32f0xx_hal_spi.o
HAL_SPI_DMAResume                                 build/stm32f0xx_hal_spi.o
HAL_SPI_DMAStop                                   build/stm32f0xx_hal_spi.o
HAL_SPI_DeInit                                    build/stm32f0xx_hal_spi.o
HAL_SPI_ErrorCallback                             build/stm32f0xx_hal_spi.o
HAL_SPI_GetError                                  build/stm32f0xx_hal_spi.o
HAL_SPI_GetState                                  build/stm32f0xx_hal_spi.o
HAL_SPI_IRQHandler                                build/stm32f0xx_hal_spi.o
HAL_SPI_Init                                      build/stm32f0xx_hal_spi.o
                                                  build/main.o
HAL_SPI_MspDeInit                                 build/stm32f0xx_hal_msp.o
HAL_SPI_MspInit                                   build/stm32f0xx_hal_msp.o
HAL_SPI_Receive                                   build/stm32f0xx_hal_spi.o
HAL_SPI_Receive_DMA                               build/stm32f0xx_hal_spi.o
HAL_SPI_Receive_IT                                build/stm32f0xx_hal_spi.o
HAL_SPI_RxCpltCallback                            build/stm32f0xx_hal_spi.o
HAL_SPI_RxHalfCpltCallback                        build/stm32f0xx_hal_spi.o
HAL_SPI_Transmit                                  build/stm32f0xx_hal_spi.o
HAL_SPI_TransmitReceive                           build/stm32f0xx_hal_spi.o
                                                  build/as5048.o
HAL_SPI_TransmitReceive_DMA                       build/stm32f0xx_hal_spi.o
HAL_SPI_TransmitReceive_IT                        build/stm32f0xx_hal_spi.o
HAL_SPI_Transmit_DMA                              build/stm32f0xx_hal_spi.o
HAL_SPI_Transmit_IT                               build/stm32f0xx_hal_spi.o
HAL_SPI_TxCpltCallback                            build/stm32f0xx_hal_spi.o
HAL_SPI_TxHalfCpltCallback                        build/stm32f0xx_hal_spi.o
HAL_SPI_TxRxCpltCallback                          build/stm32f0xx_hal_spi.o
HAL_SPI_TxRxHalfCpltCallback                      build/stm32f0xx_hal_spi.o
HAL_SYSTICK_CLKSourceConfig                       build/stm32f0xx_hal_cortex.o
HAL_SYSTICK_Callback                              build/stm32f0xx_hal_cortex.o
HAL_SYSTICK_Config                                build/stm32f0xx_hal_cortex.o
                                                  build/stm32f0xx_hal.o
HAL_SYSTICK_IRQHandler                            build/stm32f0xx_hal_cortex.o
HAL_SetTickFreq                                   build/stm32f0xx_hal.o
HAL_SuspendTick                                   build/stm32f0xx_hal.o
HAL_TIMEx_BreakCallback                           build/stm32f0xx_hal_tim_ex.o
                                                  build/stm32f0xx_hal_tim.o
HAL_TIMEx_CommutCallback                          build/stm32f0xx_hal_tim_ex.o
                                                  build/stm32f0xx_hal_tim.o
HAL_TIMEx_CommutHalfCpltCallback                  build/stm32f0xx_hal_tim_ex.o
                                                  build/stm32f0xx_hal_tim.o
HAL_TIMEx_ConfigBreakDeadTime                     build/stm32f0xx_hal_tim_ex.o
                                                  build/main.o
HAL_TIMEx_ConfigCommutEvent                       build/stm32f0xx_hal_tim_ex.o
HAL_TIMEx_ConfigCommutEvent_DMA                   build/stm32f0xx_hal_tim_ex.o
HAL_TIMEx_ConfigCommutEvent_IT                    build/stm32f0xx_hal_tim_ex.o
HAL_TIMEx_GetChannelNState                        build/stm32f0xx_hal_tim_ex.o
HAL_TIMEx_HallSensor_DeInit                       build/stm32f0xx_hal_tim_ex.o
HAL_TIMEx_HallSensor_GetState                     build/stm32f0xx_hal_tim_ex.o
HAL_TIMEx_HallSensor_Init                         build/stm32f0xx_hal_tim_ex.o
                                                  build/main.o
HAL_TIMEx_HallSensor_MspDeInit                    build/stm32f0xx_hal_tim_ex.o
                                                  build/stm32f0xx_hal_tim.o
HAL_TIMEx_HallSensor_MspInit                      build/stm32f0xx_hal_tim_ex.o
                                                  build/stm32f0xx_hal_tim.o
HAL_TIMEx_HallSensor_Start                        build/stm32f0xx_hal_tim_ex.o
HAL_TIMEx_HallSensor_Start_DMA                    build/stm32f0xx_hal_tim_ex.o
HAL_TIMEx_HallSensor_Start_IT                     build/stm32f0xx_hal_tim_ex.o
HAL_TIMEx_HallSensor_Stop                         build/stm32f0xx_hal_tim_ex.o
HAL_TIMEx_HallSensor_Stop_DMA                     build/stm32f0xx_hal_tim_ex.o
HAL_TIMEx_HallSensor_Stop_IT                      build/stm32f0xx_hal_tim_ex.o
HAL_TIMEx_MasterConfigSynchronization             build/stm32f0xx_hal_tim_ex.o
                                                  build/main.o
HAL_TIMEx_OCN_Start                               build/stm32f0xx_hal_tim_ex.o
HAL_TIMEx_OCN_Start_DMA                           build/stm32f0xx_hal_tim_ex.o
HAL_TIMEx_OCN_Start_IT                            build/stm32f0xx_hal_tim_ex.o
HAL_TIMEx_OCN_Stop                                build/stm32f0xx_hal_tim_ex.o
HAL_TIMEx_OCN_Stop_DMA                            build/stm32f0xx_hal_tim_ex.o
HAL_TIMEx_OCN_Stop_IT                             build/stm32f0xx_hal_tim_ex.o
HAL_TIMEx_OnePulseN_Start                         build/stm32f0xx_hal_tim_ex.o
HAL_TIMEx_OnePulseN_Start_IT                      build/stm32f0xx_hal_tim_ex.o
HAL_TIMEx_OnePulseN_Stop                          build/stm32f0xx_hal_tim_ex.o
HAL_TIMEx_OnePulseN_Stop_IT                       build/stm32f0xx_hal_tim_ex.o
HAL_TIMEx_PWMN_Start                              build/stm32f0xx_hal_tim_ex.o
HAL_TIMEx_PWMN_Start_DMA                          build/stm32f0xx_hal_tim_ex.o
HAL_TIMEx_PWMN_Start_IT                           build/stm32f0xx_hal_tim_ex.o
HAL_TIMEx_PWMN_Stop                               build/stm32f0xx_hal_tim_ex.o
HAL_TIMEx_PWMN_Stop_DMA                           build/stm32f0xx_hal_tim_ex.o
HAL_TIMEx_PWMN_Stop_IT                            build/stm32f0xx_hal_tim_ex.o
HAL_TIMEx_RemapConfig                             build/stm32f0xx_hal_tim_ex.o
HAL_TIM_Base_DeInit                               build/stm32f0xx_hal_tim.o
HAL_TIM_Base_GetState                             build/stm32f0xx_hal_tim.o
HAL_TIM_Base_Init                                 build/stm32f0xx_hal_tim.o
                                                  build/main.o
HAL_TIM_Base_MspDeInit                            build/stm32f0xx_hal_msp.o
HAL_TIM_Base_MspInit                              build/stm32f0xx_hal_msp.o
HAL_TIM_Base_Start                                build/stm32f0xx_hal_tim.o
HAL_TIM_Base_Start_DMA                            build/stm32f0xx_hal_tim.o
HAL_TIM_Base_Start_IT                             build/stm32f0xx_hal_tim.o
                                                  build/main.o
HAL_TIM_Base_Stop                                 build/stm32f0xx_hal_tim.o
HAL_TIM_Base_Stop_DMA                             build/stm32f0xx_hal_tim.o
HAL_TIM_Base_Stop_IT                              build/stm32f0xx_hal_tim.o
HAL_TIM_ConfigClockSource                         build/stm32f0xx_hal_tim.o
                                                  build/main.o
HAL_TIM_ConfigOCrefClear                          build/stm32f0xx_hal_tim.o
HAL_TIM_ConfigTI1Input                            build/stm32f0xx_hal_tim.o
HAL_TIM_DMABurstState                             build/stm32f0xx_hal_tim.o
HAL_TIM_DMABurst_MultiReadStart                   build/stm32f0xx_hal_tim.o
HAL_TIM_DMABurst_MultiWriteStart                  build/stm32f0xx_hal_tim.o
HAL_TIM_DMABurst_ReadStart                        build/stm32f0xx_hal_tim.o
HAL_TIM_DMABurst_ReadStop                         build/stm32f0xx_hal_tim.o
HAL_TIM_DMABurst_WriteStart                       build/stm32f0xx_hal_tim.o
HAL_TIM_DMABurst_WriteStop                        build/stm32f0xx_hal_tim.o
HAL_TIM_Encoder_DeInit                            build/stm32f0xx_hal_tim.o
HAL_TIM_Encoder_GetState                          build/stm32f0xx_hal_tim.o
HAL_TIM_Encoder_Init                              build/stm32f0xx_hal_tim.o
                                                  build/main.o
HAL_TIM_Encoder_MspDeInit                         build/stm32f0xx_hal_msp.o
HAL_TIM_Encoder_MspInit                           build/stm32f0xx_hal_msp.o
HAL_TIM_Encoder_Start                             build/stm32f0xx_hal_tim.o
HAL_TIM_Encoder_Start_DMA                         build/stm32f0xx_hal_tim.o
HAL_TIM_Encoder_Start_IT                          build/stm32f0xx_hal_tim.o
HAL_TIM_Encoder_Stop                              build/stm32f0xx_hal_tim.o
HAL_TIM_Encoder_Stop_DMA                          build/stm32f0xx_hal_tim.o
HAL_TIM_Encoder_Stop_IT                           build/stm32f0xx_hal_tim.o
HAL_TIM_ErrorCallback                             build/stm32f0xx_hal_tim.o
HAL_TIM_GenerateEvent                             build/stm32f0xx_hal_tim.o
HAL_TIM_GetActiveChannel                          build/stm32f0xx_hal_tim.o
HAL_TIM_GetChannelState                           build/stm32f0xx_hal_tim.o
HAL_TIM_IC_CaptureCallback                        build/stm32f0xx_hal_tim.o
HAL_TIM_IC_CaptureHalfCpltCallback                build/stm32f0xx_hal_tim.o
HAL_TIM_IC_ConfigChannel                          build/stm32f0xx_hal_tim.o
HAL_TIM_IC_DeInit                                 build/stm32f0xx_hal_tim.o
HAL_TIM_IC_GetState                               build/stm32f0xx_hal_tim.o
HAL_TIM_IC_Init                                   build/stm32f0xx_hal_tim.o
HAL_TIM_IC_MspDeInit                              build/stm32f0xx_hal_tim.o
HAL_TIM_IC_MspInit                                build/stm32f0xx_hal_tim.o
HAL_TIM_IC_Start                                  build/stm32f0xx_hal_tim.o
HAL_TIM_IC_Start_DMA                              build/stm32f0xx_hal_tim.o
HAL_TIM_IC_Start_IT                               build/stm32f0xx_hal_tim.o
HAL_TIM_IC_Stop                                   build/stm32f0xx_hal_tim.o
HAL_TIM_IC_Stop_DMA                               build/stm32f0xx_hal_tim.o
HAL_TIM_IC_Stop_IT                                build/stm32f0xx_hal_tim.o
HAL_TIM_IRQHandler                                build/stm32f0xx_hal_tim.o
                                                  build/startup_stm32f031x6.o
HAL_TIM_MspPostInit                               build/stm32f0xx_hal_msp.o
                                                  build/main.o
HAL_TIM_OC_ConfigChannel                          build/stm32f0xx_hal_tim.o
                                                  build/main.o
HAL_TIM_OC_DeInit                                 build/stm32f0xx_hal_tim.o
HAL_TIM_OC_DelayElapsedCallback                   build/stm32f0xx_hal_tim.o
HAL_TIM_OC_GetState                               build/stm32f0xx_hal_tim.o
HAL_TIM_OC_Init                                   build/stm32f0xx_hal_tim.o
                                                  build/main.o
HAL_TIM_OC_MspDeInit                              build/stm32f0xx_hal_msp.o
HAL_TIM_OC_MspInit                                build/stm32f0xx_hal_msp.o
HAL_TIM_OC_Start                                  build/stm32f0xx_hal_tim.o
HAL_TIM_OC_Start_DMA                              build/stm32f0xx_hal_tim.o
HAL_TIM_OC_Start_IT                               build/stm32f0xx_hal_tim.o
HAL_TIM_OC_Stop                                   build/stm32f0xx_hal_tim.o
HAL_TIM_OC_Stop_DMA                               build/stm32f0xx_hal_tim.o
HAL_TIM_OC_Stop_IT                                build/stm32f0xx_hal_tim.o
HAL_TIM_OnePulse_ConfigChannel                    build/stm32f0xx_hal_tim.o
HAL_TIM_OnePulse_DeInit                           build/stm32f0xx_hal_tim.o
HAL_TIM_OnePulse_GetState                         build/stm32f0xx_hal_tim.o
HAL_TIM_OnePulse_Init                             build/stm32f0xx_hal_tim.o
HAL_TIM_OnePulse_MspDeInit                        build/stm32f0xx_hal_tim.o
HAL_TIM_OnePulse_MspInit                          build/stm32f0xx_hal_tim.o
HAL_TIM_OnePulse_Start                            build/stm32f0xx_hal_tim.o
HAL_TIM_OnePulse_Start_IT                         build/stm32f0xx_hal_tim.o
HAL_TIM_OnePulse_Stop                             build/stm32f0xx_hal_tim.o
HAL_TIM_OnePulse_Stop_IT                          build/stm32f0xx_hal_tim.o
HAL_TIM_PWM_ConfigChannel                         build/stm32f0xx_hal_tim.o
HAL_TIM_PWM_DeInit                                build/stm32f0xx_hal_tim.o
HAL_TIM_PWM_GetState                              build/stm32f0xx_hal_tim.o
HAL_TIM_PWM_Init                                  build/stm32f0xx_hal_tim.o
HAL_TIM_PWM_MspDeInit                             build/stm32f0xx_hal_tim.o
HAL_TIM_PWM_MspInit                               build/stm32f0xx_hal_tim.o
HAL_TIM_PWM_PulseFinishedCallback                 build/stm32f0xx_hal_tim.o
HAL_TIM_PWM_PulseFinishedHalfCpltCallback         build/stm32f0xx_hal_tim.o
HAL_TIM_PWM_Start                                 build/stm32f0xx_hal_tim.o
HAL_TIM_PWM_Start_DMA                             build/stm32f0xx_hal_tim.o
HAL_TIM_PWM_Start_IT                              build/stm32f0xx_hal_tim.o
HAL_TIM_PWM_Stop                                  build/stm32f0xx_hal_tim.o
HAL_TIM_PWM_Stop_DMA                              build/stm32f0xx_hal_tim.o
HAL_TIM_PWM_Stop_IT                               build/stm32f0xx_hal_tim.o
HAL_TIM_PeriodElapsedCallback                     build/stm32f0xx_it.o
HAL_TIM_PeriodElapsedHalfCpltCallback             build/stm32f0xx_hal_tim.o
HAL_TIM_ReadCapturedValue                         build/stm32f0xx_hal_tim.o
HAL_TIM_RegisterCallback                          build/stm32f0xx_hal_tim.o
HAL_TIM_SlaveConfigSynchro                        build/stm32f0xx_hal_tim.o
HAL_TIM_SlaveConfigSynchro_IT                     build/stm32f0xx_hal_tim.o
HAL_TIM_TriggerCallback                           build/stm32f0xx_hal_tim.o
HAL_TIM_TriggerHalfCpltCallback                   build/stm32f0xx_hal_tim.o
HAL_TIM_UnRegisterCallback                        build/stm32f0xx_hal_tim.o
HAL_UARTEx_DisableStopMode                        build/stm32f0xx_hal_uart_ex.o
HAL_UARTEx_EnableStopMode                         build/stm32f0xx_hal_uart_ex.o
HAL_UARTEx_ReceiveToIdle                          build/stm32f0xx_hal_uart_ex.o
HAL_UARTEx_ReceiveToIdle_DMA                      build/stm32f0xx_hal_uart_ex.o
HAL_UARTEx_ReceiveToIdle_IT                       build/stm32f0xx_hal_uart_ex.o
HAL_UARTEx_RxEventCallback                        build/stm32f0xx_hal_uart.o
HAL_UARTEx_StopModeWakeUpSourceConfig             build/stm32f0xx_hal_uart_ex.o
HAL_UARTEx_WakeupCallback                         build/stm32f0xx_hal_uart_ex.o
                                                  build/stm32f0xx_hal_uart.o
HAL_UART_Abort                                    build/stm32f0xx_hal_uart.o
HAL_UART_AbortCpltCallback                        build/stm32f0xx_hal_uart.o
HAL_UART_AbortReceive                             build/stm32f0xx_hal_uart.o
HAL_UART_AbortReceiveCpltCallback                 build/stm32f0xx_hal_uart.o
HAL_UART_AbortReceive_IT                          build/stm32f0xx_hal_uart.o
HAL_UART_AbortTransmit                            build/stm32f0xx_hal_uart.o
HAL_UART_AbortTransmitCpltCallback                build/stm32f0xx_hal_uart.o
HAL_UART_AbortTransmit_IT                         build/stm32f0xx_hal_uart.o
HAL_UART_Abort_IT                                 build/stm32f0xx_hal_uart.o
HAL_UART_DMAPause                                 build/stm32f0xx_hal_uart.o
HAL_UART_DMAResume                                build/stm32f0xx_hal_uart.o
HAL_UART_DMAStop                                  build/stm32f0xx_hal_uart.o
HAL_UART_DeInit                                   build/stm32f0xx_hal_uart.o
HAL_UART_DisableReceiverTimeout                   build/stm32f0xx_hal_uart.o
HAL_UART_EnableReceiverTimeout                    build/stm32f0xx_hal_uart.o
HAL_UART_ErrorCallback                            build/stm32f0xx_hal_uart.o
HAL_UART_GetError                                 build/stm32f0xx_hal_uart.o
HAL_UART_GetState                                 build/stm32f0xx_hal_uart.o
HAL_UART_IRQHandler                               build/stm32f0xx_hal_uart.o
HAL_UART_Init                                     build/stm32f0xx_hal_uart.o
                                                  build/main.o
HAL_UART_MspDeInit                                build/stm32f0xx_hal_msp.o
HAL_UART_MspInit                                  build/stm32f0xx_hal_msp.o
                                                  build/stm32f0xx_hal_uart_ex.o
HAL_UART_Receive                                  build/stm32f0xx_hal_uart.o
HAL_UART_Receive_DMA                              build/stm32f0xx_hal_uart.o
HAL_UART_Receive_IT                               build/stm32f0xx_hal_uart.o
HAL_UART_ReceiverTimeout_Config                   build/stm32f0xx_hal_uart.o
HAL_UART_RxCpltCallback                           build/stm32f0xx_hal_uart.o
HAL_UART_RxHalfCpltCallback                       build/stm32f0xx_hal_uart.o
HAL_UART_Transmit                                 build/stm32f0xx_hal_uart.o
HAL_UART_Transmit_DMA                             build/stm32f0xx_hal_uart.o
HAL_UART_Transmit_IT                              build/stm32f0xx_hal_uart.o
HAL_UART_TxCpltCallback                           build/stm32f0xx_hal_uart.o
HAL_UART_TxHalfCpltCallback                       build/stm32f0xx_hal_uart.o
HardFault_Handler                                 build/startup_stm32f031x6.o
I2C1_IRQHandler                                   build/startup_stm32f031x6.o
NMI_Handler                                       build/startup_stm32f031x6.o
Os_Get_Tick_100us                                 build/os.o
Os_Handler                                        build/os.o
                                                  build/main.o
Os_Handler_10ms                                   build/os.o
                                                  build/stm32f0xx_it.o
Os_Handler_1ms                                    build/os.o
                                                  build/startup_stm32f031x6.o
Os_Handler_5ms                                    build/os.o
                                                  build/stm32f0xx_it.o
Os_Init_Task                                      build/os.o
                                                  build/main.o
Os_Time_Handler                                   build/os.o
                                                  build/stm32f0xx_it.o
Os_Var                                            build/os.o
PVD_IRQHandler                                    build/startup_stm32f031x6.o
PendSV_Handler                                    build/startup_stm32f031x6.o
RCC_IRQHandler                                    build/startup_stm32f031x6.o
RTC_IRQHandler                                    build/startup_stm32f031x6.o
Reset_Handler                                     build/startup_stm32f031x6.o
SPI1_IRQHandler                                   build/startup_stm32f031x6.o
SVC_Handler                                       build/startup_stm32f031x6.o
SysTick_Handler                                   build/startup_stm32f031x6.o
SystemClock_Config                                build/main.o
SystemCoreClock                                   build/system_stm32f0xx.o
                                                  build/stm32f0xx_hal_spi.o
                                                  build/stm32f0xx_hal.o
                                                  build/stm32f0xx_hal_rcc.o
                                                  build/stm32f0xx_hal_adc.o
SystemCoreClockUpdate                             build/system_stm32f0xx.o
SystemInit                                        build/system_stm32f0xx.o
                                                  build/startup_stm32f031x6.o
SystemTick_Handler                                build/startup_stm32f031x6.o
TIM14_Handler                                     build/startup_stm32f031x6.o
TIM14_IRQHandler                                  build/startup_stm32f031x6.o
TIM16_Handler                                     build/startup_stm32f031x6.o
TIM16_IRQHandler                                  build/startup_stm32f031x6.o
TIM17_Handler                                     build/startup_stm32f031x6.o
TIM17_IRQHandler                                  build/startup_stm32f031x6.o
TIM1_BRK_UP_TRG_COM_IRQHandler                    build/startup_stm32f031x6.o
TIM1_CC_IRQHandler                                build/startup_stm32f031x6.o
TIM2_IRQHandler                                   build/startup_stm32f031x6.o
TIM3_IRQHandler                                   build/startup_stm32f031x6.o
TIMEx_DMACommutationCplt                          build/stm32f0xx_hal_tim_ex.o
                                                  build/stm32f0xx_hal_tim.o
TIMEx_DMACommutationHalfCplt                      build/stm32f0xx_hal_tim_ex.o
                                                  build/stm32f0xx_hal_tim.o
TIM_Base_SetConfig                                build/stm32f0xx_hal_tim.o
                                                  build/stm32f0xx_hal_tim_ex.o
TIM_CCxChannelCmd                                 build/stm32f0xx_hal_tim.o
                                                  build/stm32f0xx_hal_tim_ex.o
TIM_DMACaptureCplt                                build/stm32f0xx_hal_tim.o
                                                  build/stm32f0xx_hal_tim_ex.o
TIM_DMACaptureHalfCplt                            build/stm32f0xx_hal_tim.o
                                                  build/stm32f0xx_hal_tim_ex.o
TIM_DMADelayPulseHalfCplt                         build/stm32f0xx_hal_tim.o
                                                  build/stm32f0xx_hal_tim_ex.o
TIM_DMAError                                      build/stm32f0xx_hal_tim.o
                                                  build/stm32f0xx_hal_tim_ex.o
TIM_ETR_SetConfig                                 build/stm32f0xx_hal_tim.o
TIM_OC2_SetConfig                                 build/stm32f0xx_hal_tim.o
                                                  build/stm32f0xx_hal_tim_ex.o
TIM_ResetCallback                                 build/stm32f0xx_hal_tim.o
                                                  build/stm32f0xx_hal_tim_ex.o
TIM_TI1_SetConfig                                 build/stm32f0xx_hal_tim.o
                                                  build/stm32f0xx_hal_tim_ex.o
UART_AdvFeatureConfig                             build/stm32f0xx_hal_uart.o
                                                  build/stm32f0xx_hal_uart_ex.o
UART_CheckIdleState                               build/stm32f0xx_hal_uart.o
                                                  build/stm32f0xx_hal_uart_ex.o
UART_SetConfig                                    build/stm32f0xx_hal_uart.o
                                                  build/stm32f0xx_hal_uart_ex.o
UART_Start_Receive_DMA                            build/stm32f0xx_hal_uart.o
                                                  build/stm32f0xx_hal_uart_ex.o
UART_Start_Receive_IT                             build/stm32f0xx_hal_uart.o
                                                  build/stm32f0xx_hal_uart_ex.o
UART_WaitOnFlagUntilTimeout                       build/stm32f0xx_hal_uart.o
                                                  build/stm32f0xx_hal_uart_ex.o
USART1_IRQHandler                                 build/startup_stm32f031x6.o
VectorTable                                       build/startup_stm32f031x6.o
WWDG_IRQHandler                                   build/startup_stm32f031x6.o
__aeabi_f2iz                                      d:/3.tools/arm_gcc_toolchain/bin/../lib/gcc/arm-none-eabi/10.3.1/thumb/v6-m/nofp\libgcc.a(fixsfsi.o)
                                                  build/as5048.o
__aeabi_fmul                                      d:/3.tools/arm_gcc_toolchain/bin/../lib/gcc/arm-none-eabi/10.3.1/thumb/v6-m/nofp\libgcc.a(mulsf3.o)
                                                  build/as5048.o
__aeabi_fsub                                      d:/3.tools/arm_gcc_toolchain/bin/../lib/gcc/arm-none-eabi/10.3.1/thumb/v6-m/nofp\libgcc.a(subsf3.o)
                                                  build/as5048.o
__aeabi_idiv0                                     d:/3.tools/arm_gcc_toolchain/bin/../lib/gcc/arm-none-eabi/10.3.1/thumb/v6-m/nofp\libgcc.a(_dvmd_tls.o)
                                                  d:/3.tools/arm_gcc_toolchain/bin/../lib/gcc/arm-none-eabi/10.3.1/thumb/v6-m/nofp\libgcc.a(_udivsi3.o)
__aeabi_ldiv0                                     d:/3.tools/arm_gcc_toolchain/bin/../lib/gcc/arm-none-eabi/10.3.1/thumb/v6-m/nofp\libgcc.a(_dvmd_tls.o)
__aeabi_ui2f                                      d:/3.tools/arm_gcc_toolchain/bin/../lib/gcc/arm-none-eabi/10.3.1/thumb/v6-m/nofp\libgcc.a(floatunsisf.o)
                                                  build/as5048.o
__aeabi_uidiv                                     d:/3.tools/arm_gcc_toolchain/bin/../lib/gcc/arm-none-eabi/10.3.1/thumb/v6-m/nofp\libgcc.a(_udivsi3.o)
                                                  build/stm32f0xx_hal_spi.o
                                                  build/system_stm32f0xx.o
                                                  build/stm32f0xx_hal_uart.o
                                                  build/stm32f0xx_hal_dma.o
                                                  build/stm32f0xx_hal.o
                                                  build/stm32f0xx_hal_rcc.o
                                                  build/stm32f0xx_hal_adc.o
__aeabi_uidivmod                                  d:/3.tools/arm_gcc_toolchain/bin/../lib/gcc/arm-none-eabi/10.3.1/thumb/v6-m/nofp\libgcc.a(_udivsi3.o)
                                                  build/os.o
__bss_end__                                       d:/3.tools/arm_gcc_toolchain/bin/../lib/gcc/arm-none-eabi/10.3.1/../../../../arm-none-eabi/lib/thumb/v6-m/nofp/crt0.o
__bss_start__                                     d:/3.tools/arm_gcc_toolchain/bin/../lib/gcc/arm-none-eabi/10.3.1/../../../../arm-none-eabi/lib/thumb/v6-m/nofp/crt0.o
__call_exitprocs                                  d:/3.tools/arm_gcc_toolchain/bin/../lib/gcc/arm-none-eabi/10.3.1/../../../../arm-none-eabi/lib/thumb/v6-m/nofp\libc_nano.a(lib_a-exit.o)
__clzsi2                                          d:/3.tools/arm_gcc_toolchain/bin/../lib/gcc/arm-none-eabi/10.3.1/thumb/v6-m/nofp\libgcc.a(_clzsi2.o)
                                                  d:/3.tools/arm_gcc_toolchain/bin/../lib/gcc/arm-none-eabi/10.3.1/thumb/v6-m/nofp\libgcc.a(floatunsisf.o)