Archive member included to satisfy reference by file (symbol)

d:/3.tools/arm_gcc_toolchain/bin/../lib/gcc/arm-none-eabi/10.3.1/../../../../arm-none-eabi/lib/thumb/v6-m/nofp\libc_nano.a(lib_a-exit.o)
                              d:/3.tools/arm_gcc_toolchain/bin/../lib/gcc/arm-none-eabi/10.3.1/../../../../arm-none-eabi/lib/thumb/v6-m/nofp/crt0.o (exit)
d:/3.tools/arm_gcc_toolchain/bin/../lib/gcc/arm-none-eabi/10.3.1/../../../../arm-none-eabi/lib/thumb/v6-m/nofp\libc_nano.a(lib_a-impure.o)
                              d:/3.tools/arm_gcc_toolchain/bin/../lib/gcc/arm-none-eabi/10.3.1/../../../../arm-none-eabi/lib/thumb/v6-m/nofp\libc_nano.a(lib_a-exit.o) (_global_impure_ptr)
d:/3.tools/arm_gcc_toolchain/bin/../lib/gcc/arm-none-eabi/10.3.1/../../../../arm-none-eabi/lib/thumb/v6-m/nofp\libc_nano.a(lib_a-init.o)
                              d:/3.tools/arm_gcc_toolchain/bin/../lib/gcc/arm-none-eabi/10.3.1/../../../../arm-none-eabi/lib/thumb/v6-m/nofp/crt0.o (__libc_init_array)
d:/3.tools/arm_gcc_toolchain/bin/../lib/gcc/arm-none-eabi/10.3.1/../../../../arm-none-eabi/lib/thumb/v6-m/nofp\libc_nano.a(lib_a-memset.o)
                              d:/3.tools/arm_gcc_toolchain/bin/../lib/gcc/arm-none-eabi/10.3.1/../../../../arm-none-eabi/lib/thumb/v6-m/nofp/crt0.o (memset)
d:/3.tools/arm_gcc_toolchain/bin/../lib/gcc/arm-none-eabi/10.3.1/../../../../arm-none-eabi/lib/thumb/v6-m/nofp\libnosys.a(_exit.o)
                              d:/3.tools/arm_gcc_toolchain/bin/../lib/gcc/arm-none-eabi/10.3.1/../../../../arm-none-eabi/lib/thumb/v6-m/nofp\libc_nano.a(lib_a-exit.o) (_exit)
d:/3.tools/arm_gcc_toolchain/bin/../lib/gcc/arm-none-eabi/10.3.1/thumb/v6-m/nofp\libgcc.a(_udivsi3.o)
                              build/stm32f0xx_hal_adc.o (__aeabi_uidiv)
d:/3.tools/arm_gcc_toolchain/bin/../lib/gcc/arm-none-eabi/10.3.1/thumb/v6-m/nofp\libgcc.a(_dvmd_tls.o)
                              d:/3.tools/arm_gcc_toolchain/bin/../lib/gcc/arm-none-eabi/10.3.1/thumb/v6-m/nofp\libgcc.a(_udivsi3.o) (__aeabi_idiv0)

Discarded input sections

 .text          0x00000000        0x0 d:/3.tools/arm_gcc_toolchain/bin/../lib/gcc/arm-none-eabi/10.3.1/thumb/v6-m/nofp/crti.o
 .data          0x00000000        0x0 d:/3.tools/arm_gcc_toolchain/bin/../lib/gcc/arm-none-eabi/10.3.1/thumb/v6-m/nofp/crti.o
 .bss           0x00000000        0x0 d:/3.tools/arm_gcc_toolchain/bin/../lib/gcc/arm-none-eabi/10.3.1/thumb/v6-m/nofp/crti.o
 .data          0x00000000        0x4 d:/3.tools/arm_gcc_toolchain/bin/../lib/gcc/arm-none-eabi/10.3.1/thumb/v6-m/nofp/crtbegin.o
 .rodata        0x00000000       0x24 d:/3.tools/arm_gcc_toolchain/bin/../lib/gcc/arm-none-eabi/10.3.1/thumb/v6-m/nofp/crtbegin.o
 .text          0x00000000       0x80 d:/3.tools/arm_gcc_toolchain/bin/../lib/gcc/arm-none-eabi/10.3.1/../../../../arm-none-eabi/lib/thumb/v6-m/nofp/crt0.o
 .data          0x00000000        0x0 d:/3.tools/arm_gcc_toolchain/bin/../lib/gcc/arm-none-eabi/10.3.1/../../../../arm-none-eabi/lib/thumb/v6-m/nofp/crt0.o
 .bss           0x00000000        0x0 d:/3.tools/arm_gcc_toolchain/bin/../lib/gcc/arm-none-eabi/10.3.1/../../../../arm-none-eabi/lib/thumb/v6-m/nofp/crt0.o
 .ARM.extab     0x00000000        0x0 d:/3.tools/arm_gcc_toolchain/bin/../lib/gcc/arm-none-eabi/10.3.1/../../../../arm-none-eabi/lib/thumb/v6-m/nofp/crt0.o
 .ARM.exidx     0x00000000       0x10 d:/3.tools/arm_gcc_toolchain/bin/../lib/gcc/arm-none-eabi/10.3.1/../../../../arm-none-eabi/lib/thumb/v6-m/nofp/crt0.o
 .ARM.attributes
                0x00000000       0x1b d:/3.tools/arm_gcc_toolchain/bin/../lib/gcc/arm-none-eabi/10.3.1/../../../../arm-none-eabi/lib/thumb/v6-m/nofp/crt0.o
 .text          0x00000000        0x0 build/main.o
 .data          0x00000000        0x0 build/main.o
 .bss           0x00000000        0x0 build/main.o
 .text          0x00000000        0x0 build/stm32f0xx_it.o
 .data          0x00000000        0x0 build/stm32f0xx_it.o
 .bss           0x00000000        0x0 build/stm32f0xx_it.o
 .text          0x00000000        0x0 build/stm32f0xx_hal_msp.o
 .data          0x00000000        0x0 build/stm32f0xx_hal_msp.o
 .bss           0x00000000        0x0 build/stm32f0xx_hal_msp.o
 .text.HAL_ADC_MspDeInit
                0x00000000       0x3c build/stm32f0xx_hal_msp.o
 .text.HAL_TIM_OC_MspDeInit
                0x00000000       0x24 build/stm32f0xx_hal_msp.o
 .text.HAL_TIM_Base_MspDeInit
                0x00000000       0x88 build/stm32f0xx_hal_msp.o
 .text.HAL_TIM_Encoder_MspDeInit
                0x00000000       0x2c build/stm32f0xx_hal_msp.o
 .text.HAL_UART_MspDeInit
                0x00000000       0x30 build/stm32f0xx_hal_msp.o
 .text          0x00000000        0x0 build/os.o
 .data          0x00000000        0x0 build/os.o
 .bss           0x00000000        0x0 build/os.o
 .text          0x00000000        0x0 build/stm32f0xx_hal_adc.o
 .data          0x00000000        0x0 build/stm32f0xx_hal_adc.o
 .bss           0x00000000        0x0 build/stm32f0xx_hal_adc.o
 .text.ADC_ConversionStop
[...]
Memory Configuration

Name             Origin             Length             Attributes
RAM              0x20000000         0x00001000         xrw
FLASH            0x08000000         0x00008000         xr
*default*        0x00000000         0xffffffff

Linker script and memory map

LOAD d:/3.tools/arm_gcc_toolchain/bin/../lib/gcc/arm-none-eabi/10.3.1/thumb/v6-m/nofp/crti.o
LOAD d:/3.tools/arm_gcc_toolchain/bin/../lib/gcc/arm-none-eabi/10.3.1/thumb/v6-m/nofp/crtbegin.o
LOAD d:/3.tools/arm_gcc_toolchain/bin/../lib/gcc/arm-none-eabi/10.3.1/../../../../arm-none-eabi/lib/thumb/v6-m/nofp/crt0.o
LOAD build/main.o
LOAD build/stm32f0xx_it.o
LOAD build/stm32f0xx_hal_msp.o
LOAD build/os.o
LOAD build/stm32f0xx_hal_adc.o
LOAD build/stm32f0xx_hal_adc_ex.o
LOAD build/stm32f0xx_hal_rcc.o
LOAD build/stm32f0xx_hal_rcc_ex.o
LOAD build/stm32f0xx_hal.o
LOAD build/stm32f0xx_hal_i2c.o
LOAD build/stm32f0xx_hal_i2c_ex.o
LOAD build/stm32f0xx_hal_gpio.o
LOAD build/stm32f0xx_hal_dma.o
LOAD build/stm32f0xx_hal_cortex.o
LOAD build/stm32f0xx_hal_pwr.o
LOAD build/stm32f0xx_hal_pwr_ex.o
LOAD build/stm32f0xx_hal_flash.o
LOAD build/stm32f0xx_hal_flash_ex.o
LOAD build/stm32f0xx_hal_exti.o
LOAD build/stm32f0xx_hal_tim.o
LOAD build/stm32f0xx_hal_tim_ex.o
LOAD build/stm32f0xx_hal_uart.o
LOAD build/stm32f0xx_hal_uart_ex.o
LOAD build/system_stm32f0xx.o
LOAD build/startup_stm32f031x6.o
LOAD d:/3.tools/arm_gcc_toolchain/bin/../lib/gcc/arm-none-eabi/10.3.1/../../../../arm-none-eabi/lib/thumb/v6-m/nofp\libc_nano.a
LOAD d:/3.tools/arm_gcc_toolchain/bin/../lib/gcc/arm-none-eabi/10.3.1/../../../../arm-none-eabi/lib/thumb/v6-m/nofp\libm.a
LOAD d:/3.tools/arm_gcc_toolchain/bin/../lib/gcc/arm-none-eabi/10.3.1/../../../../arm-none-eabi/lib/thumb/v6-m/nofp\libnosys.a
START GROUP
LOAD d:/3.tools/arm_gcc_toolchain/bin/../lib/gcc/arm-none-eabi/10.3.1/thumb/v6-m/nofp\libgcc.a
LOAD d:/3.tools/arm_gcc_toolchain/bin/../lib/gcc/arm-none-eabi/10.3.1/../../../../arm-none-eabi/lib/thumb/v6-m/nofp\libc_nano.a
END GROUP
START GROUP
LOAD d:/3.tools/arm_gcc_toolchain/bin/../lib/gcc/arm-none-eabi/10.3.1/thumb/v6-m/nofp\libgcc.a
LOAD d:/3.tools/arm_gcc_toolchain/bin/../lib/gcc/arm-none-eabi/10.3.1/../../../../arm-none-eabi/lib/thumb/v6-m/nofp\libc_nano.a
END GROUP
LOAD d:/3.tools/arm_gcc_toolchain/bin/../lib/gcc/arm-none-eabi/10.3.1/thumb/v6-m/nofp/crtend.o
LOAD d:/3.tools/arm_gcc_toolchain/bin/../lib/gcc/arm-none-eabi/10.3.1/thumb/v6-m/nofp/crtn.o
                0x20001000                _estack = 0x20001000
                0x00000200                _Min_Heap_Size = 0x200
                0x00000400                _Min_Stack_Size = 0x400

.isr_vector     0x08000000       0xc0
                0x08000000                . = ALIGN (0x4)
 *(.isr_vector)
 .isr_vector    0x08000000       0xc0 build/startup_stm32f031x6.o
                0x08000000                VectorTable
                0x080000c0                . = ALIGN (0x4)

.text           0x080000c0     0x28d0
                0x080000c0                . = ALIGN (0x4)
 *(.text)
 .text          0x080000c0       0x48 d:/3.tools/arm_gcc_toolchain/bin/../lib/gcc/arm-none-eabi/10.3.1/thumb/v6-m/nofp/crtbegin.o
 .text          0x08000108      0x114 d:/3.tools/arm_gcc_toolchain/bin/../lib/gcc/arm-none-eabi/10.3.1/thumb/v6-m/nofp\libgcc.a(_udivsi3.o)
                0x08000108                __aeabi_uidiv
                0x08000108                __udivsi3
                0x08000214                __aeabi_uidivmod
 .text          0x0800021c        0x4 d:/3.tools/arm_gcc_toolchain/bin/../lib/gcc/arm-none-eabi/10.3.1/thumb/v6-m/nofp\libgcc.a(_dvmd_tls.o)
                0x0800021c                __aeabi_idiv0
                0x0800021c                __aeabi_ldiv0
 *(.text*)
 .text.MX_GPIO_Init
                0x08000220       0x78 build/main.o
 .text.Error_Handler
                0x08000298        0x4 build/main.o
                0x08000298                Error_Handler
 .text.MX_ADC_Init
                0x0800029c       0x9c build/main.o
 .text.MX_TIM1_Init
                0x08000338       0xdc build/main.o
 .text.MX_TIM2_Init
                0x08000414       0x98 build/main.o
 .text.MX_TIM3_Init
                0x080004ac       0x68 build/main.o
 .text.MX_TIM17_Init
                0x08000514       0x30 build/main.o
 .text.MX_USART1_UART_Init
                0x08000544       0x38 build/main.o
 .text.MX_TIM14_Init
                0x0800057c       0x34 build/main.o
 .text.MX_TIM16_Init
                0x080005b0       0x34 build/main.o
 .text.SystemClock_Config
                0x080005e4       0x82 build/main.o
                0x080005e4                SystemClock_Config
 *fill*         0x08000666        0x2 
 .text.main     0x08000668       0x58 build/main.o
                0x08000668                main
 .text.HAL_TIM_PeriodElapsedCallback
                0x080006c0       0x3c build/stm32f0xx_it.o
                0x080006c0                HAL_TIM_PeriodElapsedCallback
 .text.HAL_MspInit
                0x080006fc       0x30 build/stm32f0xx_hal_msp.o
                0x080006fc                HAL_MspInit
 .text.HAL_ADC_MspInit
                0x0800072c       0x84 build/stm32f0xx_hal_msp.o
                0x0800072c                HAL_ADC_MspInit
 .text.HAL_TIM_OC_MspInit
                0x080007b0       0x2c build/stm32f0xx_hal_msp.o
                0x080007b0                HAL_TIM_OC_MspInit
 .text.HAL_TIM_Base_MspInit
                0x080007dc       0xec build/stm32f0xx_hal_msp.o
                0x080007dc                HAL_TIM_Base_MspInit
 .text.HAL_TIM_Encoder_MspInit
                0x080008c8       0x60 build/stm32f0xx_hal_msp.o
                0x080008c8                HAL_TIM_Encoder_MspInit
 .text.HAL_TIM_MspPostInit
                0x08000928       0x80 build/stm32f0xx_hal_msp.o
                0x08000928                HAL_TIM_MspPostInit
 .text.HAL_UART_MspInit
                0x080009a8       0x64 build/stm32f0xx_hal_msp.o
                0x080009a8                HAL_UART_MspInit
 .text.Os_1ms_Task
                0x08000a0c        0x2 build/os.o
 .text.Os_5ms_Task
                0x08000a0e        0x2 build/os.o
 .text.Os_10ms_Task
                0x08000a10        0x2 build/os.o
 .text.Os_100ms_Task
                0x08000a12        0x2 build/os.o
 .text.Os_Init_Task
                0x08000a14        0x2 build/os.o
                0x08000a14                Os_Init_Task
 *fill*         0x08000a16        0x2 
 .text.Os_Time_Handler
                0x08000a18       0x10 build/os.o
                0x08000a18                Os_Time_Handler
 .text.Os_Get_Tick_100us
                0x08000a28        0xc build/os.o
                0x08000a28                Os_Get_Tick_100us
 .text.Os_Calc_Runtime_Start
                0x08000a34       0x38 build/os.o
 .text.Os_Calc_Runtime_Stop
                0x08000a6c       0x70 build/os.o
 .text.Os_Calc_Period
                0x08000adc       0x70 build/os.o
 .text.Os_Handler
                0x08000b4c       0x48 build/os.o
                0x08000b4c                Os_Handler
 .text.Os_Handler_1ms
                0x08000b94       0x50 build/os.o
                0x08000b94                Os_Handler_1ms
 .text.Os_Handler_5ms
                0x08000be4       0x34 build/os.o
                0x08000be4                Os_Handler_5ms
 .text.Os_Handler_10ms
                0x08000c18       0x34 build/os.o
                0x08000c18                Os_Handler_10ms
 .text.HAL_ADC_Init
                0x08000c4c      0x184 build/stm32f0xx_hal_adc.o
                0x08000c4c                HAL_ADC_Init
 .text.HAL_ADC_ConfigChannel
                0x08000dd0      0x14c build/stm32f0xx_hal_adc.o
                0x08000dd0                HAL_ADC_ConfigChannel
 .text.HAL_RCC_OscConfig
                0x08000f1c      0x49c build/stm32f0xx_hal_rcc.o
                0x08000f1c                HAL_RCC_OscConfig
 .text.HAL_RCC_GetSysClockFreq
                0x080013b8       0x70 build/stm32f0xx_hal_rcc.o
                0x080013b8                HAL_RCC_GetSysClockFreq
 .text.HAL_RCC_ClockConfig
                0x08001428      0x134 build/stm32f0xx_hal_rcc.o
                0x08001428                HAL_RCC_ClockConfig
 .text.HAL_RCC_GetHCLKFreq
                0x0800155c        0xc build/stm32f0xx_hal_rcc.o
                0x0800155c                HAL_RCC_GetHCLKFreq
 .text.HAL_RCC_GetPCLK1Freq
                0x08001568       0x20 build/stm32f0xx_hal_rcc.o
                0x08001568                HAL_RCC_GetPCLK1Freq
 .text.HAL_RCCEx_PeriphCLKConfig
                0x08001588      0x11c build/stm32f0xx_hal_rcc_ex.o
                0x08001588                HAL_RCCEx_PeriphCLKConfig
 .text.HAL_InitTick
                0x080016a4       0x50 build/stm32f0xx_hal.o
                0x080016a4                HAL_InitTick
 .text.HAL_Init
                0x080016f4       0x20 build/stm32f0xx_hal.o
                0x080016f4                HAL_Init
 .text.HAL_IncTick
                0x08001714       0x18 build/stm32f0xx_hal.o
                0x08001714                HAL_IncTick
 .text.HAL_GetTick
                0x0800172c        0xc build/stm32f0xx_hal.o
                0x0800172c                HAL_GetTick
 .text.HAL_GPIO_Init
                0x08001738      0x180 build/stm32f0xx_hal_gpio.o
                0x08001738                HAL_GPIO_Init
 .text.HAL_GPIO_WritePin
                0x080018b8        0xc build/stm32f0xx_hal_gpio.o
                0x080018b8                HAL_GPIO_WritePin
 .text.HAL_NVIC_SetPriority
                0x080018c4       0x60 build/stm32f0xx_hal_cortex.o
                0x080018c4                HAL_NVIC_SetPriority
 .text.HAL_NVIC_EnableIRQ
                0x08001924       0x18 build/stm32f0xx_hal_cortex.o
                0x08001924                HAL_NVIC_EnableIRQ
 .text.HAL_SYSTICK_Config
                0x0800193c       0x38 build/stm32f0xx_hal_cortex.o
                0x0800193c                HAL_SYSTICK_Config
 .text.HAL_TIM_PeriodElapsedHalfCpltCallback
                0x08001974        0x2 build/stm32f0xx_hal_tim.o
                0x08001974                HAL_TIM_PeriodElapsedHalfCpltCallback
 .text.HAL_TIM_OC_DelayElapsedCallback
                0x08001976        0x2 build/stm32f0xx_hal_tim.o
                0x08001976                HAL_TIM_OC_DelayElapsedCallback
 .text.HAL_TIM_IC_CaptureCallback
                0x08001978        0x2 build/stm32f0xx_hal_tim.o
                0x08001978                HAL_TIM_IC_CaptureCallback
 .text.HAL_TIM_IC_CaptureHalfCpltCallback
                0x0800197a        0x2 build/stm32f0xx_hal_tim.o
                0x0800197a                HAL_TIM_IC_CaptureHalfCpltCallback
 .text.HAL_TIM_PWM_PulseFinishedCallback
                0x0800197c        0x2 build/stm32f0xx_hal_tim.o
                0x0800197c                HAL_TIM_PWM_PulseFinishedCallback
 .text.HAL_TIM_PWM_PulseFinishedHalfCpltCallback
                0x0800197e        0x2 build/stm32f0xx_hal_tim.o
                0x0800197e                HAL_TIM_PWM_PulseFinishedHalfCpltCallback
 .text.HAL_TIM_TriggerCallback
                0x08001980        0x2 build/stm32f0xx_hal_tim.o
                0x08001980                HAL_TIM_TriggerCallback
 .text.HAL_TIM_TriggerHalfCpltCallback
                0x08001982        0x2 build/stm32f0xx_hal_tim.o
                0x08001982                HAL_TIM_TriggerHalfCpltCallback
 .text.HAL_TIM_ErrorCallback
                0x08001984        0x2 build/stm32f0xx_hal_tim.o
                0x08001984                HAL_TIM_ErrorCallback
 *fill*         0x08001986        0x2 
 .text.TIM_OC1_SetConfig
                0x08001988       0x78 build/stm32f0xx_hal_tim.o
 .text.TIM_OC3_SetConfig
                0x08001a00       0x88 build/stm32f0xx_hal_tim.o
 .text.TIM_OC4_SetConfig
                0x08001a88       0x68 build/stm32f0xx_hal_tim.o
 .text.TIM_TI1_ConfigInputStage
                0x08001af0       0x22 build/stm32f0xx_hal_tim.o
 *fill*         0x08001b12        0x2 
 .text.TIM_TI2_ConfigInputStage
                0x08001b14       0x28 build/stm32f0xx_hal_tim.o
 .text.TIM_ITRx_SetConfig
                0x08001b3c       0x10 build/stm32f0xx_hal_tim.o
 .text.HAL_TIM_Base_Start_IT
                0x08001b4c       0x60 build/stm32f0xx_hal_tim.o
                0x08001b4c                HAL_TIM_Base_Start_IT
 .text.HAL_TIM_IRQHandler
                0x08001bac      0x176 build/stm32f0xx_hal_tim.o
                0x08001bac                HAL_TIM_IRQHandler
 *fill*         0x08001d22        0x2 
 .text.TIM_Base_SetConfig
                0x08001d24       0x94 build/stm32f0xx_hal_tim.o
                0x08001d24                TIM_Base_SetConfig
 .text.TIM_OC2_SetConfig
                0x08001db8       0x80 build/stm32f0xx_hal_tim.o
                0x08001db8                TIM_OC2_SetConfig
 .text.HAL_TIM_OC_ConfigChannel
                0x08001e38       0x5a build/stm32f0xx_hal_tim.o
                0x08001e38                HAL_TIM_OC_ConfigChannel
 *fill*         0x08001e92        0x2 
 .text.TIM_TI1_SetConfig
                0x08001e94       0x54 build/stm32f0xx_hal_tim.o
                0x08001e94                TIM_TI1_SetConfig
 .text.TIM_ETR_SetConfig
                0x08001ee8       0x18 build/stm32f0xx_hal_tim.o
                0x08001ee8                TIM_ETR_SetConfig
 .text.HAL_TIM_ConfigClockSource
                0x08001f00      0x108 build/stm32f0xx_hal_tim.o
                0x08001f00                HAL_TIM_ConfigClockSource
 .text.TIM_ResetCallback
                0x08002008       0x84 build/stm32f0xx_hal_tim.o
                0x08002008                TIM_ResetCallback
 .text.HAL_TIM_Base_Init
                0x0800208c       0x70 build/stm32f0xx_hal_tim.o
                0x0800208c                HAL_TIM_Base_Init
 .text.HAL_TIM_OC_Init
                0x080020fc       0x70 build/stm32f0xx_hal_tim.o
                0x080020fc                HAL_TIM_OC_Init
 .text.HAL_TIM_Encoder_Init
                0x0800216c       0xd0 build/stm32f0xx_hal_tim.o
                0x0800216c                HAL_TIM_Encoder_Init
 .text.HAL_TIMEx_HallSensor_MspInit
                0x0800223c        0x2 build/stm32f0xx_hal_tim_ex.o
                0x0800223c                HAL_TIMEx_HallSensor_MspInit
 *fill*         0x0800223e        0x2 
 .text.HAL_TIMEx_HallSensor_Init
                0x08002240       0xe8 build/stm32f0xx_hal_tim_ex.o
                0x08002240                HAL_TIMEx_HallSensor_Init
 .text.HAL_TIMEx_MasterConfigSynchronization
                0x08002328       0x64 build/stm32f0xx_hal_tim_ex.o
                0x08002328                HAL_TIMEx_MasterConfigSynchronization
 .text.HAL_TIMEx_ConfigBreakDeadTime
                0x0800238c       0x6c build/stm32f0xx_hal_tim_ex.o
                0x0800238c                HAL_TIMEx_ConfigBreakDeadTime
 .text.HAL_TIMEx_CommutCallback
                0x080023f8        0x2 build/stm32f0xx_hal_tim_ex.o
                0x080023f8                HAL_TIMEx_CommutCallback
 .text.HAL_TIMEx_CommutHalfCpltCallback
                0x080023fa        0x2 build/stm32f0xx_hal_tim_ex.o
                0x080023fa                HAL_TIMEx_CommutHalfCpltCallback
 .text.HAL_TIMEx_BreakCallback
                0x080023fc        0x2 build/stm32f0xx_hal_tim_ex.o
                0x080023fc                HAL_TIMEx_BreakCallback
 *fill*         0x080023fe        0x2 
 .text.UART_SetConfig
                0x08002400      0x158 build/stm32f0xx_hal_uart.o
                0x08002400                UART_SetConfig
 .text.UART_AdvFeatureConfig
                0x08002558       0xe0 build/stm32f0xx_hal_uart.o
                0x08002558                UART_AdvFeatureConfig
 .text.UART_WaitOnFlagUntilTimeout
                0x08002638       0xdc build/stm32f0xx_hal_uart.o
                0x08002638                UART_WaitOnFlagUntilTimeout
 .text.UART_CheckIdleState
                0x08002714       0x70 build/stm32f0xx_hal_uart.o
                0x08002714                UART_CheckIdleState
 .text.HAL_UART_Init
                0x08002784       0x6c build/stm32f0xx_hal_uart.o
                0x08002784                HAL_UART_Init
 .text.SystemInit
                0x080027f0        0x2 build/system_stm32f0xx.o
                0x080027f0                SystemInit
 *fill*         0x080027f2        0x2 
 .text.Reset_Handler
                0x080027f4       0x44 build/startup_stm32f031x6.o
                0x080027f4                Reset_Handler
 .text.Default_Handler
                0x08002838        0x2 build/startup_stm32f031x6.o
                0x08002838                Default_Handler
 .text.NMI_Handler
                0x0800283a        0x6 build/startup_stm32f031x6.o
                0x0800283a                NMI_Handler
 .text.HardFault_Handler
                0x08002840        0x6 build/startup_stm32f031x6.o
                0x08002840                HardFault_Handler
 .text.SVC_Handler
                0x08002846        0x6 build/startup_stm32f031x6.o
                0x08002846                SVC_Handler
 .text.PendSV_Handler
                0x0800284c        0x6 build/startup_stm32f031x6.o
                0x0800284c                PendSV_Handler
 .text.WWDG_IRQHandler
                0x08002852        0x6 build/startup_stm32f031x6.o
                0x08002852                WWDG_IRQHandler
 .text.PVD_IRQHandler
                0x08002858        0x6 build/startup_stm32f031x6.o
                0x08002858                PVD_IRQHandler
 .text.RTC_IRQHandler
                0x0800285e        0x6 build/startup_stm32f031x6.o
                0x0800285e                RTC_IRQHandler
 .text.FLASH_IRQHandler
                0x08002864        0x6 build/startup_stm32f031x6.o
                0x08002864                FLASH_IRQHandler
 .text.RCC_IRQHandler
                0x0800286a        0x6 build/startup_stm32f031x6.o
                0x0800286a                RCC_IRQHandler
 .text.EXTI0_1_IRQHandler
                0x08002870        0x6 build/startup_stm32f031x6.o
                0x08002870                EXTI0_1_IRQHandler
 .text.EXTI2_3_IRQHandler
                0x08002876        0x6 build/startup_stm32f031x6.o
                0x08002876                EXTI2_3_IRQHandler
 .text.EXTI4_15_IRQHandler
                0x0800287c        0x6 build/startup_stm32f031x6.o
                0x0800287c                EXTI4_15_IRQHandler
 .text.DMA1_Channel1_IRQHandler
                0x08002882        0x6 build/startup_stm32f031x6.o
                0x08002882                DMA1_Channel1_IRQHandler
 .text.DMA1_Channel2_3_IRQHandler
                0x08002888        0x6 build/startup_stm32f031x6.o
                0x08002888                DMA1_Channel2_3_IRQHandler
 .text.DMA1_Channel4_5_IRQHandler
                0x0800288e        0x6 build/startup_stm32f031x6.o
                0x0800288e                DMA1_Channel4_5_IRQHandler
 .text.ADC1_IRQHandler
                0x08002894        0x6 build/startup_stm32f031x6.o
                0x08002894                ADC1_IRQHandler
 .text.TIM1_BRK_UP_TRG_COM_IRQHandler
                0x0800289a        0x6 build/startup_stm32f031x6.o
                0x0800289a                TIM1_BRK_UP_TRG_COM_IRQHandler
 .text.TIM1_CC_IRQHandler
                0x080028a0        0x6 build/startup_stm32f031x6.o
                0x080028a0                TIM1_CC_IRQHandler
 .text.TIM2_IRQHandler
                0x080028a6        0x6 build/startup_stm32f031x6.o
                0x080028a6                TIM2_IRQHandler
 .text.TIM3_IRQHandler
                0x080028ac        0x6 build/startup_stm32f031x6.o
                0x080028ac                TIM3_IRQHandler
 .text.I2C1_IRQHandler
                0x080028b2        0x6 build/startup_stm32f031x6.o
                0x080028b2                I2C1_IRQHandler
 .text.SPI1_IRQHandler
                0x080028b8        0x6 build/startup_stm32f031x6.o
                0x080028b8                SPI1_IRQHandler
 .text.USART1_IRQHandler
                0x080028be        0x6 build/startup_stm32f031x6.o
                0x080028be                USART1_IRQHandler
 .text.TIM14_Handler
                0x080028c4       0x10 build/startup_stm32f031x6.o
                0x080028c4                TIM14_Handler
 .text.TIM14_IRQHandler
                0x080028d4        0x8 build/startup_stm32f031x6.o
                0x080028d4                TIM14_IRQHandler
 .text.TIM16_Handler
                0x080028dc       0x10 build/startup_stm32f031x6.o
                0x080028dc                TIM16_Handler
 .text.TIM16_IRQHandler
                0x080028ec        0x8 build/startup_stm32f031x6.o
                0x080028ec                TIM16_IRQHandler
 .text.TIM17_Handler
                0x080028f4       0x10 build/startup_stm32f031x6.o
                0x080028f4                TIM17_Handler
 .text.TIM17_IRQHandler
                0x08002904        0x8 build/startup_stm32f031x6.o
                0x08002904                TIM17_IRQHandler
 .text.SystemTick_Handler
                0x0800290c        0xc build/startup_stm32f031x6.o
                0x0800290c                SystemTick_Handler
 .text.SysTick_Handler
                0x08002918        0x8 build/startup_stm32f031x6.o
                0x08002918                SysTick_Handler
 .text.__libc_init_array
                0x08002920       0x48 d:/3.tools/arm_gcc_toolchain/bin/../lib/gcc/arm-none-eabi/10.3.1/../../../../arm-none-eabi/lib/thumb/v6-m/nofp\libc_nano.a(lib_a-init.o)
                0x08002920                __libc_init_array
 .text.memset   0x08002968       0x10 d:/3.tools/arm_gcc_toolchain/bin/../lib/gcc/arm-none-eabi/10.3.1/../../../../arm-none-eabi/lib/thumb/v6-m/nofp\libc_nano.a(lib_a-memset.o)
                0x08002968                memset
 *(.glue_7)
 .glue_7        0x08002978        0x0 linker stubs
 *(.glue_7t)
 .glue_7t       0x08002978        0x0 linker stubs
 *(.eh_frame)
 .eh_frame      0x08002978        0x0 d:/3.tools/arm_gcc_toolchain/bin/../lib/gcc/arm-none-eabi/10.3.1/thumb/v6-m/nofp/crtbegin.o
 *(.init)
 .init          0x08002978        0x4 d:/3.tools/arm_gcc_toolchain/bin/../lib/gcc/arm-none-eabi/10.3.1/thumb/v6-m/nofp/crti.o
                0x08002978                _init
 .init          0x0800297c        0x8 d:/3.tools/arm_gcc_toolchain/bin/../lib/gcc/arm-none-eabi/10.3.1/thumb/v6-m/nofp/crtn.o
 *(.fini)
 .fini          0x08002984        0x4 d:/3.tools/arm_gcc_toolchain/bin/../lib/gcc/arm-none-eabi/10.3.1/thumb/v6-m/nofp/crti.o
                0x08002984                _fini
 .fini          0x08002988        0x8 d:/3.tools/arm_gcc_toolchain/bin/../lib/gcc/arm-none-eabi/10.3.1/thumb/v6-m/nofp/crtn.o
                0x08002990                . = ALIGN (0x4)
                0x08002990                _etext = .

.vfp11_veneer   0x08002990        0x0
 .vfp11_veneer  0x08002990        0x0 linker stubs

.v4_bx          0x08002990        0x0
 .v4_bx         0x08002990        0x0 linker stubs

.iplt           0x08002990        0x0
 .iplt          0x08002990        0x0 d:/3.tools/arm_gcc_toolchain/bin/../lib/gcc/arm-none-eabi/10.3.1/thumb/v6-m/nofp/crtbegin.o

.rodata         0x08002990       0x40
                0x08002990                . = ALIGN (0x4)
 *(.rodata)
 *(.rodata*)
 .rodata.HAL_RCC_GetSysClockFreq.str1.4
                0x08002990       0x25 build/stm32f0xx_hal_rcc.o
 *fill*         0x080029b5        0x3 
 .rodata.AHBPrescTable
                0x080029b8       0x10 build/system_stm32f0xx.o
                0x080029b8                AHBPrescTable
 .rodata.APBPrescTable
                0x080029c8        0x8 build/system_stm32f0xx.o
                0x080029c8                APBPrescTable
                0x080029d0                . = ALIGN (0x4)

.rel.dyn        0x080029d0        0x0
 .rel.iplt      0x080029d0        0x0 d:/3.tools/arm_gcc_toolchain/bin/../lib/gcc/arm-none-eabi/10.3.1/thumb/v6-m/nofp/crtbegin.o

.ARM.extab
 *(.ARM.extab* .gnu.linkonce.armextab.*)

.ARM            0x080029d0        0x0
                0x080029d0                __exidx_start = .
 *(.ARM.exidx*)
                0x080029d0                __exidx_end = .

.preinit_array  0x080029d0        0x0
                0x080029d0                PROVIDE (__preinit_array_start = .)
 *(.preinit_array*)
                0x080029d0                PROVIDE (__preinit_array_end = .)

.init_array     0x080029d0        0x4
                0x080029d0                PROVIDE (__init_array_start = .)
 *(SORT_BY_NAME(.init_array.*))
 *(.init_array*)
 .init_array    0x080029d0        0x4 d:/3.tools/arm_gcc_toolchain/bin/../lib/gcc/arm-none-eabi/10.3.1/thumb/v6-m/nofp/crtbegin.o
                0x080029d4                PROVIDE (__init_array_end = .)

.fini_array     0x080029d4        0x4
                [!provide]                PROVIDE (__fini_array_start = .)
 *(SORT_BY_NAME(.fini_array.*))
 *(.fini_array*)
 .fini_array    0x080029d4        0x4 d:/3.tools/arm_gcc_toolchain/bin/../lib/gcc/arm-none-eabi/10.3.1/thumb/v6-m/nofp/crtbegin.o
                [!provide]                PROVIDE (__fini_array_end = .)
                0x080029d8                _sidata = LOADADDR (.data)

.data           0x20000000        0xc load address 0x080029d8
                0x20000000                . = ALIGN (0x4)
                0x20000000                _sdata = .
 *(.data)
 *(.data*)
 .data.uwTickFreq
                0x20000000        0x1 build/stm32f0xx_hal.o
                0x20000000                uwTickFreq
 *fill*         0x20000001        0x3 
 .data.uwTickPrio
                0x20000004        0x4 build/stm32f0xx_hal.o
                0x20000004                uwTickPrio
 .data.SystemCoreClock
                0x20000008        0x4 build/system_stm32f0xx.o
                0x20000008                SystemCoreClock
                0x2000000c                . = ALIGN (0x4)
                0x2000000c                _edata = .

.igot.plt       0x2000000c        0x0 load address 0x080029e4
 .igot.plt      0x2000000c        0x0 d:/3.tools/arm_gcc_toolchain/bin/../lib/gcc/arm-none-eabi/10.3.1/thumb/v6-m/nofp/crtbegin.o
                0x2000000c                . = ALIGN (0x4)

.bss            0x2000000c      0x59c load address 0x080029e4
                0x2000000c                _sbss = .
                0x2000000c                __bss_start__ = _sbss
 *(.bss)
 .bss           0x2000000c       0x1c d:/3.tools/arm_gcc_toolchain/bin/../lib/gcc/arm-none-eabi/10.3.1/thumb/v6-m/nofp/crtbegin.o
 *(.bss*)
 .bss.hadc      0x20000028       0x40 build/main.o
                0x20000028                hadc
 .bss.htim1     0x20000068       0xb4 build/main.o
                0x20000068                htim1
 .bss.htim14    0x2000011c       0xb4 build/main.o
                0x2000011c                htim14
 .bss.htim16    0x200001d0       0xb4 build/main.o
                0x200001d0                htim16
 .bss.htim17    0x20000284       0xb4 build/main.o
                0x20000284                htim17
 .bss.htim2     0x20000338       0xb4 build/main.o
                0x20000338                htim2
 .bss.htim3     0x200003ec       0xb4 build/main.o
                0x200003ec                htim3
 .bss.huart1    0x200004a0       0x84 build/main.o
                0x200004a0                huart1
 .bss.Os_Var    0x20000524       0x80 build/os.o
                0x20000524                Os_Var
 .bss.uwTick    0x200005a4        0x4 build/stm32f0xx_hal.o
                0x200005a4                uwTick
 *(COMMON)
                0x200005a8                . = ALIGN (0x4)
                0x200005a8                _ebss = .
                0x200005a8                __bss_end__ = _ebss

._user_heap_stack
                0x200005a8      0x600 load address 0x080029e4
                0x200005a8                . = ALIGN (0x8)
                [!provide]                PROVIDE (end = .)
                [!provide]                PROVIDE (_end = .)
                0x200007a8                . = (. + _Min_Heap_Size)
 *fill*         0x200005a8      0x200 
                0x20000ba8                . = (. + _Min_Stack_Size)
 *fill*         0x200007a8      0x400 
                0x20000ba8                . = ALIGN (0x8)

/DISCARD/
 libc.a(*)
 libm.a(*)
 libgcc.a(*)

.ARM.attributes
                0x00000000       0x28
 *(.ARM.attributes)
 .ARM.attributes
                0x00000000       0x1e d:/3.tools/arm_gcc_toolchain/bin/../lib/gcc/arm-none-eabi/10.3.1/thumb/v6-m/nofp/crti.o
 .ARM.attributes
                0x0000001e       0x2c d:/3.tools/arm_gcc_toolchain/bin/../lib/gcc/arm-none-eabi/10.3.1/thumb/v6-m/nofp/crtbegin.o
 .ARM.attributes
                0x0000004a       0x2c build/main.o
 .ARM.attributes
                0x00000076       0x2c build/stm32f0xx_it.o
 .ARM.attributes
                0x000000a2       0x2c build/stm32f0xx_hal_msp.o
 .ARM.attributes
                0x000000ce       0x2c build/os.o
 .ARM.attributes
                0x000000fa       0x2c build/stm32f0xx_hal_adc.o
 .ARM.attributes
                0x00000126       0x2c build/stm32f0xx_hal_rcc.o
 .ARM.attributes
                0x00000152       0x2c build/stm32f0xx_hal_rcc_ex.o
 .ARM.attributes
                0x0000017e       0x2c build/stm32f0xx_hal.o
 .ARM.attributes
                0x000001aa       0x2c build/stm32f0xx_hal_gpio.o
 .ARM.attributes
                0x000001d6       0x2c build/stm32f0xx_hal_cortex.o
 .ARM.attributes
                0x00000202       0x2c build/stm32f0xx_hal_tim.o
 .ARM.attributes
                0x0000022e       0x2c build/stm32f0xx_hal_tim_ex.o
 .ARM.attributes
                0x0000025a       0x2c build/stm32f0xx_hal_uart.o
 .ARM.attributes
                0x00000286       0x2c build/system_stm32f0xx.o
 .ARM.attributes
                0x000002b2       0x2c build/startup_stm32f031x6.o
 .ARM.attributes
                0x000002de       0x2c d:/3.tools/arm_gcc_toolchain/bin/../lib/gcc/arm-none-eabi/10.3.1/../../../../arm-none-eabi/lib/thumb/v6-m/nofp\libc_nano.a(lib_a-init.o)
 .ARM.attributes
                0x0000030a       0x2c d:/3.tools/arm_gcc_toolchain/bin/../lib/gcc/arm-none-eabi/10.3.1/../../../../arm-none-eabi/lib/thumb/v6-m/nofp\libc_nano.a(lib_a-memset.o)
 .ARM.attributes
                0x00000336       0x1e d:/3.tools/arm_gcc_toolchain/bin/../lib/gcc/arm-none-eabi/10.3.1/thumb/v6-m/nofp\libgcc.a(_udivsi3.o)
 .ARM.attributes
                0x00000354       0x1e d:/3.tools/arm_gcc_toolchain/bin/../lib/gcc/arm-none-eabi/10.3.1/thumb/v6-m/nofp\libgcc.a(_dvmd_tls.o)
 .ARM.attributes
                0x00000372       0x1e d:/3.tools/arm_gcc_toolchain/bin/../lib/gcc/arm-none-eabi/10.3.1/thumb/v6-m/nofp/crtn.o
OUTPUT(build/Motor_Speed_Control.elf elf32-littlearm)
LOAD linker stubs
LOAD d:/3.tools/arm_gcc_toolchain/bin/../lib/gcc/arm-none-eabi/10.3.1/../../../../arm-none-eabi/lib/thumb/v6-m/nofp\libc.a
LOAD d:/3.tools/arm_gcc_toolchain/bin/../lib/gcc/arm-none-eabi/10.3.1/../../../../arm-none-eabi/lib/thumb/v6-m/nofp\libm.a
LOAD d:/3.tools/arm_gcc_toolchain/bin/../lib/gcc/arm-none-eabi/10.3.1/thumb/v6-m/nofp\libgcc.a

.debug_info     0x00000000    0x14389
 .debug_info    0x00000000     0x1fed build/main.o
 .debug_info    0x00001fed      0x8d2 build/stm32f0xx_it.o
 .debug_info    0x000028bf     0x18bf build/stm32f0xx_hal_msp.o
 .debug_info    0x0000417e      0x76c build/os.o
 .debug_info    0x000048ea     0x10b0 build/stm32f0xx_hal_adc.o
 .debug_info    0x0000599a      0xb23 build/stm32f0xx_hal_rcc.o
 .debug_info    0x000064bd      0x41c build/stm32f0xx_hal_rcc_ex.o
 .debug_info    0x000068d9      0x7d6 build/stm32f0xx_hal.o
 .debug_info    0x000070af      0x6c1 build/stm32f0xx_hal_gpio.o
 .debug_info    0x00007770      0x89a build/stm32f0xx_hal_cortex.o
 .debug_info    0x0000800a     0x434a build/stm32f0xx_hal_tim.o
 .debug_info    0x0000c354     0x1d66 build/stm32f0xx_hal_tim_ex.o
 .debug_info    0x0000e0ba     0x5197 build/stm32f0xx_hal_uart.o
 .debug_info    0x00013251      0x2bc build/system_stm32f0xx.o
 .debug_info    0x0001350d      0xe7c build/startup_stm32f031x6.o

.debug_abbrev   0x00000000     0x2187
 .debug_abbrev  0x00000000      0x29f build/main.o
 .debug_abbrev  0x0000029f      0x185 build/stm32f0xx_it.o
 .debug_abbrev  0x00000424      0x260 build/stm32f0xx_hal_msp.o
 .debug_abbrev  0x00000684      0x185 build/os.o
 .debug_abbrev  0x00000809      0x24d build/stm32f0xx_hal_adc.o
 .debug_abbrev  0x00000a56      0x280 build/stm32f0xx_hal_rcc.o
 .debug_abbrev  0x00000cd6      0x1ab build/stm32f0xx_hal_rcc_ex.o
 .debug_abbrev  0x00000e81      0x249 build/stm32f0xx_hal.o
 .debug_abbrev  0x000010ca      0x222 build/stm32f0xx_hal_gpio.o
 .debug_abbrev  0x000012ec      0x2ab build/stm32f0xx_hal_cortex.o
 .debug_abbrev  0x00001597      0x2d2 build/stm32f0xx_hal_tim.o
 .debug_abbrev  0x00001869      0x2a9 build/stm32f0xx_hal_tim_ex.o
 .debug_abbrev  0x00001b12      0x319 build/stm32f0xx_hal_uart.o
 .debug_abbrev  0x00001e2b      0x134 build/system_stm32f0xx.o
 .debug_abbrev  0x00001f5f      0x228 build/startup_stm32f031x6.o

.debug_loc      0x00000000    0x10359
 .debug_loc     0x00000000      0x1aa build/main.o
 .debug_loc     0x000001aa       0x6c build/stm32f0xx_it.o
 .debug_loc     0x00000216      0x498 build/stm32f0xx_hal_msp.o
 .debug_loc     0x000006ae      0x36c build/os.o
 .debug_loc     0x00000a1a     0x10c9 build/stm32f0xx_hal_adc.o
 .debug_loc     0x00001ae3      0x738 build/stm32f0xx_hal_rcc.o
 .debug_loc     0x0000221b      0x3e3 build/stm32f0xx_hal_rcc_ex.o
 .debug_loc     0x000025fe      0x1e1 build/stm32f0xx_hal.o
 .debug_loc     0x000027df      0x420 build/stm32f0xx_hal_gpio.o
 .debug_loc     0x00002bff      0x473 build/stm32f0xx_hal_cortex.o
 .debug_loc     0x00003072     0x6503 build/stm32f0xx_hal_tim.o
 .debug_loc     0x00009575     0x26a5 build/stm32f0xx_hal_tim_ex.o
 .debug_loc     0x0000bc1a     0x4125 build/stm32f0xx_hal_uart.o
 .debug_loc     0x0000fd3f      0x187 build/system_stm32f0xx.o
 .debug_loc     0x0000fec6      0x493 build/startup_stm32f031x6.o

.debug_aranges  0x00000000      0xda0
 .debug_aranges
                0x00000000       0x78 build/main.o
 .debug_aranges
                0x00000078       0x20 build/stm32f0xx_it.o
 .debug_aranges
                0x00000098       0x78 build/stm32f0xx_hal_msp.o
 .debug_aranges
                0x00000110       0x88 build/os.o
 .debug_aranges
                0x00000198       0xf8 build/stm32f0xx_hal_adc.o
 .debug_aranges
                0x00000290       0x80 build/stm32f0xx_hal_rcc.o
 .debug_aranges
                0x00000310       0x30 build/stm32f0xx_hal_rcc_ex.o
 .debug_aranges
                0x00000340       0xd0 build/stm32f0xx_hal.o
 .debug_aranges
                0x00000410       0x58 build/stm32f0xx_hal_gpio.o
 .debug_aranges
                0x00000468       0x78 build/stm32f0xx_hal_cortex.o
 .debug_aranges
                0x000004e0      0x3e8 build/stm32f0xx_hal_tim.o
 .debug_aranges
                0x000008c8      0x168 build/stm32f0xx_hal_tim_ex.o
 .debug_aranges
                0x00000a30      0x228 build/stm32f0xx_hal_uart.o
 .debug_aranges
                0x00000c58       0x28 build/system_stm32f0xx.o
 .debug_aranges
                0x00000c80      0x120 build/startup_stm32f031x6.o

.debug_ranges   0x00000000      0xd40
 .debug_ranges  0x00000000       0x68 build/main.o
 .debug_ranges  0x00000068       0x10 build/stm32f0xx_it.o
 .debug_ranges  0x00000078       0x68 build/stm32f0xx_hal_msp.o
 .debug_ranges  0x000000e0       0x78 build/os.o
 .debug_ranges  0x00000158       0xe8 build/stm32f0xx_hal_adc.o
 .debug_ranges  0x00000240       0x88 build/stm32f0xx_hal_rcc.o
 .debug_ranges  0x000002c8       0x38 build/stm32f0xx_hal_rcc_ex.o
 .debug_ranges  0x00000300       0xc0 build/stm32f0xx_hal.o
 .debug_ranges  0x000003c0       0x48 build/stm32f0xx_hal_gpio.o
 .debug_ranges  0x00000408       0xc8 build/stm32f0xx_hal_cortex.o
 .debug_ranges  0x000004d0      0x3d8 build/stm32f0xx_hal_tim.o
 .debug_ranges  0x000008a8      0x158 build/stm32f0xx_hal_tim_ex.o
 .debug_ranges  0x00000a00      0x218 build/stm32f0xx_hal_uart.o
 .debug_ranges  0x00000c18       0x18 build/system_stm32f0xx.o
 .debug_ranges  0x00000c30      0x110 build/startup_stm32f031x6.o

.debug_line     0x00000000     0xf1d9
 .debug_line    0x00000000      0x915 build/main.o
 .debug_line    0x00000915      0x1bf build/stm32f0xx_it.o
 .debug_line    0x00000ad4      0x5bd build/stm32f0xx_hal_msp.o
 .debug_line    0x00001091      0x418 build/os.o
 .debug_line    0x000014a9      0xfd1 build/stm32f0xx_hal_adc.o
 .debug_line    0x0000247a      0xb25 build/stm32f0xx_hal_rcc.o
 .debug_line    0x00002f9f      0x44d build/stm32f0xx_hal_rcc_ex.o
 .debug_line    0x000033ec      0x4c8 build/stm32f0xx_hal.o
 .debug_line    0x000038b4      0x617 build/stm32f0xx_hal_gpio.o
 .debug_line    0x00003ecb      0x4d4 build/stm32f0xx_hal_cortex.o
 .debug_line    0x0000439f     0x5054 build/stm32f0xx_hal_tim.o
 .debug_line    0x000093f3     0x1b6f build/stm32f0xx_hal_tim_ex.o
 .debug_line    0x0000af62     0x3bbe build/stm32f0xx_hal_uart.o
 .debug_line    0x0000eb20      0x1e7 build/system_stm32f0xx.o
 .debug_line    0x0000ed07      0x4d2 build/startup_stm32f031x6.o

.debug_str      0x00000000     0x441d
 .debug_str     0x00000000     0x11f6 build/main.o
                               0x1409 (size before relaxing)
 .debug_str     0x000011f6       0x6a build/stm32f0xx_it.o
                                0x8ff (size before relaxing)
 .debug_str     0x00001260      0x2c5 build/stm32f0xx_hal_msp.o
                               0x1011 (size before relaxing)
 .debug_str     0x00001525      0x44a build/os.o
                                0x58e (size before relaxing)
 .debug_str     0x0000196f      0x332 build/stm32f0xx_hal_adc.o
                                0x8cb (size before relaxing)
 .debug_str     0x00001ca1      0x22b build/stm32f0xx_hal_rcc.o
                                0x63e (size before relaxing)
 .debug_str     0x00001ecc       0x94 build/stm32f0xx_hal_rcc_ex.o
                                0x395 (size before relaxing)
 .debug_str     0x00001f60      0x267 build/stm32f0xx_hal.o
                                0x661 (size before relaxing)
 .debug_str     0x000021c7      0x108 build/stm32f0xx_hal_gpio.o
                                0x3dd (size before relaxing)
 .debug_str     0x000022cf      0x243 build/stm32f0xx_hal_cortex.o
                                0x5ac (size before relaxing)
 .debug_str     0x00002512     0x100e build/stm32f0xx_hal_tim.o
                               0x1c01 (size before relaxing)
 .debug_str     0x00003520      0x459 build/stm32f0xx_hal_tim_ex.o
                               0x1079 (size before relaxing)
 .debug_str     0x00003979      0x79f build/stm32f0xx_hal_uart.o
                                0xe9e (size before relaxing)
 .debug_str     0x00004118       0x5c build/system_stm32f0xx.o
                                0x25a (size before relaxing)
 .debug_str     0x00004174      0x2a9 build/startup_stm32f031x6.o
                                0xb96 (size before relaxing)

.comment        0x00000000       0x49
 .comment       0x00000000       0x49 build/main.o
                                 0x4a (size before relaxing)
 .comment       0x00000049       0x4a build/stm32f0xx_it.o
 .comment       0x00000049       0x4a build/stm32f0xx_hal_msp.o
 .comment       0x00000049       0x4a build/os.o
 .comment       0x00000049       0x4a build/stm32f0xx_hal_adc.o
 .comment       0x00000049       0x4a build/stm32f0xx_hal_rcc.o
 .comment       0x00000049       0x4a build/stm32f0xx_hal_rcc_ex.o
 .comment       0x00000049       0x4a build/stm32f0xx_hal.o
 .comment       0x00000049       0x4a build/stm32f0xx_hal_gpio.o
 .comment       0x00000049       0x4a build/stm32f0xx_hal_cortex.o
 .comment       0x00000049       0x4a build/stm32f0xx_hal_tim.o
 .comment       0x00000049       0x4a build/stm32f0xx_hal_tim_ex.o
 .comment       0x00000049       0x4a build/stm32f0xx_hal_uart.o
 .comment       0x00000049       0x4a build/system_stm32f0xx.o
 .comment       0x00000049       0x4a build/startup_stm32f031x6.o

.debug_frame    0x00000000     0x247c
 .debug_frame   0x00000000      0x134 build/main.o
 .debug_frame   0x00000134       0x28 build/stm32f0xx_it.o
 .debug_frame   0x0000015c      0x134 build/stm32f0xx_hal_msp.o
 .debug_frame   0x00000290      0x128 build/os.o
 .debug_frame   0x000003b8      0x2a0 build/stm32f0xx_hal_adc.o
 .debug_frame   0x00000658      0x13c build/stm32f0xx_hal_rcc.o
 .debug_frame   0x00000794       0x58 build/stm32f0xx_hal_rcc_ex.o
 .debug_frame   0x000007ec      0x1ac build/stm32f0xx_hal.o
 .debug_frame   0x00000998       0xc0 build/stm32f0xx_hal_gpio.o
 .debug_frame   0x00000a58       0xe4 build/stm32f0xx_hal_cortex.o
 .debug_frame   0x00000b3c      0xb24 build/stm32f0xx_hal_tim.o
 .debug_frame   0x00001660      0x420 build/stm32f0xx_hal_tim_ex.o
 .debug_frame   0x00001a80      0x638 build/stm32f0xx_hal_uart.o
 .debug_frame   0x000020b8       0x38 build/system_stm32f0xx.o
 .debug_frame   0x000020f0      0x320 build/startup_stm32f031x6.o
 .debug_frame   0x00002410       0x2c d:/3.tools/arm_gcc_toolchain/bin/../lib/gcc/arm-none-eabi/10.3.1/../../../../arm-none-eabi/lib/thumb/v6-m/nofp\libc_nano.a(lib_a-init.o)
 .debug_frame   0x0000243c       0x20 d:/3.tools/arm_gcc_toolchain/bin/../lib/gcc/arm-none-eabi/10.3.1/../../../../arm-none-eabi/lib/thumb/v6-m/nofp\libc_nano.a(lib_a-memset.o)
 .debug_frame   0x0000245c       0x20 d:/3.tools/arm_gcc_toolchain/bin/../lib/gcc/arm-none-eabi/10.3.1/thumb/v6-m/nofp\libgcc.a(_udivsi3.o)

Cross Reference Table

Symbol                                            File
ADC1_IRQHandler                                   build/startup_stm32f031x6.o
AHBPrescTable                                     build/system_stm32f0xx.o
                                                  build/stm32f0xx_hal_rcc.o
APBPrescTable                                     build/system_stm32f0xx.o
                                                  build/stm32f0xx_hal_rcc.o
DMA1_Channel1_IRQHandler                          build/startup_stm32f031x6.o
DMA1_Channel2_3_IRQHandler                        build/startup_stm32f031x6.o
DMA1_Channel4_5_IRQHandler                        build/startup_stm32f031x6.o
Default_Handler                                   build/startup_stm32f031x6.o
EXTI0_1_IRQHandler                                build/startup_stm32f031x6.o
EXTI2_3_IRQHandler                                build/startup_stm32f031x6.o
EXTI4_15_IRQHandler                               build/startup_stm32f031x6.o
Error_Handler                                     build/main.o
FLASH_IRQHandler                                  build/startup_stm32f031x6.o
FLASH_PageErase                                   build/stm32f0xx_hal_flash_ex.o
                                                  build/stm32f0xx_hal_flash.o
FLASH_WaitForLastOperation                        build/stm32f0xx_hal_flash.o
                                                  build/stm32f0xx_hal_flash_ex.o
HAL_ADCEx_Calibration_Start                       build/stm32f0xx_hal_adc_ex.o
HAL_ADC_AnalogWDGConfig                           build/stm32f0xx_hal_adc.o
HAL_ADC_ConfigChannel                             build/stm32f0xx_hal_adc.o
                                                  build/main.o
HAL_ADC_ConvCpltCallback                          build/stm32f0xx_hal_adc.o
HAL_ADC_ConvHalfCpltCallback                      build/stm32f0xx_hal_adc.o
HAL_ADC_DeInit                                    build/stm32f0xx_hal_adc.o
HAL_ADC_ErrorCallback                             build/stm32f0xx_hal_adc.o
HAL_ADC_GetError                                  build/stm32f0xx_hal_adc.o
HAL_ADC_GetState                                  build/stm32f0xx_hal_adc.o
HAL_ADC_GetValue                                  build/stm32f0xx_hal_adc.o
HAL_ADC_IRQHandler                                build/stm32f0xx_hal_adc.o
HAL_ADC_Init                                      build/stm32f0xx_hal_adc.o
                                                  build/main.o
HAL_ADC_LevelOutOfWindowCallback                  build/stm32f0xx_hal_adc.o
HAL_ADC_MspDeInit                                 build/stm32f0xx_hal_msp.o
HAL_ADC_MspInit                                   build/stm32f0xx_hal_msp.o
HAL_ADC_PollForConversion                         build/stm32f0xx_hal_adc.o
HAL_ADC_PollForEvent                              build/stm32f0xx_hal_adc.o
HAL_ADC_Start                                     build/stm32f0xx_hal_adc.o
HAL_ADC_Start_DMA                                 build/stm32f0xx_hal_adc.o
HAL_ADC_Start_IT                                  build/stm32f0xx_hal_adc.o
HAL_ADC_Stop                                      build/stm32f0xx_hal_adc.o
HAL_ADC_Stop_DMA                                  build/stm32f0xx_hal_adc.o
HAL_ADC_Stop_IT                                   build/stm32f0xx_hal_adc.o
HAL_DBGMCU_DisableDBGStandbyMode                  build/stm32f0xx_hal.o
HAL_DBGMCU_DisableDBGStopMode                     build/stm32f0xx_hal.o
HAL_DBGMCU_EnableDBGStandbyMode                   build/stm32f0xx_hal.o
HAL_DBGMCU_EnableDBGStopMode                      build/stm32f0xx_hal.o
HAL_DMA_Abort                                     build/stm32f0xx_hal_dma.o
                                                  build/stm32f0xx_hal_uart.o
                                                  build/stm32f0xx_hal_adc.o
HAL_DMA_Abort_IT                                  build/stm32f0xx_hal_dma.o
                                                  build/stm32f0xx_hal_uart.o
                                                  build/stm32f0xx_hal_tim_ex.o
                                                  build/stm32f0xx_hal_tim.o
                                                  build/stm32f0xx_hal_i2c.o
HAL_DMA_DeInit                                    build/stm32f0xx_hal_dma.o
HAL_DMA_GetError                                  build/stm32f0xx_hal_dma.o
                                                  build/stm32f0xx_hal_uart.o
HAL_DMA_GetState                                  build/stm32f0xx_hal_dma.o
                                                  build/stm32f0xx_hal_i2c.o
HAL_DMA_IRQHandler                                build/stm32f0xx_hal_dma.o
HAL_DMA_Init                                      build/stm32f0xx_hal_dma.o
HAL_DMA_PollForTransfer                           build/stm32f0xx_hal_dma.o
HAL_DMA_RegisterCallback                          build/stm32f0xx_hal_dma.o
HAL_DMA_Start                                     build/stm32f0xx_hal_dma.o
HAL_DMA_Start_IT                                  build/stm32f0xx_hal_dma.o
                                                  build/stm32f0xx_hal_uart.o
                                                  build/stm32f0xx_hal_tim_ex.o
                                                  build/stm32f0xx_hal_tim.o
                                                  build/stm32f0xx_hal_i2c.o
                                                  build/stm32f0xx_hal_adc.o
HAL_DMA_UnRegisterCallback                        build/stm32f0xx_hal_dma.o
HAL_DeInit                                        build/stm32f0xx_hal.o
HAL_Delay                                         build/stm32f0xx_hal.o
HAL_EXTI_ClearConfigLine                          build/stm32f0xx_hal_exti.o
HAL_EXTI_ClearPending                             build/stm32f0xx_hal_exti.o
HAL_EXTI_GenerateSWI                              build/stm32f0xx_hal_exti.o
HAL_EXTI_GetConfigLine                            build/stm32f0xx_hal_exti.o
HAL_EXTI_GetHandle                                build/stm32f0xx_hal_exti.o
HAL_EXTI_GetPending                               build/stm32f0xx_hal_exti.o
HAL_EXTI_IRQHandler                               build/stm32f0xx_hal_exti.o
HAL_EXTI_RegisterCallback                         build/stm32f0xx_hal_exti.o
HAL_EXTI_SetConfigLine                            build/stm32f0xx_hal_exti.o
HAL_FLASHEx_Erase                                 build/stm32f0xx_hal_flash_ex.o
HAL_FLASHEx_Erase_IT                              build/stm32f0xx_hal_flash_ex.o
HAL_FLASHEx_OBErase                               build/stm32f0xx_hal_flash_ex.o
HAL_FLASHEx_OBGetConfig                           build/stm32f0xx_hal_flash_ex.o
HAL_FLASHEx_OBGetUserData                         build/stm32f0xx_hal_flash_ex.o
HAL_FLASHEx_OBProgram                             build/stm32f0xx_hal_flash_ex.o
HAL_FLASH_EndOfOperationCallback                  build/stm32f0xx_hal_flash.o
HAL_FLASH_GetError                                build/stm32f0xx_hal_flash.o
HAL_FLASH_IRQHandler                              build/stm32f0xx_hal_flash.o
HAL_FLASH_Lock                                    build/stm32f0xx_hal_flash.o
HAL_FLASH_OB_Launch                               build/stm32f0xx_hal_flash.o
HAL_FLASH_OB_Lock                                 build/stm32f0xx_hal_flash.o
HAL_FLASH_OB_Unlock                               build/stm32f0xx_hal_flash.o
HAL_FLASH_OperationErrorCallback                  build/stm32f0xx_hal_flash.o
HAL_FLASH_Program                                 build/stm32f0xx_hal_flash.o
HAL_FLASH_Program_IT                              build/stm32f0xx_hal_flash.o
HAL_FLASH_Unlock                                  build/stm32f0xx_hal_flash.o
HAL_GPIO_DeInit                                   build/stm32f0xx_hal_gpio.o
                                                  build/stm32f0xx_hal_msp.o
HAL_GPIO_EXTI_Callback                            build/stm32f0xx_hal_gpio.o
HAL_GPIO_EXTI_IRQHandler                          build/stm32f0xx_hal_gpio.o
HAL_GPIO_Init                                     build/stm32f0xx_hal_gpio.o
                                                  build/stm32f0xx_hal_rcc.o
                                                  build/stm32f0xx_hal_msp.o
                                                  build/main.o
HAL_GPIO_LockPin                                  build/stm32f0xx_hal_gpio.o
HAL_GPIO_ReadPin                                  build/stm32f0xx_hal_gpio.o
HAL_GPIO_TogglePin                                build/stm32f0xx_hal_gpio.o
HAL_GPIO_WritePin                                 build/stm32f0xx_hal_gpio.o
                                                  build/main.o
HAL_GetDEVID                                      build/stm32f0xx_hal.o
HAL_GetHalVersion                                 build/stm32f0xx_hal.o
HAL_GetREVID                                      build/stm32f0xx_hal.o
HAL_GetTick                                       build/stm32f0xx_hal.o
                                                  build/stm32f0xx_hal_uart_ex.o
                                                  build/stm32f0xx_hal_uart.o
                                                  build/stm32f0xx_hal_flash.o
                                                  build/stm32f0xx_hal_dma.o
                                                  build/stm32f0xx_hal_i2c.o
                                                  build/stm32f0xx_hal_rcc_ex.o
                                                  build/stm32f0xx_hal_rcc.o
                                                  build/stm32f0xx_hal_adc_ex.o
                                                  build/stm32f0xx_hal_adc.o
HAL_GetTickFreq                                   build/stm32f0xx_hal.o
HAL_GetTickPrio                                   build/stm32f0xx_hal.o
HAL_GetUIDw0                                      build/stm32f0xx_hal.o
HAL_GetUIDw1                                      build/stm32f0xx_hal.o
HAL_GetUIDw2                                      build/stm32f0xx_hal.o
HAL_HalfDuplex_EnableReceiver                     build/stm32f0xx_hal_uart.o
HAL_HalfDuplex_EnableTransmitter                  build/stm32f0xx_hal_uart.o
HAL_HalfDuplex_Init                               build/stm32f0xx_hal_uart.o
HAL_I2CEx_ConfigAnalogFilter                      build/stm32f0xx_hal_i2c_ex.o
HAL_I2CEx_ConfigDigitalFilter                     build/stm32f0xx_hal_i2c_ex.o
HAL_I2CEx_DisableFastModePlus                     build/stm32f0xx_hal_i2c_ex.o
HAL_I2CEx_DisableWakeUp                           build/stm32f0xx_hal_i2c_ex.o
HAL_I2CEx_EnableFastModePlus                      build/stm32f0xx_hal_i2c_ex.o
HAL_I2CEx_EnableWakeUp                            build/stm32f0xx_hal_i2c_ex.o
HAL_I2C_AbortCpltCallback                         build/stm32f0xx_hal_i2c.o
HAL_I2C_AddrCallback                              build/stm32f0xx_hal_i2c.o
HAL_I2C_DeInit                                    build/stm32f0xx_hal_i2c.o
HAL_I2C_DisableListen_IT                          build/stm32f0xx_hal_i2c.o
HAL_I2C_ER_IRQHandler                             build/stm32f0xx_hal_i2c.o
HAL_I2C_EV_IRQHandler                             build/stm32f0xx_hal_i2c.o
HAL_I2C_EnableListen_IT                           build/stm32f0xx_hal_i2c.o
HAL_I2C_ErrorCallback                             build/stm32f0xx_hal_i2c.o
HAL_I2C_GetError                                  build/stm32f0xx_hal_i2c.o
HAL_I2C_GetMode                                   build/stm32f0xx_hal_i2c.o
HAL_I2C_GetState                                  build/stm32f0xx_hal_i2c.o
HAL_I2C_Init                                      build/stm32f0xx_hal_i2c.o
HAL_I2C_IsDeviceReady                             build/stm32f0xx_hal_i2c.o
HAL_I2C_ListenCpltCallback                        build/stm32f0xx_hal_i2c.o
HAL_I2C_MasterRxCpltCallback                      build/stm32f0xx_hal_i2c.o
HAL_I2C_MasterTxCpltCallback                      build/stm32f0xx_hal_i2c.o
HAL_I2C_Master_Abort_IT                           build/stm32f0xx_hal_i2c.o
HAL_I2C_Master_Receive                            build/stm32f0xx_hal_i2c.o
HAL_I2C_Master_Receive_DMA                        build/stm32f0xx_hal_i2c.o
HAL_I2C_Master_Receive_IT                         build/stm32f0xx_hal_i2c.o
HAL_I2C_Master_Seq_Receive_DMA                    build/stm32f0xx_hal_i2c.o
HAL_I2C_Master_Seq_Receive_IT                     build/stm32f0xx_hal_i2c.o
HAL_I2C_Master_Seq_Transmit_DMA                   build/stm32f0xx_hal_i2c.o
HAL_I2C_Master_Seq_Transmit_IT                    build/stm32f0xx_hal_i2c.o
HAL_I2C_Master_Transmit                           build/stm32f0xx_hal_i2c.o
HAL_I2C_Master_Transmit_DMA                       build/stm32f0xx_hal_i2c.o
HAL_I2C_Master_Transmit_IT                        build/stm32f0xx_hal_i2c.o
HAL_I2C_MemRxCpltCallback                         build/stm32f0xx_hal_i2c.o
HAL_I2C_MemTxCpltCallback                         build/stm32f0xx_hal_i2c.o
HAL_I2C_Mem_Read                                  build/stm32f0xx_hal_i2c.o
HAL_I2C_Mem_Read_DMA                              build/stm32f0xx_hal_i2c.o
HAL_I2C_Mem_Read_IT                               build/stm32f0xx_hal_i2c.o
HAL_I2C_Mem_Write                                 build/stm32f0xx_hal_i2c.o
HAL_I2C_Mem_Write_DMA                             build/stm32f0xx_hal_i2c.o
HAL_I2C_Mem_Write_IT                              build/stm32f0xx_hal_i2c.o
HAL_I2C_MspDeInit                                 build/stm32f0xx_hal_i2c.o
HAL_I2C_MspInit                                   build/stm32f0xx_hal_i2c.o
HAL_I2C_SlaveRxCpltCallback                       build/stm32f0xx_hal_i2c.o
HAL_I2C_SlaveTxCpltCallback                       build/stm32f0xx_hal_i2c.o
HAL_I2C_Slave_Receive                             build/stm32f0xx_hal_i2c.o
HAL_I2C_Slave_Receive_DMA                         build/stm32f0xx_hal_i2c.o
HAL_I2C_Slave_Receive_IT                          build/stm32f0xx_hal_i2c.o
HAL_I2C_Slave_Seq_Receive_DMA                     build/stm32f0xx_hal_i2c.o
HAL_I2C_Slave_Seq_Receive_IT                      build/stm32f0xx_hal_i2c.o
HAL_I2C_Slave_Seq_Transmit_DMA                    build/stm32f0xx_hal_i2c.o
HAL_I2C_Slave_Seq_Transmit_IT                     build/stm32f0xx_hal_i2c.o
HAL_I2C_Slave_Transmit                            build/stm32f0xx_hal_i2c.o
HAL_I2C_Slave_Transmit_DMA                        build/stm32f0xx_hal_i2c.o
HAL_I2C_Slave_Transmit_IT                         build/stm32f0xx_hal_i2c.o
HAL_IncTick                                       build/stm32f0xx_hal.o
                                                  build/startup_stm32f031x6.o
HAL_Init                                          build/stm32f0xx_hal.o
                                                  build/main.o
HAL_InitTick                                      build/stm32f0xx_hal.o
                                                  build/stm32f0xx_hal_rcc.o
HAL_LIN_Init                                      build/stm32f0xx_hal_uart.o
HAL_LIN_SendBreak                                 build/stm32f0xx_hal_uart.o
HAL_MspDeInit                                     build/stm32f0xx_hal.o
HAL_MspInit                                       build/stm32f0xx_hal_msp.o
HAL_MultiProcessorEx_AddressLength_Set            build/stm32f0xx_hal_uart_ex.o
HAL_MultiProcessor_DisableMuteMode                build/stm32f0xx_hal_uart.o
HAL_MultiProcessor_EnableMuteMode                 build/stm32f0xx_hal_uart.o
HAL_MultiProcessor_EnterMuteMode                  build/stm32f0xx_hal_uart.o
HAL_MultiProcessor_Init                           build/stm32f0xx_hal_uart.o
HAL_NVIC_ClearPendingIRQ                          build/stm32f0xx_hal_cortex.o
HAL_NVIC_DisableIRQ                               build/stm32f0xx_hal_cortex.o
                                                  build/stm32f0xx_hal_msp.o
HAL_NVIC_EnableIRQ                                build/stm32f0xx_hal_cortex.o
                                                  build/stm32f0xx_hal_msp.o
HAL_NVIC_GetPendingIRQ                            build/stm32f0xx_hal_cortex.o
HAL_NVIC_GetPriority                              build/stm32f0xx_hal_cortex.o
HAL_NVIC_SetPendingIRQ                            build/stm32f0xx_hal_cortex.o
HAL_NVIC_SetPriority                              build/stm32f0xx_hal_cortex.o
                                                  build/stm32f0xx_hal.o
                                                  build/stm32f0xx_hal_msp.o
HAL_NVIC_SystemReset                              build/stm32f0xx_hal_cortex.o
HAL_PWR_ConfigPVD                                 build/stm32f0xx_hal_pwr_ex.o
HAL_PWR_DeInit                                    build/stm32f0xx_hal_pwr.o
HAL_PWR_DisableBkUpAccess                         build/stm32f0xx_hal_pwr.o
HAL_PWR_DisablePVD                                build/stm32f0xx_hal_pwr_ex.o
HAL_PWR_DisableSEVOnPend                          build/stm32f0xx_hal_pwr.o
HAL_PWR_DisableSleepOnExit                        build/stm32f0xx_hal_pwr.o
HAL_PWR_DisableWakeUpPin                          build/stm32f0xx_hal_pwr.o
HAL_PWR_EnableBkUpAccess                          build/stm32f0xx_hal_pwr.o
HAL_PWR_EnablePVD                                 build/stm32f0xx_hal_pwr_ex.o
HAL_PWR_EnableSEVOnPend                           build/stm32f0xx_hal_pwr.o
HAL_PWR_EnableSleepOnExit                         build/stm32f0xx_hal_pwr.o
HAL_PWR_EnableWakeUpPin                           build/stm32f0xx_hal_pwr.o
HAL_PWR_EnterSLEEPMode                            build/stm32f0xx_hal_pwr.o
HAL_PWR_EnterSTANDBYMode                          build/stm32f0xx_hal_pwr.o
HAL_PWR_EnterSTOPMode                             build/stm32f0xx_hal_pwr.o
HAL_PWR_PVDCallback                               build/stm32f0xx_hal_pwr_ex.o
HAL_PWR_PVD_IRQHandler                            build/stm32f0xx_hal_pwr_ex.o
HAL_RCCEx_GetPeriphCLKConfig                      build/stm32f0xx_hal_rcc_ex.o
HAL_RCCEx_GetPeriphCLKFreq                        build/stm32f0xx_hal_rcc_ex.o
HAL_RCCEx_PeriphCLKConfig                         build/stm32f0xx_hal_rcc_ex.o
                                                  build/main.o
HAL_RCC_CSSCallback                               build/stm32f0xx_hal_rcc.o
HAL_RCC_ClockConfig                               build/stm32f0xx_hal_rcc.o
                                                  build/main.o
HAL_RCC_DeInit                                    build/stm32f0xx_hal_rcc.o
HAL_RCC_DisableCSS                                build/stm32f0xx_hal_rcc.o
HAL_RCC_EnableCSS                                 build/stm32f0xx_hal_rcc.o
HAL_RCC_GetClockConfig                            build/stm32f0xx_hal_rcc.o
HAL_RCC_GetHCLKFreq                               build/stm32f0xx_hal_rcc.o
HAL_RCC_GetOscConfig                              build/stm32f0xx_hal_rcc.o
HAL_RCC_GetPCLK1Freq                              build/stm32f0xx_hal_rcc.o
                                                  build/stm32f0xx_hal_uart.o
                                                  build/stm32f0xx_hal_rcc_ex.o
HAL_RCC_GetSysClockFreq                           build/stm32f0xx_hal_rcc.o
                                                  build/stm32f0xx_hal_uart.o
                                                  build/stm32f0xx_hal_rcc_ex.o
HAL_RCC_MCOConfig                                 build/stm32f0xx_hal_rcc.o
HAL_RCC_NMI_IRQHandler                            build/stm32f0xx_hal_rcc.o
HAL_RCC_OscConfig                                 build/stm32f0xx_hal_rcc.o
                                                  build/main.o
HAL_RS485Ex_Init                                  build/stm32f0xx_hal_uart_ex.o
HAL_ResumeTick                                    build/stm32f0xx_hal.o
HAL_SYSTICK_CLKSourceConfig                       build/stm32f0xx_hal_cortex.o
HAL_SYSTICK_Callback                              build/stm32f0xx_hal_cortex.o
HAL_SYSTICK_Config                                build/stm32f0xx_hal_cortex.o
                                                  build/stm32f0xx_hal.o
HAL_SYSTICK_IRQHandler                            build/stm32f0xx_hal_cortex.o
HAL_SetTickFreq                                   build/stm32f0xx_hal.o
HAL_SuspendTick                                   build/stm32f0xx_hal.o
HAL_TIMEx_BreakCallback                           build/stm32f0xx_hal_tim_ex.o
                                                  build/stm32f0xx_hal_tim.o
HAL_TIMEx_CommutCallback                          build/stm32f0xx_hal_tim_ex.o
                                                  build/stm32f0xx_hal_tim.o
HAL_TIMEx_CommutHalfCpltCallback                  build/stm32f0xx_hal_tim_ex.o
                                                  build/stm32f0xx_hal_tim.o
HAL_TIMEx_ConfigBreakDeadTime                     build/stm32f0xx_hal_tim_ex.o
                                                  build/main.o
HAL_TIMEx_ConfigCommutEvent                       build/stm32f0xx_hal_tim_ex.o
HAL_TIMEx_ConfigCommutEvent_DMA                   build/stm32f0xx_hal_tim_ex.o
HAL_TIMEx_ConfigCommutEvent_IT                    build/stm32f0xx_hal_tim_ex.o
HAL_TIMEx_GetChannelNState                        build/stm32f0xx_hal_tim_ex.o
HAL_TIMEx_HallSensor_DeInit                       build/stm32f0xx_hal_tim_ex.o
HAL_TIMEx_HallSensor_GetState                     build/stm32f0xx_hal_tim_ex.o
HAL_TIMEx_HallSensor_Init                         build/stm32f0xx_hal_tim_ex.o
                                                  build/main.o
HAL_TIMEx_HallSensor_MspDeInit                    build/stm32f0xx_hal_tim_ex.o
                                                  build/stm32f0xx_hal_tim.o
HAL_TIMEx_HallSensor_MspInit                      build/stm32f0xx_hal_tim_ex.o
                                                  build/stm32f0xx_hal_tim.o
HAL_TIMEx_HallSensor_Start                        build/stm32f0xx_hal_tim_ex.o
HAL_TIMEx_HallSensor_Start_DMA                    build/stm32f0xx_hal_tim_ex.o
HAL_TIMEx_HallSensor_Start_IT                     build/stm32f0xx_hal_tim_ex.o
HAL_TIMEx_HallSensor_Stop                         build/stm32f0xx_hal_tim_ex.o
HAL_TIMEx_HallSensor_Stop_DMA                     build/stm32f0xx_hal_tim_ex.o
HAL_TIMEx_HallSensor_Stop_IT                      build/stm32f0xx_hal_tim_ex.o
HAL_TIMEx_MasterConfigSynchronization             build/stm32f0xx_hal_tim_ex.o
                                                  build/main.o
HAL_TIMEx_OCN_Start                               build/stm32f0xx_hal_tim_ex.o
HAL_TIMEx_OCN_Start_DMA                           build/stm32f0xx_hal_tim_ex.o
HAL_TIMEx_OCN_Start_IT                            build/stm32f0xx_hal_tim_ex.o
HAL_TIMEx_OCN_Stop                                build/stm32f0xx_hal_tim_ex.o
HAL_TIMEx_OCN_Stop_DMA                            build/stm32f0xx_hal_tim_ex.o
HAL_TIMEx_OCN_Stop_IT                             build/stm32f0xx_hal_tim_ex.o
HAL_TIMEx_OnePulseN_Start                         build/stm32f0xx_hal_tim_ex.o
HAL_TIMEx_OnePulseN_Start_IT                      build/stm32f0xx_hal_tim_ex.o
HAL_TIMEx_OnePulseN_Stop                          build/stm32f0xx_hal_tim_ex.o
HAL_TIMEx_OnePulseN_Stop_IT                       build/stm32f0xx_hal_tim_ex.o
HAL_TIMEx_PWMN_Start                              build/stm32f0xx_hal_tim_ex.o
HAL_TIMEx_PWMN_Start_DMA                          build/stm32f0xx_hal_tim_ex.o
HAL_TIMEx_PWMN_Start_IT                           build/stm32f0xx_hal_tim_ex.o
HAL_TIMEx_PWMN_Stop                               build/stm32f0xx_hal_tim_ex.o
HAL_TIMEx_PWMN_Stop_DMA                           build/stm32f0xx_hal_tim_ex.o
HAL_TIMEx_PWMN_Stop_IT                            build/stm32f0xx_hal_tim_ex.o
HAL_TIMEx_RemapConfig                             build/stm32f0xx_hal_tim_ex.o
HAL_TIM_Base_DeInit                               build/stm32f0xx_hal_tim.o
HAL_TIM_Base_GetState                             build/stm32f0xx_hal_tim.o
HAL_TIM_Base_Init                                 build/stm32f0xx_hal_tim.o
                                                  build/main.o
HAL_TIM_Base_MspDeInit                            build/stm32f0xx_hal_msp.o
HAL_TIM_Base_MspInit                              build/stm32f0xx_hal_msp.o
HAL_TIM_Base_Start                                build/stm32f0xx_hal_tim.o
HAL_TIM_Base_Start_DMA                            build/stm32f0xx_hal_tim.o
HAL_TIM_Base_Start_IT                             build/stm32f0xx_hal_tim.o
                                                  build/main.o
HAL_TIM_Base_Stop                                 build/stm32f0xx_hal_tim.o
HAL_TIM_Base_Stop_DMA                             build/stm32f0xx_hal_tim.o
HAL_TIM_Base_Stop_IT                              build/stm32f0xx_hal_tim.o
HAL_TIM_ConfigClockSource                         build/stm32f0xx_hal_tim.o
                                                  build/main.o
HAL_TIM_ConfigOCrefClear                          build/stm32f0xx_hal_tim.o
HAL_TIM_ConfigTI1Input                            build/stm32f0xx_hal_tim.o
HAL_TIM_DMABurstState                             build/stm32f0xx_hal_tim.o
HAL_TIM_DMABurst_MultiReadStart                   build/stm32f0xx_hal_tim.o
HAL_TIM_DMABurst_MultiWriteStart                  build/stm32f0xx_hal_tim.o
HAL_TIM_DMABurst_ReadStart                        build/stm32f0xx_hal_tim.o
HAL_TIM_DMABurst_ReadStop                         build/stm32f0xx_hal_tim.o
HAL_TIM_DMABurst_WriteStart                       build/stm32f0xx_hal_tim.o
HAL_TIM_DMABurst_WriteStop                        build/stm32f0xx_hal_tim.o
HAL_TIM_Encoder_DeInit                            build/stm32f0xx_hal_tim.o
HAL_TIM_Encoder_GetState                          build/stm32f0xx_hal_tim.o
HAL_TIM_Encoder_Init                              build/stm32f0xx_hal_tim.o
                                                  build/main.o
HAL_TIM_Encoder_MspDeInit                         build/stm32f0xx_hal_msp.o
HAL_TIM_Encoder_MspInit                           build/stm32f0xx_hal_msp.o
HAL_TIM_Encoder_Start                             build/stm32f0xx_hal_tim.o
HAL_TIM_Encoder_Start_DMA                         build/stm32f0xx_hal_tim.o
HAL_TIM_Encoder_Start_IT                          build/stm32f0xx_hal_tim.o
HAL_TIM_Encoder_Stop                              build/stm32f0xx_hal_tim.o
HAL_TIM_Encoder_Stop_DMA                          build/stm32f0xx_hal_tim.o
HAL_TIM_Encoder_Stop_IT                           build/stm32f0xx_hal_tim.o
HAL_TIM_ErrorCallback                             build/stm32f0xx_hal_tim.o
HAL_TIM_GenerateEvent                             build/stm32f0xx_hal_tim.o
HAL_TIM_GetActiveChannel                          build/stm32f0xx_hal_tim.o
HAL_TIM_GetChannelState                           build/stm32f0xx_hal_tim.o
HAL_TIM_IC_CaptureCallback                        build/stm32f0xx_hal_tim.o
HAL_TIM_IC_CaptureHalfCpltCallback                build/stm32f0xx_hal_tim.o
HAL_TIM_IC_ConfigChannel                          build/stm32f0xx_hal_tim.o
HAL_TIM_IC_DeInit                                 build/stm32f0xx_hal_tim.o
HAL_TIM_IC_GetState                               build/stm32f0xx_hal_tim.o
HAL_TIM_IC_Init                                   build/stm32f0xx_hal_tim.o
HAL_TIM_IC_MspDeInit                              build/stm32f0xx_hal_tim.o
HAL_TIM_IC_MspInit                                build/stm32f0xx_hal_tim.o
HAL_TIM_IC_Start                                  build/stm32f0xx_hal_tim.o
HAL_TIM_IC_Start_DMA                              build/stm32f0xx_hal_tim.o
HAL_TIM_IC_Start_IT                               build/stm32f0xx_hal_tim.o
HAL_TIM_IC_Stop                                   build/stm32f0xx_hal_tim.o
HAL_TIM_IC_Stop_DMA                               build/stm32f0xx_hal_tim.o
HAL_TIM_IC_Stop_IT                                build/stm32f0xx_hal_tim.o
HAL_TIM_IRQHandler                                build/stm32f0xx_hal_tim.o
                                                  build/startup_stm32f031x6.o
HAL_TIM_MspPostInit                               build/stm32f0xx_hal_msp.o
                                                  build/main.o
HAL_TIM_OC_ConfigChannel                          build/stm32f0xx_hal_tim.o
                                                  build/main.o
HAL_TIM_OC_DeInit                                 build/stm32f0xx_hal_tim.o
HAL_TIM_OC_DelayElapsedCallback                   build/stm32f0xx_hal_tim.o
HAL_TIM_OC_GetState                               build/stm32f0xx_hal_tim.o
HAL_TIM_OC_Init                                   build/stm32f0xx_hal_tim.o
                                                  build/main.o
HAL_TIM_OC_MspDeInit                              build/stm32f0xx_hal_msp.o
HAL_TIM_OC_MspInit                                build/stm32f0xx_hal_msp.o
HAL_TIM_OC_Start                                  build/stm32f0xx_hal_tim.o
HAL_TIM_OC_Start_DMA                              build/stm32f0xx_hal_tim.o
HAL_TIM_OC_Start_IT                               build/stm32f0xx_hal_tim.o
HAL_TIM_OC_Stop                                   build/stm32f0xx_hal_tim.o
HAL_TIM_OC_Stop_DMA                               build/stm32f0xx_hal_tim.o
HAL_TIM_OC_Stop_IT                                build/stm32f0xx_hal_tim.o
HAL_TIM_OnePulse_ConfigChannel                    build/stm32f0xx_hal_tim.o
HAL_TIM_OnePulse_DeInit                           build/stm32f0xx_hal_tim.o
HAL_TIM_OnePulse_GetState                         build/stm32f0xx_hal_tim.o
HAL_TIM_OnePulse_Init                             build/stm32f0xx_hal_tim.o
HAL_TIM_OnePulse_MspDeInit                        build/stm32f0xx_hal_tim.o
HAL_TIM_OnePulse_MspInit                          build/stm32f0xx_hal_tim.o
HAL_TIM_OnePulse_Start                            build/stm32f0xx_hal_tim.o
HAL_TIM_OnePulse_Start_IT                         build/stm32f0xx_hal_tim.o
HAL_TIM_OnePulse_Stop                             build/stm32f0xx_hal_tim.o
HAL_TIM_OnePulse_Stop_IT                          build/stm32f0xx_hal_tim.o
HAL_TIM_PWM_ConfigChannel                         build/stm32f0xx_hal_tim.o
HAL_TIM_PWM_DeInit                                build/stm32f0xx_hal_tim.o
HAL_TIM_PWM_GetState                              build/stm32f0xx_hal_tim.o
HAL_TIM_PWM_Init                                  build/stm32f0xx_hal_tim.o
HAL_TIM_PWM_MspDeInit                             build/stm32f0xx_hal_tim.o
HAL_TIM_PWM_MspInit                               build/stm32f0xx_hal_tim.o
HAL_TIM_PWM_PulseFinishedCallback                 build/stm32f0xx_hal_tim.o
HAL_TIM_PWM_PulseFinishedHalfCpltCallback         build/stm32f0xx_hal_tim.o
HAL_TIM_PWM_Start                                 build/stm32f0xx_hal_tim.o
HAL_TIM_PWM_Start_DMA                             build/stm32f0xx_hal_tim.o
HAL_TIM_PWM_Start_IT                              build/stm32f0xx_hal_tim.o
HAL_TIM_PWM_Stop                                  build/stm32f0xx_hal_tim.o
HAL_TIM_PWM_Stop_DMA                              build/stm32f0xx_hal_tim.o
HAL_TIM_PWM_Stop_IT                               build/stm32f0xx_hal_tim.o
HAL_TIM_PeriodElapsedCallback                     build/stm32f0xx_it.o
HAL_TIM_PeriodElapsedHalfCpltCallback             build/stm32f0xx_hal_tim.o
HAL_TIM_ReadCapturedValue                         build/stm32f0xx_hal_tim.o
HAL_TIM_RegisterCallback                          build/stm32f0xx_hal_tim.o
HAL_TIM_SlaveConfigSynchro                        build/stm32f0xx_hal_tim.o
HAL_TIM_SlaveConfigSynchro_IT                     build/stm32f0xx_hal_tim.o
HAL_TIM_TriggerCallback                           build/stm32f0xx_hal_tim.o
HAL_TIM_TriggerHalfCpltCallback                   build/stm32f0xx_hal_tim.o
HAL_TIM_UnRegisterCallback                        build/stm32f0xx_hal_tim.o
HAL_UARTEx_DisableStopMode                        build/stm32f0xx_hal_uart_ex.o
HAL_UARTEx_EnableStopMode                         build/stm32f0xx_hal_uart_ex.o
HAL_UARTEx_ReceiveToIdle                          build/stm32f0xx_hal_uart_ex.o
HAL_UARTEx_ReceiveToIdle_DMA                      build/stm32f0xx_hal_uart_ex.o
HAL_UARTEx_ReceiveToIdle_IT                       build/stm32f0xx_hal_uart_ex.o
HAL_UARTEx_RxEventCallback                        build/stm32f0xx_hal_uart.o
HAL_UARTEx_StopModeWakeUpSourceConfig             build/stm32f0xx_hal_uart_ex.o
HAL_UARTEx_WakeupCallback                         build/stm32f0xx_hal_uart_ex.o
                                                  build/stm32f0xx_hal_uart.o
HAL_UART_Abort                                    build/stm32f0xx_hal_uart.o
HAL_UART_AbortCpltCallback                        build/stm32f0xx_hal_uart.o
HAL_UART_AbortReceive                             build/stm32f0xx_hal_uart.o
HAL_UART_AbortReceiveCpltCallback                 build/stm32f0xx_hal_uart.o
HAL_UART_AbortReceive_IT                          build/stm32f0xx_hal_uart.o
HAL_UART_AbortTransmit                            build/stm32f0xx_hal_uart.o
HAL_UART_AbortTransmitCpltCallback                build/stm32f0xx_hal_uart.o
HAL_UART_AbortTransmit_IT                         build/stm32f0xx_hal_uart.o
HAL_UART_Abort_IT                                 build/stm32f0xx_hal_uart.o
HAL_UART_DMAPause                                 build/stm32f0xx_hal_uart.o
HAL_UART_DMAResume                                build/stm32f0xx_hal_uart.o
HAL_UART_DMAStop                                  build/stm32f0xx_hal_uart.o
HAL_UART_DeInit                                   build/stm32f0xx_hal_uart.o
HAL_UART_DisableReceiverTimeout                   build/stm32f0xx_hal_uart.o
HAL_UART_EnableReceiverTimeout                    build/stm32f0xx_hal_uart.o
HAL_UART_ErrorCallback                            build/stm32f0xx_hal_uart.o
HAL_UART_GetError                                 build/stm32f0xx_hal_uart.o
HAL_UART_GetState                                 build/stm32f0xx_hal_uart.o
HAL_UART_IRQHandler                               build/stm32f0xx_hal_uart.o
HAL_UART_Init                                     build/stm32f0xx_hal_uart.o
                                                  build/main.o
HAL_UART_MspDeInit                                build/stm32f0xx_hal_msp.o
HAL_UART_MspInit                                  build/stm32f0xx_hal_msp.o
                                                  build/stm32f0xx_hal_uart_ex.o
HAL_UART_Receive                                  build/stm32f0xx_hal_uart.o
HAL_UART_Receive_DMA                              build/stm32f0xx_hal_uart.o
HAL_UART_Receive_IT                               build/stm32f0xx_hal_uart.o
HAL_UART_ReceiverTimeout_Config                   build/stm32f0xx_hal_uart.o
HAL_UART_RxCpltCallback                           build/stm32f0xx_hal_uart.o
HAL_UART_RxHalfCpltCallback                       build/stm32f0xx_hal_uart.o
HAL_UART_Transmit                                 build/stm32f0xx_hal_uart.o
HAL_UART_Transmit_DMA                             build/stm32f0xx_hal_uart.o
HAL_UART_Transmit_IT                              build/stm32f0xx_hal_uart.o
HAL_UART_TxCpltCallback                           build/stm32f0xx_hal_uart.o
HAL_UART_TxHalfCpltCallback                       build/stm32f0xx_hal_uart.o
HardFault_Handler                                 build/startup_stm32f031x6.o
I2C1_IRQHandler                                   build/startup_stm32f031x6.o
NMI_Handler                                       build/startup_stm32f031x6.o
Os_Get_Tick_100us                                 build/os.o
Os_Handler                                        build/os.o
                                                  build/main.o
Os_Handler_10ms                                   build/os.o
                                                  build/stm32f0xx_it.o
Os_Handler_1ms                                    build/os.o
                                                  build/startup_stm32f031x6.o
Os_Handler_5ms                                    build/os.o
                                                  build/stm32f0xx_it.o
Os_Init_Task                                      build/os.o
                                                  build/main.o
Os_Time_Handler                                   build/os.o
                                                  build/stm32f0xx_it.o
Os_Var                                            build/os.o
PVD_IRQHandler                                    build/startup_stm32f031x6.o
PendSV_Handler                                    build/startup_stm32f031x6.o
RCC_IRQHandler                                    build/startup_stm32f031x6.o
RTC_IRQHandler                                    build/startup_stm32f031x6.o
Reset_Handler                                     build/startup_stm32f031x6.o
SPI1_IRQHandler                                   build/startup_stm32f031x6.o
SVC_Handler                                       build/startup_stm32f031x6.o
SysTick_Handler                                   build/startup_stm32f031x6.o
SystemClock_Config                                build/main.o
SystemCoreClock                                   build/system_stm32f0xx.o
                                                  build/stm32f0xx_hal.o
                                                  build/stm32f0xx_hal_rcc.o
                                                  build/stm32f0xx_hal_adc.o
SystemCoreClockUpdate                             build/system_stm32f0xx.o
SystemInit                                        build/system_stm32f0xx.o
                                                  build/startup_stm32f031x6.o
SystemTick_Handler                                build/startup_stm32f031x6.o
TIM14_Handler                                     build/startup_stm32f031x6.o
TIM14_IRQHandler                                  build/startup_stm32f031x6.o
TIM16_Handler                                     build/startup_stm32f031x6.o
TIM16_IRQHandler                                  build/startup_stm32f031x6.o
TIM17_Handler                                     build/startup_stm32f031x6.o
TIM17_IRQHandler                                  build/startup_stm32f031x6.o
TIM1_BRK_UP_TRG_COM_IRQHandler                    build/startup_stm32f031x6.o
TIM1_CC_IRQHandler                                build/startup_stm32f031x6.o
TIM2_IRQHandler                                   build/startup_stm32f031x6.o
TIM3_IRQHandler                                   build/startup_stm32f031x6.o
TIMEx_DMACommutationCplt                          build/stm32f0xx_hal_tim_ex.o
                                                  build/stm32f0xx_hal_tim.o
TIMEx_DMACommutationHalfCplt                      build/stm32f0xx_hal_tim_ex.o
                                                  build/stm32f0xx_hal_tim.o
TIM_Base_SetConfig                                build/stm32f0xx_hal_tim.o
                                                  build/stm32f0xx_hal_tim_ex.o
TIM_CCxChannelCmd                                 build/stm32f0xx_hal_tim.o
                                                  build/stm32f0xx_hal_tim_ex.o
TIM_DMACaptureCplt                                build/stm32f0xx_hal_tim.o
                                                  build/stm32f0xx_hal_tim_ex.o
TIM_DMACaptureHalfCplt                            build/stm32f0xx_hal_tim.o
                                                  build/stm32f0xx_hal_tim_ex.o
TIM_DMADelayPulseHalfCplt                         build/stm32f0xx_hal_tim.o
                                                  build/stm32f0xx_hal_tim_ex.o
TIM_DMAError                                      build/stm32f0xx_hal_tim.o
                                                  build/stm32f0xx_hal_tim_ex.o
TIM_ETR_SetConfig                                 build/stm32f0xx_hal_tim.o
TIM_OC2_SetConfig                                 build/stm32f0xx_hal_tim.o
                                                  build/stm32f0xx_hal_tim_ex.o
TIM_ResetCallback                                 build/stm32f0xx_hal_tim.o
                                                  build/stm32f0xx_hal_tim_ex.o
TIM_TI1_SetConfig                                 build/stm32f0xx_hal_tim.o
                                                  build/stm32f0xx_hal_tim_ex.o
UART_AdvFeatureConfig                             build/stm32f0xx_hal_uart.o
                                                  build/stm32f0xx_hal_uart_ex.o
UART_CheckIdleState                               build/stm32f0xx_hal_uart.o
                                                  build/stm32f0xx_hal_uart_ex.o
UART_SetConfig                                    build/stm32f0xx_hal_uart.o
                                                  build/stm32f0xx_hal_uart_ex.o
UART_Start_Receive_DMA                            build/stm32f0xx_hal_uart.o
                                                  build/stm32f0xx_hal_uart_ex.o
UART_Start_Receive_IT                             build/stm32f0xx_hal_uart.o
                                                  build/stm32f0xx_hal_uart_ex.o
UART_WaitOnFlagUntilTimeout                       build/stm32f0xx_hal_uart.o
                                                  build/stm32f0xx_hal_uart_ex.o
USART1_IRQHandler                                 build/startup_stm32f031x6.o
VectorTable                                       build/startup_stm32f031x6.o
WWDG_IRQHandler                                   build/startup_stm32f031x6.o
__aeabi_idiv0                                     d:/3.tools/arm_gcc_toolchain/bin/../lib/gcc/arm-none-eabi/10.3.1/thumb/v6-m/nofp\libgcc.a(_dvmd_tls.o)
                                                  d:/3.tools/arm_gcc_toolchain/bin/../lib/gcc/arm-none-eabi/10.3.1/thumb/v6-m/nofp\libgcc.a(_udivsi3.o)
__aeabi_ldiv0                                     d:/3.tools/arm_gcc_toolchain/bin/../lib/gcc/arm-none-eabi/10.3.1/thumb/v6-m/nofp\libgcc.a(_dvmd_tls.o)
__aeabi_uidiv                                     d:/3.tools/arm_gcc_toolchain/bin/../lib/gcc/arm-none-eabi/10.3.1/thumb/v6-m/nofp\libgcc.a(_udivsi3.o)
                                                  build/system_stm32f0xx.o
                                                  build/stm32f0xx_hal_uart.o
                                                  build/stm32f0xx_hal_dma.o
                                                  build/stm32f0xx_hal.o
                                                  build/stm32f0xx_hal_rcc.o
                                                  build/stm32f0xx_hal_adc.o
__aeabi_uidivmod                                  d:/3.tools/arm_gcc_toolchain/bin/../lib/gcc/arm-none-eabi/10.3.1/thumb/v6-m/nofp\libgcc.a(_udivsi3.o)
                                                  build/os.o
__bss_end__                                       d:/3.tools/arm_gcc_toolchain/bin/../lib/gcc/arm-none-eabi/10.3.1/../../../../arm-none-eabi/lib/thumb/v6-m/nofp/crt0.o
__bss_start__                                     d:/3.tools/arm_gcc_toolchain/bin/../lib/gcc/arm-none-eabi/10.3.1/../../../../arm-none-eabi/lib/thumb/v6-m/nofp/crt0.o
__call_exitprocs                                  d:/3.tools/arm_gcc_toolchain/bin/../lib/gcc/arm-none-eabi/10.3.1/../../../../arm-none-eabi/lib/thumb/v6-m/nofp\libc_nano.a(lib_a-exit.o)
__deregister_frame_info                           d:/3.tools/arm_gcc_toolchain/bin/../lib/gcc/arm-none-eabi/10.3.1/thumb/v6-m/nofp/crtbegin.o
__dso_handle                                      d:/3.tools/arm_gcc_toolchain/bin/../lib/gcc/arm-none-eabi/10.3.1/thumb/v6-m/nofp/crtbegin.o
__init_array_end                                  d:/3.tools/arm_gcc_toolchain/bin/../lib/gcc/arm-none-eabi/10.3.1/../../../../arm-none-eabi/lib/thumb/v6-m/nofp\libc_nano.a(lib_a-init.o)
__init_array_start                                d:/3.tools/arm_gcc_toolchain/bin/../lib/gcc/arm-none-eabi/10.3.1/../../../../arm-none-eabi/lib/thumb/v6-m/nofp\libc_nano.a(lib_a-init.o)
__libc_fini_array                                 d:/3.tools/arm_gcc_toolchain/bin/../lib/gcc/arm-none-eabi/10.3.1/../../../../arm-none-eabi/lib/thumb/v6-m/nofp/crt0.o
__libc_init_array                                 d:/3.tools/arm_gcc_toolchain/bin/../lib/gcc/arm-none-eabi/10.3.1/../../../../arm-none-eabi/lib/thumb/v6-m/nofp\libc_nano.a(lib_a-init.o)
                                                  build/startup_stm32f031x6.o
                                                  d:/3.tools/arm_gcc_toolchain/bin/../lib/gcc/arm-none-eabi/10.3.1/../../../../arm-none-eabi/lib/thumb/v6-m/nofp/crt0.o
__preinit_array_end                               d:/3.tools/arm_gcc_toolchain/bin/../lib/gcc/arm-none-eabi/10.3.1/../../../../arm-none-eabi/lib/thumb/v6-m/nofp\libc_nano.a(lib_a-init.o)
__preinit_array_start                             d:/3.tools/arm_gcc_toolchain/bin/../lib/gcc/arm-none-eabi/10.3.1/../../../../arm-none-eabi/lib/thumb/v6-m/nofp\libc_nano.a(lib_a-init.o)
__register_frame_info                             d:/3.tools/arm_gcc_toolchain/bin/../lib/gcc/arm-none-eabi/10.3.1/thumb/v6-m/nofp/crtbegin.o
__sf_fake_stderr                                  d:/3.tools/arm_gcc_toolchain/bin/../lib/gcc/arm-none-eabi/10.3.1/../../../../arm-none-eabi/lib/thumb/v6-m/nofp\libc_nano.a(lib_a-impure.o)
__sf_fake_stdin                                   d:/3.tools/arm_gcc_toolchain/bin/../lib/gcc/arm-none-eabi/10.3.1/../../../../arm-none-eabi/lib/thumb/v6-m/nofp\libc_nano.a(lib_a-impure.o)
__sf_fake_stdout                                  d:/3.tools/arm_gcc_toolchain/bin/../lib/gcc/arm-none-eabi/10.3.1/../../../../arm-none-eabi/lib/thumb/v6-m/nofp\libc_nano.a(lib_a-impure.o)
__stack                                           d:/3.tools/arm_gcc_toolchain/bin/../lib/gcc/arm-none-eabi/10.3.1/../../../../arm-none-eabi/lib/thumb/v6-m/nofp/crt0.o
__udivsi3                                         d:/3.tools/arm_gcc_toolchain/bin/../lib/gcc/arm-none-eabi/10.3.1/thumb/v6-m/nofp\libgcc.a(_udivsi3.o)
_ebss                                             build/startup_stm32f031x6.o
_edata                                            build/startup_stm32f031x6.o
_estack                                           build/startup_stm32f031x6.o
_exit                                             d:/3.tools/arm_gcc_toolchain/bin/../lib/gcc/arm-none-eabi/10.3.1/../../../../arm-none-eabi/lib/thumb/v6-m/nofp\libnosys.a(_exit.o)
                                                  d:/3.tools/arm_gcc_toolchain/bin/../lib/gcc/arm-none-eabi/10.3.1/../../../../arm-none-eabi/lib/thumb/v6-m/nofp\libc_nano.a(lib_a-exit.o)
_fini                                             d:/3.tools/arm_gcc_toolchain/bin/../lib/gcc/arm-none-eabi/10.3.1/thumb/v6-m/nofp/crti.o
_global_impure_ptr                                d:/3.tools/arm_gcc_toolchain/bin/../lib/gcc/arm-none-eabi/10.3.1/../../../../arm-none-eabi/lib/thumb/v6-m/nofp\libc_nano.a(lib_a-impure.o)
                                                  d:/3.tools/arm_gcc_toolchain/bin/../lib/gcc/arm-none-eabi/10.3.1/../../../../arm-none-eabi/lib/thumb/v6-m/nofp\libc_nano.a(lib_a-exit.o)
_impure_ptr                                       d:/3.tools/arm_gcc_toolchain/bin/../lib/gcc/arm-none-eabi/10.3.1/../../../../arm-none-eabi/lib/thumb/v6-m/nofp\libc_nano.a(lib_a-impure.o)
_init                                             d:/3.tools/arm_gcc_toolchain/bin/../lib/gcc/arm-none-eabi/10.3.1/thumb/v6-m/nofp/crti.o
                                                  d:/3.tools/arm_gcc_toolchain/bin/../lib/gcc/arm-none-eabi/10.3.1/../../../../arm-none-eabi/lib/thumb/v6-m/nofp\libc_nano.a(lib_a-init.o)
_mainCRTStartup                                   d:/3.tools/arm_gcc_toolchain/bin/../lib/gcc/arm-none-eabi/10.3.1/../../../../arm-none-eabi/lib/thumb/v6-m/nofp/crt0.o
_sbss                                             build/startup_stm32f031x6.o
_sdata                                            build/startup_stm32f031x6.o
_sidata                                           build/startup_stm32f031x6.o
_stack_init                                       d:/3.tools/arm_gcc_toolchain/bin/../lib/gcc/arm-none-eabi/10.3.1/../../../../arm-none-eabi/lib/thumb/v6-m/nofp/crt0.o
_start                                            d:/3.tools/arm_gcc_toolchain/bin/../lib/gcc/arm-none-eabi/10.3.1/../../../../arm-none-eabi/lib/thumb/v6-m/nofp/crt0.o
atexit                                            d:/3.tools/arm_gcc_toolchain/bin/../lib/gcc/arm-none-eabi/10.3.1/../../../../arm-none-eabi/lib/thumb/v6-m/nofp/crt0.o
exit                                              d:/3.tools/arm_gcc_toolchain/bin/../lib/gcc/arm-none-eabi/10.3.1/../../../../arm-none-eabi/lib/thumb/v6-m/nofp\libc_nano.a(lib_a-exit.o)
                                                  d:/3.tools/arm_gcc_toolchain/bin/../lib/gcc/arm-none-eabi/10.3.1/../../../../arm-none-eabi/lib/thumb/v6-m/nofp/crt0.o
hadc                                              build/main.o
hardware_init_hook                                d:/3.tools/arm_gcc_toolchain/bin/../lib/gcc/arm-none-eabi/10.3.1/../../../../arm-none-eabi/lib/thumb/v6-m/nofp/crt0.o
htim1                                             build/main.o
htim14                                            build/main.o
                                                  build/startup_stm32f031x6.o
htim16                                            build/main.o
                                                  build/startup_stm32f031x6.o
htim17                                            build/main.o
                                                  build/startup_stm32f031x6.o
htim2                                             build/main.o
htim3                                             build/main.o
huart1                                            build/main.o
main                                              build/main.o
                                                  build/startup_stm32f031x6.o
                                                  d:/3.tools/arm_gcc_toolchain/bin/../lib/gcc/arm-none-eabi/10.3.1/../../../../arm-none-eabi/lib/thumb/v6-m/nofp/crt0.o
memset                                            d:/3.tools/arm_gcc_toolchain/bin/../lib/gcc/arm-none-eabi/10.3.1/../../../../arm-none-eabi/lib/thumb/v6-m/nofp\libc_nano.a(lib_a-memset.o)
                                                  build/stm32f0xx_hal_msp.o
                                                  build/main.o
                                                  d:/3.tools/arm_gcc_toolchain/bin/../lib/gcc/arm-none-eabi/10.3.1/../../../../arm-none-eabi/lib/thumb/v6-m/nofp/crt0.o
pFlash                                            build/stm32f0xx_hal_flash.o
                                                  build/stm32f0xx_hal_flash_ex.o
software_init_hook                                d:/3.tools/arm_gcc_toolchain/bin/../lib/gcc/arm-none-eabi/10.3.1/../../../../arm-none-eabi/lib/thumb/v6-m/nofp/crt0.o
uwTick                                            build/stm32f0xx_hal.o
uwTickFreq                                        build/stm32f0xx_hal.o
uwTickPrio                                        build/stm32f0xx_hal.o
                                                  build/stm32f0xx_hal_rcc.o
